02-05 01:26:25.843  4272  4396 E ...ls.DeviceTypeHelpers: Cannnot get remove map information even including the calling app itself!
02-05 01:26:25.856  3611  3620 I art     : Background sticky concurrent mark sweep GC freed 172152(6MB) AllocSpace objects, 45(1104KB) LOS objects, 28% free, 17MB/24MB, paused 17.075ms total 575.034ms
02-05 01:26:25.924  4155  4727 V WakeWordService: DecoderID=WakeWordService_input_decoder: recognition_id=WakeWordService_input_decoder-0: scorer: Score upsampling skip count set to fallback: 5
02-05 01:26:25.928  8535  8585 I ...amework.MAPInitTasks: Start update legacy authportal domain in database if needed
02-05 01:26:25.929  8535  8585 W ...h.device.api.MAPInit: AdsIdentity class not found.
02-05 01:26:26.043  8535  8572 I ...gs.app/MetricsHelper: Using the FireOSPlatformDCPMetricsCollector
02-05 01:26:26.043  4614  5647 I AmazonVideo: Ignoring request to report PushNotification event to Pinpoint
02-05 01:26:26.043  4614  5646 I AmazonVideo: Queued PushNotification Analytics Event to Pinpoint
02-05 01:26:26.055  8535  8572 I ...mDCPMetricsCollector: Successfully create FireOSPlatformDCPMetricsCollector.
02-05 01:26:26.081  4155  4727 V WakeWordService: DecoderID=WakeWordService_input_decoder: recognition_id=WakeWordService_input_decoder-0: scorer: Score upsampling skip count set to default: 2
02-05 01:26:26.102  4162  4186 I com.amazon.imp/f[0]: Using the FireOSPlatformDCPMetricsCollector
02-05 01:26:26.103  4162  4186 I ...PMetricsCollector[0]: Successfully create FireOSPlatformDCPMetricsCollector.
02-05 01:26:26.104  4162  4297 I ...auth.attributes.i[0]: COR is empty: false, PFM is empty: false
02-05 01:26:26.104  4162  4297 I ...auth.attributes.i[0]: Current time: 1580883986104 
02-05 01:26:26.104  4162  4297 I ...auth.attributes.i[0]:  cor/pfm last updated time: 1580883914865 
02-05 01:26:26.104  4162  4297 I ...auth.attributes.i[0]:  TTL: 86400000 
02-05 01:26:26.104  4162  4297 I ...auth.attributes.i[0]:  Jitter: -26392482
02-05 01:26:26.104  4162  4297 I ...auth.attributes.i[0]: COR or PFM isn't expired.
02-05 01:26:26.104  4162  4297 I ...auth.attributes.i[0]: COR PFM has already been fetched. Returning current COR/PFM
02-05 01:26:26.105  4162  4297 I ...auth.attributes.p[0]: Callback with value empty: false
02-05 01:26:26.174  3611  4083 E SELinux : avc:  denied  { log_internal_metric } for  scontext=u:r:untrusted_app:s0:c512,c768 tcontext=u:r:system_server:s0 tclass=amazon_policies permissive=0
02-05 01:26:26.175  3611  4083 D ActivityManager: cleanUpApplicationRecord -- 7681
02-05 01:26:26.198  8535  8546 W art     : Suspending all threads took: 34.925ms
02-05 01:26:26.212  3611  3611 D AmazonHdmiService: DisplayStatusCallback onComplete called -1
02-05 01:26:26.217  8535  8579 D NetworkSecurityConfig: No Network Security Config specified, using platform default
02-05 01:26:26.227  8535  8572 I CapabilitiesManagerImpl: Retrieved country of residence: US
02-05 01:26:26.349  4162  4194 E ...ity.framework.a.a[0]: pid 4272 could not be found
02-05 01:26:26.369  8583  8583 W atrace  : type=1400 audit(0.0:18): avc: denied { call } for scontext=u:r:dumpatrace:s0 tcontext=u:r:whad_cc:s0 tclass=binder permissive=0
02-05 01:26:26.387  8583  8583 I atrace  : Dumping trace
02-05 01:26:26.476  4225  5040 I whad    : HttpServerCivetWeb:handlePost:cmd=testVisibility,xmit=76373734,recv=0,delta=-76373734,senderId=XX00G6
02-05 01:26:26.542  3762  6798 I chatty  : uid=1000(system) AsyncTask #2 expire 6 lines
02-05 01:26:26.605  3611  3620 I art     : Background partial concurrent mark sweep GC freed 50879(1972KB) AllocSpace objects, 1(20KB) LOS objects, 33% free, 16MB/24MB, paused 2.723ms total 211.804ms
02-05 01:26:26.617  8535  8572 I CapabilitiesManagerImpl: Resetting to default capabilities config
02-05 01:26:26.634  7706  8510 W Xa      : Application name is not set. Call Builder#setApplicationName.
02-05 01:26:26.652  7706  8381 W Xa      : Application name is not set. Call Builder#setApplicationName.
02-05 01:26:26.673  7706  8504 W Xa      : Application name is not set. Call Builder#setApplicationName.
02-05 01:26:26.379  8583  8583 W atrace  : type=1400 audit(0.0:19): avc: denied { call } for scontext=u:r:dumpatrace:s0 tcontext=u:r:ledcontroller:s0 tclass=binder permissive=0
02-05 01:26:26.783  7706  7744 W GooglePlayServicesUtil: Google Play Store is missing.
02-05 01:26:26.831  7706  8381 W Xa      : Application name is not set. Call Builder#setApplicationName.
02-05 01:26:26.894  7706  7744 W GooglePlayServicesUtil: Google Play Store is missing.
02-05 01:26:27.035  8535  8579 I ...ls.DeviceTypeHelpers: com.amazon.ags.app is trying to get device type
02-05 01:26:27.104  8535  8579 I ...onInformationQueryer: Populate change for remote MAP info.
02-05 01:26:27.104  8535  8579 I ...onInformationQueryer: CacheContainsPartialResults? true
02-05 01:26:27.114  8535  8579 I ...ures.FeatureSetCache: Caching feature OverrideDeviceAttributes as false
02-05 01:26:27.139  8535  8579 I ...onInformationQueryer: Get map info for com.amazon.ags.app, device type: AXRZR9ASDFH6P
02-05 01:26:27.199  8535  8579 I ...DeviceAttributeCache: Setting device attribute CentralDeviceType to A3HF4YRA2L7XGC
02-05 01:26:27.654  3735  3838 D BtGatt.GattService: onScanResult() - address=1E:C6:C9:7D:62:5B, rssi=-85
02-05 01:26:27.696  3735  3838 D BtGatt.GattService: onScanResult() - address=33:D3:04:49:6E:26, rssi=-90
02-05 01:26:27.704  3735  3838 D BtGatt.GattService: onScanResult() - address=5C:74:E5:CD:02:E2, rssi=-82
02-05 01:26:27.710  3735  3838 D BtGatt.GattService: onScanResult() - address=20:F3:DF:4B:AD:D4, rssi=-64
02-05 01:26:27.713  3735  3838 D BtGatt.GattService: onScanResult() - address=84:C0:EF:37:26:01, rssi=-43
02-05 01:26:27.733  3735  3838 D BtGatt.GattService: onScanResult() - address=5A:3D:AD:66:B5:C7, rssi=-81
02-05 01:26:27.751  3735  3838 D BtGatt.GattService: onScanResult() - address=32:43:A1:35:32:F0, rssi=-56
02-05 01:26:27.762  3735  3838 D BtGatt.GattService: onScanResult() - address=1E:C6:C9:7D:62:5B, rssi=-83
02-05 01:26:27.762  3611  3624 I ActivityManager: Waited long enough for: ServiceRecord{b90695e u0 com.amazon.kindle.cms/.MaintenanceService}
02-05 01:26:27.772  3735  3838 D BtGatt.GattService: onScanResult() - address=5F:26:62:1D:3D:FA, rssi=-65
02-05 01:26:27.782  3735  3838 D BtGatt.GattService: onScanResult() - address=5B:55:93:1E:D5:30, rssi=-82
02-05 01:26:27.797  3735  3838 D BtGatt.GattService: onScanResult() - address=33:D3:04:49:6E:26, rssi=-92
02-05 01:26:27.814  3735  3838 D BtGatt.GattService: onScanResult() - address=84:C0:EF:37:26:01, rssi=-43
02-05 01:26:27.817  3735  3838 D BtGatt.GattService: onScanResult() - address=84:C0:EF:37:26:01, rssi=-43
02-05 01:26:27.832  3735  3838 D BtGatt.GattService: onScanResult() - address=24:24:21:B9:91:8D, rssi=-85
02-05 01:26:27.847  4272  4396 I MAPMetricsTransport: Response body: 
02-05 01:26:27.847  4272  4396 I MAPMetricsTransport: Successfully uploaded metrics data; code: 200, message: OK
02-05 01:26:27.847  4272  4396 I MAPMetricsTransport: Manually releasing wifi lock
02-05 01:26:27.898  3735  3838 D BtGatt.GattService: onScanResult() - address=47:E7:35:46:19:2A, rssi=-87
02-05 01:26:27.899  4272  4396 I MAPMetricsTransport: Manually releasing wake lock
02-05 01:26:27.904  3735  3838 D BtGatt.GattService: onScanResult() - address=33:D3:04:49:6E:26, rssi=-64
02-05 01:26:27.915  3735  3838 D BtGatt.GattService: onScanResult() - address=84:C0:EF:37:26:01, rssi=-44
02-05 01:26:27.916  8535  8579 I ...gs.app/MetricsHelper: Using the FireOSPlatformDCPMetricsCollector
02-05 01:26:27.918  3735  3838 D BtGatt.GattService: onScanResult() - address=5A:3D:AD:66:B5:C7, rssi=-83
02-05 01:26:27.920  8535  8579 I ...mDCPMetricsCollector: Successfully create FireOSPlatformDCPMetricsCollector.
02-05 01:26:27.923  3735  3838 D BtGatt.GattService: onScanResult() - address=20:F3:DF:4B:AD:D4, rssi=-66
02-05 01:26:27.930  4272  4396 I MAPMetricsTransport: Acquiring wake lock with timeout: 300000ms
02-05 01:26:27.932  4272  4396 I MAPMetricsTransport: Acquiring wifi lock
02-05 01:26:27.938  3735  3838 D BtGatt.GattService: onScanResult() - address=24:24:21:B9:91:8D, rssi=-76
02-05 01:26:27.952  3735  3838 D BtGatt.GattService: onScanResult() - address=32:43:A1:35:32:F0, rssi=-57
02-05 01:26:27.970  4719  4719 I kso.NetworkConnectionRe: onReceive - Screen is on. Sending network conn change intent to Blackbird;
02-05 01:26:27.973  3735  3838 D BtGatt.GattService: onScanResult() - address=1E:C6:C9:7D:62:5B, rssi=-83
02-05 01:26:27.974  4719  4719 I kso.BlackbirdServiceImp: onStartCommand - Called with action :com.amazon.tv.networkmonitor.INTERNET_UP;
02-05 01:26:27.974  4719  4719 I kso.NetworkExecutorCont: processNetworkUp - Connectivity status: CONNECTED. Queue is NOT Paused;
02-05 01:26:27.982  3735  3838 D BtGatt.GattService: onScanResult() - address=5C:74:E5:CD:02:E2, rssi=-84
02-05 01:26:27.991  3735  3838 D BtGatt.GattService: onScanResult() - address=52:16:1D:B8:4C:8F, rssi=-91
02-05 01:26:27.991  8274  8274 I FTAN_NetworkStatus: Received Internet connected signal
02-05 01:26:28.005  3735  3838 D BtGatt.GattService: onScanResult() - address=33:D3:04:49:6E:26, rssi=-75
02-05 01:26:28.007  7949  7959 W art     : Suspending all threads took: 211.555ms
02-05 01:26:28.011  3735  3838 D BtGatt.GattService: onScanResult() - address=84:C0:EF:37:26:01, rssi=-45
02-05 01:26:28.017  3735  3838 D BtGatt.GattService: onScanResult() - address=84:C0:EF:37:26:01, rssi=-45
02-05 01:26:28.029  3762  3787 I chatty  : uid=1000(system) Binder:3762_2 expire 1 line
02-05 01:26:28.029  4162  4297 I com.amazon.imp/f[0]: Using the FireOSPlatformDCPMetricsCollector
02-05 01:26:28.029  8274  8623 E FTAN_SaleClient: Received a null cursor when trying to get the list of blocked packages
02-05 01:26:28.032  4162  4297 I ...PMetricsCollector[0]: Successfully create FireOSPlatformDCPMetricsCollector.
02-05 01:26:28.034  8274  8624 I FTAN_NotificationFetchS: Start fetching of notifications with isNewNotification=false
02-05 01:26:28.037  3735  3838 D BtGatt.GattService: onScanResult() - address=24:24:21:B9:91:8D, rssi=-85
02-05 01:26:28.038  4162  4302 I ...nformationQueryer[0]: Populate change for remote MAP info.
02-05 01:26:28.038  4162  4302 I ...nformationQueryer[0]: CacheContainsPartialResults? true
02-05 01:26:28.041  4272  4396 I ...ls.DeviceTypeHelpers: com.amazon.client.metrics is trying to get device type
02-05 01:26:28.041  4272  4396 I ...onInformationQueryer: Populate change for remote MAP info.
02-05 01:26:28.041  4272  4396 I ...onInformationQueryer: CacheContainsPartialResults? true
02-05 01:26:28.044  4162  4302 I ...nformationQueryer[0]: Get map info for com.amazon.ags.app, device type: AXRZR9ASDFH6P
02-05 01:26:28.055  3735  3838 D BtGatt.GattService: onScanResult() - address=32:43:A1:35:32:F0, rssi=-57
02-05 01:26:28.062  4272  4396 E ...ls.DeviceTypeHelpers: Cannnot get remove map information even including the calling app itself!
02-05 01:26:28.120  3735  3838 D BtGatt.GattService: onScanResult() - address=84:C0:EF:37:26:01, rssi=-45
02-05 01:26:28.129  8274  8623 I FTAN_CsmClient: Received request to send event; eventName=SettingsUpdated; eventNamespace=System
02-05 01:26:28.129  8274  8623 I SPCH-c  : writeToParcel with bundle :true
02-05 01:26:28.130  8274  8623 I FTAN_DndSyncService: Successfully send the event
02-05 01:26:28.130  4143  4154 I SPCH-EventMetadata: bundle found
02-05 01:26:28.133  4143  4799 I SPCH-SIM_SimStateMachine: Got AlexaEvent in ReadyState
02-05 01:26:28.133  4143  4799 D SPCH-SIM_CloudOnlySessionsProxy: sendEvent
02-05 01:26:28.134  4143  4799 I SPCH-SIM_SimStateMachine: Got CapabilityCheckEvent in ReadyState
02-05 01:26:28.134  4143  5259 I SPCH-SIM_SIMSCLSession: sendEvent System:SettingsUpdated
02-05 01:26:28.134  4143  5259 I DeviceEvent: CSMSIM#alexa_event#1#System#SettingsUpdated#true#true
02-05 01:26:28.136  8535  8579 I ...gs.app/MetricsHelper: Using the FireOSPlatformDCPMetricsCollector
02-05 01:26:28.156  3735  3838 D BtGatt.GattService: onScanResult() - address=32:43:A1:35:32:F0, rssi=-58
02-05 01:26:28.173  3735  3838 D BtGatt.GattService: onScanResult() - address=47:E7:35:46:19:2A, rssi=-85
02-05 01:26:28.178  8274  8624 I ...ls.DeviceTypeHelpers: com.amazon.tv.alexanotifications is trying to get device type
02-05 01:26:28.178  8274  8624 I ...onInformationQueryer: Populate change for remote MAP info.
02-05 01:26:28.178  8274  8624 I ...onInformationQueryer: CacheContainsPartialResults? true
02-05 01:26:28.184  8535  8579 I ...mDCPMetricsCollector: Successfully create FireOSPlatformDCPMetricsCollector.
02-05 01:26:28.186  3735  3838 D BtGatt.GattService: onScanResult() - address=1E:C6:C9:7D:62:5B, rssi=-82
02-05 01:26:28.213  3735  3838 D BtGatt.GattService: onScanResult() - address=84:C0:EF:37:26:01, rssi=-45
02-05 01:26:28.221  4330  8372 I chatty  : uid=10137(com.amazon.venezia) expire 1 line
02-05 01:26:28.234  3735  3838 D BtGatt.GattService: onScanResult() - address=38:18:4C:95:72:90, rssi=-85
02-05 01:26:28.235  8274  8624 E ...ls.DeviceTypeHelpers: Cannnot get remove map information even including the calling app itself!
02-05 01:26:28.254  4162  4302 I com.amazon.imp/f[0]: Using the FireOSPlatformDCPMetricsCollector
02-05 01:26:28.254  3735  3838 D BtGatt.GattService: onScanResult() - address=5C:74:E5:CD:02:E2, rssi=-88
02-05 01:26:28.255  4162  4302 I ...PMetricsCollector[0]: Successfully create FireOSPlatformDCPMetricsCollector.
02-05 01:26:28.265  3735  3838 D BtGatt.GattService: onScanResult() - address=52:16:1D:B8:4C:8F, rssi=-90
02-05 01:26:28.268  4330  4330 I chatty  : uid=10137(com.amazon.venezia) expire 6 lines
02-05 01:26:28.311  3735  3838 D BtGatt.GattService: onScanResult() - address=84:C0:EF:37:26:01, rssi=-45
02-05 01:26:28.317  3735  3838 D BtGatt.GattService: onScanResult() - address=33:D3:04:49:6E:26, rssi=-78
02-05 01:26:28.322  3735  3838 D BtGatt.GattService: onScanResult() - address=5F:26:62:1D:3D:FA, rssi=-69
02-05 01:26:28.326  3735  3838 D BtGatt.GattService: onScanResult() - address=5B:55:93:1E:D5:30, rssi=-83
02-05 01:26:28.339  3611  5430 I ActivityManager: Start proc 8627:com.amazon.tv.devicecontrolsettings/u0a123 for broadcast com.amazon.tv.devicecontrolsettings/.broadcast_receiver.DFUBroadcastReceiver
02-05 01:26:28.355  3735  3838 D BtGatt.GattService: onScanResult() - address=24:24:21:B9:91:8D, rssi=-77
02-05 01:26:28.361  3735  3838 D BtGatt.GattService: onScanResult() - address=32:43:A1:35:32:F0, rssi=-57
02-05 01:26:28.395  4330  8633 I chatty  : uid=10137(com.amazon.venezia) expire 3 lines
02-05 01:26:28.419  3735  3838 D BtGatt.GattService: onScanResult() - address=7D:7B:2C:DF:E4:6C, rssi=-83
02-05 01:26:28.425  3735  3838 D BtGatt.GattService: onScanResult() - address=33:D3:04:49:6E:26, rssi=-65
02-05 01:26:28.428  4330  4330 I chatty  : uid=10137(com.amazon.venezia) expire 2 lines
02-05 01:26:28.432  4330  5577 I chatty  : uid=10137(com.amazon.venezia) Thread-5 expire 1 line
02-05 01:26:28.452  8274  8624 I ...ations/MetricsHelper: Using the FireOSPlatformDCPMetricsCollector
02-05 01:26:28.461  8274  8624 I ...mDCPMetricsCollector: Successfully create FireOSPlatformDCPMetricsCollector.
02-05 01:26:28.496  3735  3838 D BtGatt.GattService: onScanResult() - address=84:C0:EF:37:26:01, rssi=-45
02-05 01:26:28.518  4162  4362 I com.amazon.imp/f[0]: Using the FireOSPlatformDCPMetricsCollector
02-05 01:26:28.518  4162  4362 I ...PMetricsCollector[0]: Successfully create FireOSPlatformDCPMetricsCollector.
02-05 01:26:28.525  3735  3838 D BtGatt.GattService: onScanResult() - address=84:C0:EF:37:26:01, rssi=-44
02-05 01:26:28.532  3735  3838 D BtGatt.GattService: onScanResult() - address=5C:74:E5:CD:02:E2, rssi=-89
02-05 01:26:28.553  3735  3838 D BtGatt.GattService: onScanResult() - address=20:F3:DF:4B:AD:D4, rssi=-76
02-05 01:26:28.589  7706  8504 W Xa      : Application name is not set. Call Builder#setApplicationName.
02-05 01:26:28.629  4330  8372 I chatty  : uid=10137(com.amazon.venezia) expire 1 line
02-05 01:26:28.646  4330  4330 I chatty  : uid=10137(com.amazon.venezia) expire 1 line
02-05 01:26:28.647  4330  8396 I chatty  : uid=10137(com.amazon.venezia) Service[AppMana expire 1 line
02-05 01:26:28.666  4330  8626 I chatty  : uid=10137(com.amazon.venezia) expire 1 line
02-05 01:26:28.698  4143  5485 I SPCH-SCL_Http2Message: status: 204
02-05 01:26:28.698  4143  5485 I SPCH-SCL_Http2Message: header: DefaultHttp2Headers[:status: 204, x-amzn-requestid: 406a899e-0285-4a95-9a8a-5fac89024575, x-amzn-requestid: 16245dfffee67ff3-0001b7f1-0067effc-1adba5de5f1ed162-787ec3d7-35, access-control-allow-origin: *]
02-05 01:26:28.699  4143  5485 D SPCH-SCL_Http2Client-1: removing message with stream id: 35
02-05 01:26:28.700  4143  4799 I SPCH-SIM_SimStateMachine: Got EndEventResponseEvent in ReadyState
02-05 01:26:28.700  4143  4799 I SPCH-SIM_SIMState: Ignoring EndEventResponseEvent
02-05 01:26:28.715  4162  4315 E ...ity.framework.a.a[0]: pid 4272 could not be found
02-05 01:26:28.727  4330  8641 I chatty  : uid=10137(com.amazon.venezia) expire 3 lines
02-05 01:26:28.752  8627  8627 W art     : Found duplicate classes, falling back to interpreter mode for /system/priv-app/com.amazon.tv.devicecontrolsettings/com.amazon.tv.devicecontrolsettings.apk
02-05 01:26:28.752  8627  8627 W art     : Found duplicated class when checking oat files: 'Landroid/accounts/IAccountAuthenticatorResponse;' in /system/priv-app/com.amazon.tv.devicecontrolsettings/com.amazon.tv.devicecontrolsettings.apk and /system/framework/com.amazon.identity.auth.device.jar
02-05 01:26:28.758  4143  5485 I SPCH-SCL_Http2Message: onDataRead: 3
02-05 01:26:28.759  4143  5260 I SPCH-SCL_MultipartParser: content-Type: application/json
02-05 01:26:28.759  4143  5260 I SPCH-SCL_MultipartParser: processJsonData
02-05 01:26:28.761  4143  5260 I SPCH-SCL_MessageParser: message ID: bbf5ac06-81a3-4bce-ac5c-a49a8cc01237
02-05 01:26:28.761  4143  5260 I SPCH-SCL_MessageParser: [namespace=System, name=UpdateSettings]
02-05 01:26:28.761  4143  5260 I DeviceEvent: CSMSIM#directive_received#1#System#UpdateSettings#null#bbf5ac06-81a3-4bce-ac5c-a49a8cc01237
02-05 01:26:28.761  4143  5260 I DeviceEvent: CSMSIM#cloud_initiated_interaction#0
02-05 01:26:28.761  4143  5260 I SPCH-SCL_MultipartParser: readBoundary true
02-05 01:26:28.762  4143  4799 I SPCH-SIM_SimStateMachine: Got DownChannelEvent in ReadyState
02-05 01:26:28.764  4330  8396 I chatty  : uid=10137(com.amazon.venezia) Service[AppMana expire 2 lines
02-05 01:26:28.767  4143  4799 D Vizzini_2.0.3153.0:DirectiveConverter: manipulateKeys | directive System#UpdateSettings is whitelisted for blocking ? false
02-05 01:26:28.767  4143  4799 I Vizzini_2.0.3153.0:DirectiveConverter: Directive not whitelisted for manipulation
02-05 01:26:28.767  4143  4799 E SPCH-SIM_NexusControllerImpl: decorateIntent: can not find a nexus session ID for request: 357da65b-5ac7-4824-b5f2-d88a3021187a
02-05 01:26:28.768  4143  4799 W SPCH-DirectiveIntent: Directive not present in intent, checking old format
02-05 01:26:28.768  4143  4799 W UPLRecorder: Missing 'intent_name', which is optional. Continue
02-05 01:26:28.768  4143  4799 I SPCH-SIM_SimIntentRouterImpl: Creating voice sequence with ID:357da65b-5ac7-4824-b5f2-d88a3021187a
02-05 01:26:28.768  4143  4799 I Vizzini_2.0.3153.0:DeviceComponentDirectiveInterceptor: Intercepting directive System.UpdateSettings? true
02-05 01:26:28.768  4143  4799 I SPCH-SIM_DirectiveSequence: broadcasting sequence 357da65b-5ac7-4824-b5f2-d88a3021187a
02-05 01:26:28.768  4143  4799 I SPCH-SIM_DirectiveSequence: Getting action for directive (System_UpdateSettings dirId:bbf5ac06-81a3-4bce-ac5c-a49a8cc01237 seqId:357da65b-5ac7-4824-b5f2-d88a3021187a keys:{})
02-05 01:26:28.768  4143  4799 I DeviceEvent: CSMSIM#directive_dispatching#1#357da65b-5ac7-4824-b5f2-d88a3021187a#bbf5ac06-81a3-4bce-ac5c-a49a8cc01237#System#UpdateSettings#neither
02-05 01:26:28.768  4143  4799 D Vizzini_2.0.3153.0:DeviceComponentDirectiveInterceptor: Execute Intercepted DirectiveID bbf5ac06-81a3-4bce-ac5c-a49a8cc01237
02-05 01:26:28.769  4143  4799 I SPCH-SIM_DirectiveSequence: broadcasting sequence 357da65b-5ac7-4824-b5f2-d88a3021187a
02-05 01:26:28.769  4143  4799 I SPCH-SIM_SimIntentRouterImpl: cancelSequence: 357da65b-5ac7-4824-b5f2-d88a3021187a
02-05 01:26:28.769  4143  4511 I DeviceEvent: CSMSIM#directive_execution_started#0#System#UpdateSettings#bbf5ac06-81a3-4bce-ac5c-a49a8cc01237
02-05 01:26:28.769  4143  4799 D Vizzini_2.0.3153.0:VizSimRouter: onDirectiveSequenceComplete
02-05 01:26:28.769  4143  7354 E SPCH-DirectiveClient: Directive or its ID is null
02-05 01:26:28.771  4143  4511 I Vizzini_2.0.3153.0:SystemComponent: Updating settings
02-05 01:26:28.774  4143  4511 I DeviceEvent: CSMSIM#directive_execution_ended#0#System#UpdateSettings#bbf5ac06-81a3-4bce-ac5c-a49a8cc01237
02-05 01:26:28.774  4143  4511 I Vizzini_2.0.3153.0:DirectiveHandler: onDirectiveComplete
02-05 01:26:28.790  4330  8372 I chatty  : uid=10137(com.amazon.venezia) expire 1 line
02-05 01:26:28.813  4162  4194 E ...ity.framework.a.a[0]: pid 8274 could not be found
02-05 01:26:28.815  4162  4194 I com.amazon.imp/f[0]: Using the FireOSPlatformDCPMetricsCollector
02-05 01:26:28.816  4162  4194 I ...PMetricsCollector[0]: Successfully create FireOSPlatformDCPMetricsCollector.
02-05 01:26:28.827  4162  4423 E ...ity.framework.a.a[0]: pid 4330 could not be found
02-05 01:26:28.828  4162  4423 I ...ty.kcpsdk.auth.bg[0]: Try to set useLegacyAuthentication to be true when algorithm is: null
02-05 01:26:29.006  4330  8244 I chatty  : uid=10137(com.amazon.venezia) expire 1 line
02-05 01:26:29.011  4330  8372 D JobIntentService: Starting service for work: Intent { act=com.amazon.mas.client.locker.UPDATE_APP_ICONS cmp=com.amazon.venezia/com.amazon.mas.client.locker.service.appmgr.AppManagerService (has extras) }
02-05 01:26:29.014  4330  4330 D JobIntentService: ensureProcessorRunningLocked
02-05 01:26:29.014  4330  4330 D JobIntentService: Starting handler with WAKE_LOCK: Handler (com.amazon.android.service.JobIntentService$CommandProcessor) {7a03d91}
02-05 01:26:29.015  4330  8396 I AmazonAppstore.AppManagerUpdateDelegate: Insert into app_icons table for asin=fd47b970d3c357f7d7bb8cca49a9e06f850766af0fbeca39734e8f5f79f0f1e9 and imageType=PREVIEW
02-05 01:26:29.027  4330  5580 I ...ls.DeviceTypeHelpers: com.amazon.venezia is trying to get device type
02-05 01:26:29.043  4330  8396 I AmazonAppstore.AppManagerUpdateDelegate: Insert into app_icons table for asin=fd47b970d3c357f7d7bb8cca49a9e06f850766af0fbeca39734e8f5f79f0f1e9 and imageType=THUMBNAIL
02-05 01:26:29.063  4330  8396 I AmazonAppstore.AppManagerUpdateDelegate: Sending broadcast with action=com.amazon.mas.client.locker.APP_ICON_AVAILABLE
02-05 01:26:29.082  4330  8372 E AmazonAppstore.AppDataForCms: Unknown origin type [DeviceRegistration] for app. Defaulting to owned.
02-05 01:26:29.100  4330  8372 I AmazonAppstore.CmsPublisherLockerUpdateDelegate: locker update delegate: asin:f9784e30faad98797ff9c3029f7c93ed7adfbe20200319a9dac87888a24cc681	state:EMPTY	location:LOCAL
02-05 01:26:29.169  4162  4315 E ...ity.framework.a.a[0]: pid 4330 could not be found
02-05 01:26:29.170  4162  4315 I ...ty.kcpsdk.auth.bg[0]: Try to set useLegacyAuthentication to be true when algorithm is: null
02-05 01:26:29.241  4330  8372 D JobIntentService: Starting service for work: Intent { act=com.amazon.mas.client.locker.UPDATE_APP_ICONS cmp=com.amazon.venezia/com.amazon.mas.client.locker.service.appmgr.AppManagerService (has extras) }
02-05 01:26:29.247  4330  4330 D JobIntentService: ensureProcessorRunningLocked
02-05 01:26:29.247  4330  4330 D JobIntentService: Starting handler with WAKE_LOCK: Handler (com.amazon.android.service.JobIntentService$CommandProcessor) {7a03d91}
02-05 01:26:29.249  4330  8396 I AmazonAppstore.AppManagerUpdateDelegate: Insert into app_icons table for asin=f9784e30faad98797ff9c3029f7c93ed7adfbe20200319a9dac87888a24cc681 and imageType=PREVIEW
02-05 01:26:29.284  4330  8396 I AmazonAppstore.AppManagerUpdateDelegate: Insert into app_icons table for asin=f9784e30faad98797ff9c3029f7c93ed7adfbe20200319a9dac87888a24cc681 and imageType=THUMBNAIL
02-05 01:26:29.351  4330  8396 I AmazonAppstore.AppManagerUpdateDelegate: Sending broadcast with action=com.amazon.mas.client.locker.APP_ICON_AVAILABLE
02-05 01:26:29.507  4330  8633 I AmazonAppstore.LauncherContentProviderUtil: Insert into categories table, num: 26
02-05 01:26:29.748  3611  4212 W MediaCodecLoggerInfo-Jni: No clients currently registered
02-05 01:26:29.759  8274  8624 I NotificationAggregator: Media playback status=false
02-05 01:26:29.762  8274  8624 E FTAN_SaleClient: Received a null cursor when trying to get the list of blocked packages
02-05 01:26:29.762  8274  8624 I NotificationAggregator: No of new notifications received=0
02-05 01:26:29.848  4272  4282 I art     : Background partial concurrent mark sweep GC freed 23172(1613KB) AllocSpace objects, 32(2MB) LOS objects, 40% free, 4MB/7MB, paused 1.829ms total 1.721s
02-05 01:26:30.110  3762  7204 I chatty  : uid=1000(system) AsyncTask #4 expire 6 lines
02-05 01:26:30.184  3611  3620 I art     : Background partial concurrent mark sweep GC freed 170210(6MB) AllocSpace objects, 4(100KB) LOS objects, 33% free, 16MB/24MB, paused 2.636ms total 216.719ms
02-05 01:26:30.301  4272  4396 I MAPMetricsTransport: Response body: 
02-05 01:26:30.301  4272  4396 I MAPMetricsTransport: Successfully uploaded metrics data; code: 200, message: OK
02-05 01:26:30.301  4272  4396 I MAPMetricsTransport: Manually releasing wifi lock
02-05 01:26:30.335  4272  4396 I MAPMetricsTransport: Manually releasing wake lock
02-05 01:26:30.381  4272  4396 I MAPMetricsTransport: Acquiring wake lock with timeout: 300000ms
02-05 01:26:30.383  4272  4396 I MAPMetricsTransport: Acquiring wifi lock
02-05 01:26:30.449  4330  8641 I AmazonAppstore.BasicDeviceInspector: getDeviceType() called, isChildDeviceTypeUsed = false
02-05 01:26:30.449  4330  8641 I AmazonAppstore.BasicDeviceInspector: child device type special cases did not apply
02-05 01:26:30.481  4330  8641 W Settings: Setting android_id has moved from android.provider.Settings.System to android.provider.Settings.Secure, returning read-only value.
02-05 01:26:30.540  4330  5579 I ...ls.DeviceTypeHelpers: com.amazon.venezia is trying to get device type
02-05 01:26:30.685  4162  4424 E ...ity.framework.a.a[0]: pid 4330 could not be found
02-05 01:26:30.705  4162  4424 I ...ty.kcpsdk.auth.bg[0]: Try to set useLegacyAuthentication to be true when algorithm is: null
02-05 01:26:31.193  4330  4342 W art     : Suspending all threads took: 14.771ms
02-05 01:26:31.341  4272  4396 I ...ls.DeviceTypeHelpers: com.amazon.client.metrics is trying to get device type
02-05 01:26:31.342  4272  4396 I ...onInformationQueryer: Populate change for remote MAP info.
02-05 01:26:31.342  4272  4396 I ...onInformationQueryer: CacheContainsPartialResults? true
02-05 01:26:31.357  8535  8546 W art     : Suspending all threads took: 63.962ms
02-05 01:26:31.410  4272  4396 E ...ls.DeviceTypeHelpers: Cannnot get remove map information even including the calling app itself!
02-05 01:26:31.915  7706  8504 D CRLSetManager: getInstance binder: android.os.BinderProxy@e739199
02-05 01:26:32.053  4318  4335 I chatty  : uid=10126(com.amazon.tv.launcher) Binder:4318_2 expire 2 lines
02-05 01:26:32.071  4330  8496 I AmazonAppstore.Library/OrderBootstrapper: start of bootstrapOrderIfNeeded()
02-05 01:26:32.112  4330  8496 I AmazonAppstore.AbsolutePositionBootstrapPredicate: App in correct position. Not bootstrapped. Marking the app as bootstrapped if not done
02-05 01:26:32.141  4318  4699 I chatty  : uid=10126(com.amazon.tv.launcher) umerClie.Worker expire 1096 lines
02-05 01:26:32.176  3611  3624 I ActivityManager: Waited long enough for: ServiceRecord{d0b4a56 u0 com.amazon.venezia/com.amazon.mas.client.locker.service.appmgr.AppManagerService}
02-05 01:26:32.214  4330  8641 I AmazonAppstore.BasicDeviceInspector: getDeviceType() called, isChildDeviceTypeUsed = false
02-05 01:26:32.214  4330  8641 I AmazonAppstore.BasicDeviceInspector: child device type special cases did not apply
02-05 01:26:32.219  4330  8641 W Settings: Setting android_id has moved from android.provider.Settings.System to android.provider.Settings.Secure, returning read-only value.
02-05 01:26:32.225  4330  5578 I ...ls.DeviceTypeHelpers: com.amazon.venezia is trying to get device type
02-05 01:26:32.230  4162  4423 E ...ity.framework.a.a[0]: pid 4272 could not be found
02-05 01:26:32.231  8535  8579 D CRLSetManager: getInstance binder: android.os.BinderProxy@23c0402
02-05 01:26:32.267  3281  7281 I Node    : dolby-audio-meter, AdapterPcmSystem adapter audio meter: channel 0; audio level: 0.000
02-05 01:26:32.267  3281  7281 I Node    : dolby-audio-meter, AdapterPcmSystem adapter audio meter: channel 1; audio level: 0.000
02-05 01:26:32.267  3281  7281 I Node    : dolby-audio-meter, AdapterPcmOut adapter audio meter: channel 0; audio level: 0.000
02-05 01:26:32.267  3281  7281 I Node    : dolby-audio-meter, AdapterPcmOut adapter audio meter: channel 1; audio level: 0.000
02-05 01:26:32.332  4162  4315 E ...ity.framework.a.a[0]: pid 4330 could not be found
02-05 01:26:32.335  4162  4315 I ...ty.kcpsdk.auth.bg[0]: Try to set useLegacyAuthentication to be true when algorithm is: null
02-05 01:26:32.467  4330  8196 I AmazonAppstore.CacheWriter: Writing to content_metadata.json.tmp
02-05 01:26:32.471  4330  8196 I AmazonAppstore.InstalledMetadataCacheWriter: Saved cache successfully
02-05 01:26:32.654  3735  3838 D BtGatt.GattService: onScanResult() - address=32:43:A1:35:32:F0, rssi=-58
02-05 01:26:32.677  3735  3838 D BtGatt.GattService: onScanResult() - address=5A:3D:AD:66:B5:C7, rssi=-88
02-05 01:26:32.739  3735  3838 D BtGatt.GattService: onScanResult() - address=26:42:E0:5C:EB:10, rssi=-91
02-05 01:26:32.747  4330  8244 I AmazonAppstore.VeneziaCardMaker/VeneziaCardMaker: Notifying launcher cards have been updated.
02-05 01:26:32.755  4330  8244 I AmazonAppstore.VeneziaCardMaker/VeneziaCardMaker: Time between current sync and last sync is 162451154 ms.
02-05 01:26:32.764  4330  8244 I AmazonAppstore.VeneziaCardMaker/VeneziaCardMaker: Total bytes used in building all cards (281699).
02-05 01:26:32.764  4330  8244 I AmazonAppstore.VeneziaCardMaker/VeneziaCardMaker: (389) cards were pushed/updated.
02-05 01:26:32.767  4330  8244 I AmazonAppstore.VeneziaCardMaker/VeneziaCardMaker: Gateway data card refresh complete.
02-05 01:26:32.787  4330  8641 I AmazonAppstore.AppUpdates/UpdateDiscoveryDelegate: Starting low storage check for auto update for 1 apps; available=11135860736B
02-05 01:26:32.788  4330  8244 I AmazonAppstore.PlacementServicePeriodicRefreshService: Job Scheduled with latency 150 minutes
02-05 01:26:32.805  4330  8641 E AmazonAppstore.AppUpdates/UpdateDiscoveryDelegate: SD Card path is null
02-05 01:26:32.811  4330  8244 I AmazonAppstore.VeneziaCardMaker/VeneziaCardMaker: Completed refreshType: LAUNCHER_RESUMED
02-05 01:26:32.829  4330  8244 I AmazonAppstore.VeneziaCardMaker/VeneziaCardMaker: Beginning refreshType: LIBRARY_ROW
02-05 01:26:32.830  4330  8244 I AmazonAppstore.VeneziaCardMaker/VeneziaCardMaker: Checking authentication status: waiting for account summary.
02-05 01:26:32.830  4330  8244 I AmazonAppstore.VeneziaCardMaker/VeneziaCardMaker: Authentication successful!
02-05 01:26:32.830  4330  8244 I AmazonAppstore.Library/OrderBootstrapper: start of bootstrapOrderIfNeeded()
02-05 01:26:32.833  3735  3838 D BtGatt.GattService: onScanResult() - address=20:F3:DF:4B:AD:D4, rssi=-65
02-05 01:26:32.892  7706  8504 W Xa      : Application name is not set. Call Builder#setApplicationName.
02-05 01:26:32.894  7706  8381 W Xa      : Application name is not set. Call Builder#setApplicationName.
02-05 01:26:32.910  7706  7744 W GooglePlayServicesUtil: Google Play Store is missing.
02-05 01:26:32.965  3735  3838 D BtGatt.GattService: onScanResult() - address=32:43:A1:35:32:F0, rssi=-61
02-05 01:26:33.012  3735  3838 D BtGatt.GattService: onScanResult() - address=33:D3:04:49:6E:26, rssi=-79
02-05 01:26:33.035  3735  3838 D BtGatt.GattService: onScanResult() - address=7D:7B:2C:DF:E4:6C, rssi=-83
02-05 01:26:33.045  3735  3838 D BtGatt.GattService: onScanResult() - address=5A:3D:AD:66:B5:C7, rssi=-88
02-05 01:26:33.048  3735  3838 D BtGatt.GattService: onScanResult() - address=20:F3:DF:4B:AD:D4, rssi=-65
02-05 01:26:33.052  3735  3838 D BtGatt.GattService: onScanResult() - address=26:42:E0:5C:EB:10, rssi=-90
02-05 01:26:33.057  3735  3838 D BtGatt.GattService: onScanResult() - address=47:E7:35:46:19:2A, rssi=-84
02-05 01:26:33.074  3735  3838 D BtGatt.GattService: onScanResult() - address=24:24:21:B9:91:8D, rssi=-76
02-05 01:26:33.096  3735  3838 D BtGatt.GattService: onScanResult() - address=84:C0:EF:37:28:13, rssi=-90
02-05 01:26:33.114  3735  3838 D BtGatt.GattService: onScanResult() - address=33:D3:04:49:6E:26, rssi=-81
02-05 01:26:33.153  3735  3838 D BtGatt.GattService: onScanResult() - address=26:42:E0:5C:EB:10, rssi=-89
02-05 01:26:33.159  3735  3838 D BtGatt.GattService: onScanResult() - address=52:16:1D:B8:4C:8F, rssi=-88
02-05 01:26:33.171  3735  3838 D BtGatt.GattService: onScanResult() - address=32:43:A1:35:32:F0, rssi=-59
02-05 01:26:33.182  3735  3838 D BtGatt.GattService: onScanResult() - address=24:24:21:B9:91:8D, rssi=-87
02-05 01:26:33.217  3735  3838 D BtGatt.GattService: onScanResult() - address=33:D3:04:49:6E:26, rssi=-79
02-05 01:26:33.236  3735  3838 D BtGatt.GattService: onScanResult() - address=84:C0:EF:3F:AC:4D, rssi=-90
02-05 01:26:33.253  3735  3838 D BtGatt.GattService: onScanResult() - address=84:C0:EF:37:28:13, rssi=-82
02-05 01:26:33.260  3735  3838 D BtGatt.GattService: onScanResult() - address=20:F3:DF:4B:AD:D4, rssi=-65
02-05 01:26:33.272  3735  3838 D BtGatt.GattService: onScanResult() - address=32:43:A1:35:32:F0, rssi=-58
02-05 01:26:33.320  3735  3838 D BtGatt.GattService: onScanResult() - address=33:D3:04:49:6E:26, rssi=-79
02-05 01:26:33.361  3735  3838 D BtGatt.GattService: onScanResult() - address=26:42:E0:5C:EB:10, rssi=-92
02-05 01:26:33.379  8535  8579 I Profiler: Metric[name=VolleyClient, type=getGameIdsForPackageNames, duration=7219 ms, SourceTimeUnit=MILLISECONDS]
02-05 01:26:33.405  3735  3838 D BtGatt.GattService: onScanResult() - address=84:C0:EF:37:28:13, rssi=-89
02-05 01:26:33.411  3735  3838 D BtGatt.GattService: onScanResult() - address=5A:3D:AD:66:B5:C7, rssi=-90
02-05 01:26:33.422  3735  3838 D BtGatt.GattService: onScanResult() - address=33:D3:04:49:6E:26, rssi=-79
02-05 01:26:33.446  4272  4396 I MAPMetricsTransport: Response body: 
02-05 01:26:33.446  4272  4396 I MAPMetricsTransport: Successfully uploaded metrics data; code: 200, message: OK
02-05 01:26:33.446  4272  4396 I MAPMetricsTransport: Manually releasing wifi lock
02-05 01:26:33.480  4272  4396 I MAPMetricsTransport: Manually releasing wake lock
02-05 01:26:33.485  3735  3838 D BtGatt.GattService: onScanResult() - address=32:43:A1:35:32:F0, rssi=-58
02-05 01:26:33.525  3735  3838 D BtGatt.GattService: onScanResult() - address=33:D3:04:49:6E:26, rssi=-78
02-05 01:26:33.535  3735  3838 D BtGatt.GattService: onScanResult() - address=20:DA:22:23:BF:F1, rssi=-85
02-05 01:26:33.552  4272  4396 I MAPMetricsTransport: Acquiring wake lock with timeout: 300000ms
02-05 01:26:33.566  4272  4396 I MAPMetricsTransport: Acquiring wifi lock
02-05 01:26:33.649  4272  4396 I ...ls.DeviceTypeHelpers: com.amazon.client.metrics is trying to get device type
02-05 01:26:33.649  4272  4396 I ...onInformationQueryer: Populate change for remote MAP info.
02-05 01:26:33.649  4272  4396 I ...onInformationQueryer: CacheContainsPartialResults? true
02-05 01:26:33.662  4272  4396 E ...ls.DeviceTypeHelpers: Cannnot get remove map information even including the calling app itself!
02-05 01:26:33.816  8535  8590 I SyncHandlerCallable: Starting synchandler CmsSyncHandler (null of type LIBRARY) after 1ms
02-05 01:26:33.818  8535  8589 I SyncHandlerCallable: Starting synchandler AdmRegistrationSyncHandler (null of type LIBRARY) after 4ms
02-05 01:26:33.819  8535  8588 I SyncHandlerCallable: Starting synchandler GamerCardSyncHandler (null of type LIBRARY) after 0ms
02-05 01:26:33.825  8535  8589 I AdmRegistrationSyncHandler: Performing registrationId sync for syncType LIBRARY
02-05 01:26:33.832  8535  8589 I ADM     : Retrieving the registration id.
02-05 01:26:33.833  8535  8587 I SyncHandlerCallable: Starting synchandler AppstoreSyncHandler (null of type LIBRARY) after 4ms
02-05 01:26:33.834  8535  8566 I SyncAdapter: onPerformSync: syncType=ALL_APP_ITEMS
02-05 01:26:33.835  7949  7969 I AmazonCMS: CMSService waking up, a client has bound
02-05 01:26:33.860  7877  7890 D com.amazon.identity.auth.device.authorization.api.CredentialManagerServiceConnection: CredentialManagerServiceConnection created
02-05 01:26:33.860  7877  7890 I com.amazon.identity.auth.device.authorization.api.AmazonCredentialManager: AmazonCredentialManager=1.2.0
02-05 01:26:33.860  7877  7890 D com.amazon.identity.auth.device.authorization.api.AmazonCredentialManager: com.amazon.device.messaging calling getAppId : packageName=com.amazon.ags.app
02-05 01:26:33.861  8535  8587 I LockerProviderHelper: Querying content Uri=content://com.amazon.venezia.locker-com.amazon.venezia/entitlements
02-05 01:26:33.870  7877  8671 D com.amazon.identity.auth.device.authorization.api.AmazonCredentialManager: inside synBindService
02-05 01:26:33.870  7877  8671 D com.amazon.identity.auth.device.authorization.api.AmazonCredentialManager: Attempting to bind to service
02-05 01:26:33.870  7877  8671 D com.amazon.identity.auth.device.authorization.api.AmazonCredentialManager: Attempting to bind to the CredentialManagerService
02-05 01:26:33.884  7877  8671 D com.amazon.identity.auth.device.authorization.api.AmazonCredentialManager: candidate: com.amazon.identity.auth.device.authorization
02-05 01:26:33.890  8535  8587 I LockerProviderHelper: EntitledAppSize= 124 divided into 1 subsets
02-05 01:26:33.897  7877  8671 I com.amazon.identity.auth.device.authorization.api.AmazonCredentialManager: Signature match succeeded
02-05 01:26:33.897  7877  8671 D com.amazon.identity.auth.device.authorization.api.AmazonCredentialManager: candidate: com.amazon.identity.auth.device.authorization
02-05 01:26:33.898  7877  8671 I com.amazon.identity.auth.device.authorization.api.AmazonCredentialManager: Signature match succeeded
02-05 01:26:33.898  7877  8671 D com.amazon.identity.auth.device.authorization.api.AmazonCredentialManager: Binding to com.amazon.identity.auth.device.authorization from com.amazon.device.messaging
02-05 01:26:33.900  7949  7969 E AmazonCMS: IO Exception while parsing xml
02-05 01:26:33.908  8535  8587 I LockerProviderHelper: Querying content Uri=content://com.amazon.venezia.locker-com.amazon.venezia/apps
02-05 01:26:33.927  8310  8310 I com.amazon.identity.auth.device.authorization.AmazonCredentialManagerService: onCreate called
02-05 01:26:33.927  8310  8310 I com.amazon.identity.auth.device.authorization.AmazonCredentialManagerService: onBind called
02-05 01:26:33.929  7877  7877 I com.amazon.identity.auth.device.authorization.MAPServiceConnection: onServiceConnected called
02-05 01:26:33.957  8535  8587 I LockerProviderHelper: Querying content Uri=content://com.amazon.venezia.locker-com.amazon.venezia/origins
02-05 01:26:33.967  7877  8671 D com.amazon.identity.auth.device.authorization.api.AmazonCredentialManager: Bound to service successfully
02-05 01:26:33.967  7877  8671 D com.amazon.identity.auth.device.authorization.api.AmazonCredentialManager: inside getAppId AsyncTask
02-05 01:26:33.998  8310  8340 I com.amazon.identity.auth.device.authorization.AmazonCredentialManagerService: (pid:7877 | uid:10018) calling getAppId : packageName=com.amazon.ags.app
02-05 01:26:33.998  8310  8340 I com.amazon.identity.auth.device.authorization.utils.ThirdPartyUtils: Getting static context
02-05 01:26:33.998  8310  8340 I com.amazon.identity.auth.device.authorization.appid.FirstPartyAppIdentifier: getAppFamilyId : packageName=com.amazon.ags.app
02-05 01:26:33.998  8310  8340 I com.amazon.identity.auth.device.authorization.appid.FirstPartyAppIdentifier: syncAppInfo : packageName=com.amazon.ags.app
02-05 01:26:33.998  8310  8340 I com.amazon.identity.auth.device.authorization.appsync.Syncer: Syncing app with device : packageName=com.amazon.ags.app
02-05 01:26:34.013  8535  8577 I ...ls.DeviceTypeHelpers: com.amazon.ags.app is trying to get device type
02-05 01:26:34.014  8535  8587 I LockerProviderHelper: Querying content Uri=content://com.amazon.venezia.locker-com.amazon.venezia/app_icons
02-05 01:26:34.041  8310  8340 I com.amazon.identity.auth.device.appid.AbstractAppIdentifier: getAppInfoFromAPIKey : packageName=com.amazon.ags.app
02-05 01:26:34.041  8310  8340 I com.amazon.identity.auth.device.appid.AbstractAppIdentifier: Finding API Key for com.amazon.ags.app
02-05 01:26:34.116  4162  4315 E ...ity.framework.a.a[0]: pid 4272 could not be found
02-05 01:26:34.120  8310  8340 I com.amazon.identity.auth.device.utils.ThirdPartyResourceParser: Attempting to parse API Key from assets directory
02-05 01:26:34.144  8535  8587 I LockerProviderHelper: getEntitledApps size=5
02-05 01:26:34.144  8535  8587 I LockerProviderHelper: getCloudApps size=5
02-05 01:26:34.156  8535  8566 I SyncAdapter: onPerformSync: syncType=CMS_ITEM
02-05 01:26:34.160  8535  8587 I SyncHandlerCallable: Finished AppstoreSyncHandler (null of type LIBRARY) [time=327ms] [remaining=8]
02-05 01:26:34.164  8535  8587 I SyncHandlerCallable: Starting synchandler CmsSyncHandler (a7bb760b-922c-48f5-a53d-2d9f542dc016 of type ALL_APP_ITEMS) after 8ms
02-05 01:26:34.168  8310  8340 I com.amazon.identity.auth.device.appid.APIKeyDecoder: Begin decoding API Key for packageName=com.amazon.ags.app
02-05 01:26:34.199  8627  8627 W System  : ClassLoader referenced unknown path: /system/priv-app/com.amazon.tv.devicecontrolsettings/lib/arm
02-05 01:26:34.204  3611  5443 I ActivityManager: Killing 7820:com.amazon.wifilocker/u0a12 (adj 903): empty #17
02-05 01:26:34.209  8310  8340 I com.amazon.identity.auth.device.utils.JWTDecoder: Signature match!
02-05 01:26:34.210  8310  8340 D com.amazon.identity.auth.device.appid.APIKeyDecoder.PII: APIKey:<obscured>
02-05 01:26:34.210  8310  8340 I com.amazon.identity.auth.device.appid.APIKeyDecoder: verifyPayload for packageName=com.amazon.ags.app
02-05 01:26:34.210  8310  8340 D com.amazon.identity.auth.device.appid.APIKeyDecoder.PII: Validating MD5 signature in API key:<obscured>
02-05 01:26:34.217  8310  8340 I com.amazon.identity.auth.device.utils.PackageSignatureUtil: num sigs = 1
02-05 01:26:34.218  8310  8340 D com.amazon.identity.auth.device.utils.PackageSignatureUtil.PII: Fingerprint checking:<obscured>
02-05 01:26:34.218  8310  8340 I com.amazon.identity.auth.device.appid.APIKeyDecoder: Number of signatures = 1
02-05 01:26:34.218  8310  8340 D com.amazon.identity.auth.device.appid.APIKeyDecoder.PII: Fingerprint checking:<obscured>
02-05 01:26:34.219  8310  8340 I com.amazon.identity.auth.device.authorization.appsync.Syncer: AppInfo of new package is the same as the old one, not doing anything
02-05 01:26:34.219  8310  8340 I com.amazon.identity.auth.device.authorization.appid.FirstPartyAppIdentifier: getAppInfoFromCacheByPackageName : packageName=com.amazon.ags.app
02-05 01:26:34.235  7877  7877 D com.amazon.identity.auth.device.authorization.api.AmazonCredentialManager: candidate: com.amazon.identity.auth.device.authorization
02-05 01:26:34.237  7877  7877 I com.amazon.identity.auth.device.authorization.api.AmazonCredentialManager: Signature match succeeded
02-05 01:26:34.237  7877  7877 D com.amazon.identity.auth.device.authorization.api.AmazonCredentialManager: candidate: com.amazon.identity.auth.device.authorization
02-05 01:26:34.237  7877  7877 I com.amazon.identity.auth.device.authorization.api.AmazonCredentialManager: Signature match succeeded
02-05 01:26:34.237  7877  7877 D com.amazon.identity.auth.device.authorization.ThirdPartyServiceHelper: Unbinding pkg=com.amazon.identity.auth.device.authorization
02-05 01:26:34.247  8310  8310 I com.amazon.identity.auth.device.authorization.AmazonCredentialManagerService: onDestroy called
02-05 01:26:34.254  8627  8627 W System  : ClassLoader referenced unknown path: /system/priv-app/MetricsApi/lib/arm
02-05 01:26:34.255  8627  8627 W System  : ClassLoader referenced unknown path: /system/priv-app/amazon.jackson-19/lib/arm
02-05 01:26:34.268  3611  5444 D ActivityManager: cleanUpApplicationRecord -- 7820
02-05 01:26:34.270  8535  8589 I AdmRegistrationSyncHandler: Not re-registering as registration Id is not expired.
02-05 01:26:34.271  8535  8589 I SyncHandlerCallable: Finished AdmRegistrationSyncHandler (null of type LIBRARY) [time=452ms] [remaining=7]
02-05 01:26:34.271  8535  8589 I SyncHandlerCallable: Starting synchandler CmsSyncHandler (null of type CMS_ITEM) after 71ms
02-05 01:26:34.348  8627  8627 I OZ-SETTINGS:OzSettingsApplication: ### OZ Settings Application - Initialization components...
02-05 01:26:34.375  8627  8627 I OZ-UI-FRAMEWORK:UserMarketPlaceController: ****** Triggering initialization of UserLocationManager
02-05 01:26:34.407  8627  8627 I ...h.device.api.MAPInit: Initializing MAP (130050002 / MAPAndroidLib-1.1.215794.0) for app com.amazon.tv.devicecontrolsettings. MAP release version: 20191023N
02-05 01:26:34.414  8627  8627 W ...ttings/MetricsHelper: ThirdParty DCP metrics not supported
02-05 01:26:34.424  8627  8627 W ...ttings/MetricsHelper: Metrics component is not integrated. Please integrate with latest metrics component no later than March 2019.
02-05 01:26:34.432  8627  8627 I ...ttings/MetricsHelper: FireOS DCP metrics is supported
02-05 01:26:34.432  8627  8627 I ...ttings/MetricsHelper: Using the FireOSPlatformDCPMetricsCollector
02-05 01:26:34.449  8535  8577 I ...gs.app/MetricsHelper: Using the FireOSPlatformDCPMetricsCollector
02-05 01:26:34.453  8627  8627 V MetricsServiceConnection: getService : Sent explicit intent to bind to metrics service. Service will be bound asynchronously.
02-05 01:26:34.454  8535  8590 I SyncHandlerCallable: Finished CmsSyncHandler (null of type LIBRARY) [time=638ms] [remaining=6]
02-05 01:26:34.454  8535  8590 I SyncHandlerCallable: Starting synchandler AppstoreSyncHandler (a7bb760b-922c-48f5-a53d-2d9f542dc016 of type ALL_APP_ITEMS) after 302ms
02-05 01:26:34.455  8627  8627 D AndroidMetricsFactoryImpl: shouldRecordMetrics : First time check recordMetricsSetting
02-05 01:26:34.455  8627  8627 D MetricsServiceWrapper: getRecordMetricsSetting : metrics service is not yet registed with the ServiceManager, use default record Metrics setting: true.
02-05 01:26:34.456  8627  8627 D AndroidMetricsFactoryImpl: shouldRecordMetrics : lastRecordSettingReadTime after IPC call getRecordMetricsSetting : 1580883994455
02-05 01:26:34.460  8535  8590 I LockerProviderHelper: Querying content Uri=content://com.amazon.venezia.locker-com.amazon.venezia/entitlements
02-05 01:26:34.474  8535  8589 I SyncHandlerCallable: Finished CmsSyncHandler (null of type CMS_ITEM) [time=203ms]; SYNC COMPLETE in 203ms
02-05 01:26:34.474  8535  8589 I SyncHandlerCallable: io errors: [], db errors: [], wtf errors: []
02-05 01:26:34.474  8535  8589 I Profiler: Metric[name=SyncAdapter, type=sync-CMS_ITEM, duration=203 ms, SourceTimeUnit=MILLISECONDS]
02-05 01:26:34.477  8535  8687 I SyncAdapter: onPerformSync: syncType=LIBRARY_SINGLE_GAME
02-05 01:26:34.491  8535  8589 I SyncHandlerCallable: Starting synchandler SocialSyncHandler (null of type LIBRARY) after 676ms
02-05 01:26:34.497  8535  8577 I ...mDCPMetricsCollector: Successfully create FireOSPlatformDCPMetricsCollector.
02-05 01:26:34.502  8627  8627 W MetricsServiceWrapper: record : MetricsService not yet bound. Buffering MetricRecord. Program=com.amazon.tv.devicecontrolsettings Source=MAPInit:initialize
02-05 01:26:34.505  8627  8627 I ...mDCPMetricsCollector: Successfully create FireOSPlatformDCPMetricsCollector.
02-05 01:26:34.511  4162  4297 I com.amazon.imp/f[0]: Using the FireOSPlatformDCPMetricsCollector
02-05 01:26:34.511  4162  4297 I ...PMetricsCollector[0]: Successfully create FireOSPlatformDCPMetricsCollector.
02-05 01:26:34.514  8627  8627 I ...ttings/MetricsHelper: FireOS Periodic metrics is supported
02-05 01:26:34.515  8535  8590 I LockerProviderHelper: EntitledAppSize= 124 divided into 1 subsets
02-05 01:26:34.516  8535  8590 I LockerProviderHelper: Querying content Uri=content://com.amazon.venezia.locker-com.amazon.venezia/apps
02-05 01:26:34.523  8627  8627 I ...odicMetricsCollector: Successfully create FireOSPeriodicMetricsCollector.
02-05 01:26:34.529  8627  8627 I ...h.device.api.MAPInit: Running MAPInit on main thread: true
02-05 01:26:34.532  8535  8590 I LockerProviderHelper: Querying content Uri=content://com.amazon.venezia.locker-com.amazon.venezia/origins
02-05 01:26:34.540  8627  8627 I UserLocationManager: User location is null, return
02-05 01:26:34.544  8535  8589 I SyncHandlerCallable: Finished SocialSyncHandler (null of type LIBRARY) [time=50ms] [remaining=5]
02-05 01:26:34.544  8535  8589 I SyncHandlerCallable: Starting synchandler LeaderboardSyncHandler (null of type LIBRARY) after 729ms
02-05 01:26:34.555  8535  8590 I LockerProviderHelper: Querying content Uri=content://com.amazon.venezia.locker-com.amazon.venezia/app_icons
02-05 01:26:34.565  8535  8577 I ...gs.app/MetricsHelper: Using the FireOSPlatformDCPMetricsCollector
02-05 01:26:34.568  8535  8590 I LockerProviderHelper: getEntitledApps size=5
02-05 01:26:34.568  8535  8590 I LockerProviderHelper: getCloudApps size=5
02-05 01:26:34.574  8627  8627 I OZ-MET:MetricsReporter: Oz Metrics Client initializing with program name com.amazon.tv.devicecontrolsettings
