02-05 01:26:38.208  4330  8751 I AmazonAppstore.PdiThrottlerService: Requests are already in progress. Skipping process next.
02-05 01:26:38.210  4272  4396 I MAPMetricsTransport: Acquiring wifi lock
02-05 01:26:38.212  3735  3838 D BtGatt.GattService: onScanResult() - address=84:C0:EF:37:26:01, rssi=-44
02-05 01:26:38.214  4330  4330 I AmazonAppstore.AmazonDownloader: new amazon downloader created
02-05 01:26:38.225  4330  4330 I AmazonAppstore.MinPriorityThreadFactory: MinPriorityThreadFactory is created
02-05 01:26:38.237  3735  3838 D BtGatt.GattService: onScanResult() - address=5B:55:93:1E:D5:30, rssi=-90
02-05 01:26:38.243  3735  3838 D BtGatt.GattService: onScanResult() - address=33:D3:04:49:6E:26, rssi=-84
02-05 01:26:38.265  4330  4330 D JobIntentService: ensureProcessorRunningLocked
02-05 01:26:38.268  4330  8762 I AmazonAppstore.AmazonDownloader: Processing Download Queue
02-05 01:26:38.268  4330  8762 I AmazonAppstore.QueueBasedDownloader: start reading queue
02-05 01:26:38.268  4330  8762 I AmazonAppstore.QueueBasedDownloader: queue read job submitted
02-05 01:26:38.268  4330  4330 D JobIntentService: Starting handler with WAKE_LOCK: Handler (com.amazon.android.service.JobIntentService$CommandProcessor) {b635e2b}
02-05 01:26:38.271  4330  8763 I AmazonAppstore.QueueReaderTask: callable's call called
02-05 01:26:38.261  4272  4396 I ...ls.DeviceTypeHelpers: com.amazon.client.metrics is trying to get device type
02-05 01:26:38.278  4272  4396 I ...onInformationQueryer: Populate change for remote MAP info.
02-05 01:26:38.278  4272  4396 I ...onInformationQueryer: CacheContainsPartialResults? true
02-05 01:26:38.293  4272  4396 E ...ls.DeviceTypeHelpers: Cannnot get remove map information even including the calling app itself!
02-05 01:26:38.295  4330  8731 I AmazonAppstore.SideloadedAppManagerService: Table not updated, not sending broadcast.
02-05 01:26:38.295  4330  8762 I AmazonAppstore.DownloadService: Enqueued download of package with downloadId 302
02-05 01:26:38.301  4330  8762 I AmazonAppstore.AmazonDownloader: Observer not registered, registering download observer
02-05 01:26:38.309  4330  8763 I AmazonAppstore.QueueReaderTask: Processing a row!
02-05 01:26:38.309  4330  8763 I AmazonAppstore.DownloadService: download url expires at: 1581488796
02-05 01:26:38.329  3611  5450 I ActivityManager: Start proc 8764:com.android.providers.downloads/u0a29 for service com.android.providers.downloads/.DownloadService
02-05 01:26:38.336  3735  3838 D BtGatt.GattService: onScanResult() - address=52:16:1D:B8:4C:8F, rssi=-80
02-05 01:26:38.367  3735  3838 D BtGatt.GattService: onScanResult() - address=20:F3:DF:4B:AD:D4, rssi=-82
02-05 01:26:38.369  3735  3838 D BtGatt.GattService: onScanResult() - address=32:43:A1:35:32:F0, rssi=-57
02-05 01:26:38.402  3735  3838 D BtGatt.GattService: onScanResult() - address=84:C0:EF:37:26:01, rssi=-44
02-05 01:26:38.432  3735  3838 D BtGatt.GattService: onScanResult() - address=2F:CE:9E:17:71:50, rssi=-92
02-05 01:26:38.445  4162  4186 E ...ity.framework.a.a[0]: pid 4272 could not be found
02-05 01:26:38.476  3735  3838 D BtGatt.GattService: onScanResult() - address=32:43:A1:35:32:F0, rssi=-57
02-05 01:26:38.483  3735  3838 D BtGatt.GattService: onScanResult() - address=84:C0:EF:37:26:01, rssi=-43
02-05 01:26:38.493  8764  8764 W System  : ClassLoader referenced unknown path: /system/priv-app/FireOSDownloadProvider/lib/arm
02-05 01:26:38.494  8764  8764 W System  : ClassLoader referenced unknown path: /system/priv-app/DeviceMessagingAndroidInternalSDK/lib/arm
02-05 01:26:38.494  8764  8764 W System  : ClassLoader referenced unknown path: /system/priv-app/MetricsApi/lib/arm
02-05 01:26:38.497  8764  8764 W System  : ClassLoader referenced unknown path: /system/priv-app/DeviceClientPlatformContractsFramework/lib/arm
02-05 01:26:38.504  3735  3838 D BtGatt.GattService: onScanResult() - address=84:C0:EF:37:26:01, rssi=-43
02-05 01:26:38.521  3735  3838 D BtGatt.GattService: onScanResult() - address=24:24:21:B9:91:8D, rssi=-86
02-05 01:26:38.573  4330  8244 I AmazonAppstore.Library/ShortcutMetadataRetriever: Appstore has the permission needed to launch a resolved activity.
02-05 01:26:38.580  4330  8244 I AmazonAppstore.Library/ShortcutMetadataRetriever: Appstore has the permission needed to launch a resolved activity.
02-05 01:26:38.581  4330  8244 I AmazonAppstore.Library/ShortcutMetadataRetriever: No matched activites for intent.
02-05 01:26:38.582  4330  8244 E AmazonAppstore.Library/ShortcutMetadataRetriever: Invalid shortcut: deeplink_hedwig_prod, shortcut intent either does not invoke an activity or appstore does not have sufficient permissions.
02-05 01:26:38.582  4330  8244 E AmazonAppstore.Library/ShortcutMetadataRetriever: Detected invalid shortcut, skipping.
02-05 01:26:38.656  8779  8779 W StorageManagerC: type=1400 audit(0.0:20): avc: granted { getattr } for path="/cache/recovery" dev="mmcblk0p9" ino=16385 scontext=u:r:platform_app:s0:c512,c768 tcontext=u:object_r:cache_recovery_file:s0 tclass=dir
02-05 01:26:38.656  8779  8779 W StorageManagerC: type=1400 audit(0.0:21): avc: denied { getattr } for path="/cache/backup" dev="mmcblk0p9" ino=8193 scontext=u:r:platform_app:s0:c512,c768 tcontext=u:object_r:cache_private_backup_file:s0 tclass=dir permissive=0
02-05 01:26:38.788  4330  4330 D AmazonDownloadManager: connection to download service established
02-05 01:26:38.792  8764  8764 W DownloadReceiver:  received intent action: android.net.conn.CONNECTIVITY_CHANGE
02-05 01:26:38.815  4114  4126 W art     : Suspending all threads took: 5.708ms
02-05 01:26:38.820  4114  4126 I art     : Background partial concurrent mark sweep GC freed 51(1816B) AllocSpace objects, 0(0B) LOS objects, 39% free, 2MB/4MB, paused 6.125ms total 33.331ms
02-05 01:26:38.960  3611  3620 I art     : Background partial concurrent mark sweep GC freed 7303(293KB) AllocSpace objects, 0(0B) LOS objects, 33% free, 16MB/24MB, paused 2.454ms total 194.518ms
02-05 01:26:39.149  4318  4699 I chatty  : uid=10126(com.amazon.tv.launcher) umerClie.Worker expire 19 lines
02-05 01:26:39.181  4318  4699 I F_C.CardProvider: CDA:CardProvider:query(ParsedUri(PRODUCER=com.amazon.venezia, CARD= [...] ), projection:null, selection:null, selectionArgs: [...] , sortOrder:null)
02-05 01:26:39.183  4318  4699 I F_C.DefaultConsumerClie: Using non-local ContentProvider
02-05 01:26:39.184  4318  4699 I F_C.CardProvider: CDA:CardProvider:query(ParsedUri(PRODUCER=com.amazon.venezia, CARD= [...] ), projection:null, selection:null, selectionArgs: [...] , sortOrder:null)
02-05 01:26:39.189  4330  8762 D CRLSetManager: getInstance binder: android.os.BinderProxy@7dc78db
02-05 01:26:39.317  4330  8244 I AmazonAppstore.CORPolicy: Obtaining Karma Library instance.
02-05 01:26:39.317  4330  8244 I AmazonAppstore.CORPolicy: Karma Library found on system. Using it to obtain experience value.
02-05 01:26:39.432  4330  8244 I AmazonAppstore.CORPolicy: Obtaining Karma Library instance.
02-05 01:26:39.432  4330  8244 I AmazonAppstore.CORPolicy: Karma Library found on system. Using it to obtain experience value.
02-05 01:26:39.447  4330  8244 I AmazonAppstore.CORPolicy: Obtaining Karma Library instance.
02-05 01:26:39.447  4330  8244 I AmazonAppstore.CORPolicy: Karma Library found on system. Using it to obtain experience value.
02-05 01:26:39.460  4330  8244 I AmazonAppstore.CORPolicy: Obtaining Karma Library instance.
02-05 01:26:39.460  4330  8244 I AmazonAppstore.CORPolicy: Karma Library found on system. Using it to obtain experience value.
02-05 01:26:39.468  4330  8244 I AmazonAppstore.VeneziaCardMaker/VeneziaCardMaker: YACR cards differ than what is cached, updating. Old was: 1264368220 New is: 1402687535
02-05 01:26:39.469  4330  8244 I AmazonAppstore.VeneziaCardMaker/VeneziaCardMaker: No cards to delete found, pushing metadata update.
02-05 01:26:39.471  4330  8244 I AmazonAppstore.VeneziaCardMaker/VeneziaCardMaker: Pushing library cards : [H:2022b7899ce3ea8304914ea2114843d9, H:3698ddb43f04a1f7c1088ea22d6f500f, H:c50341715273e56fb7488cd82e797787, H:e18e184db3516a87f64c6fa8b5ba1085, H:6184a62d15c27a05d805de7a34206677, H:837309009fa59ad3b5aa4eb60e58d017, H:62d6a3aa0cb2ee3560e6913cb289ef63, H:7b72e5a48d8c4c3916835e888d65a111, H:5dc75b245b516e6c8d551be50a4abbbd, H:097c89131cf76a06f063d8f2040e087a, H:334a77c67bd7ad2509094c64cedfddb0, H:b46fc1c1239eea9f81ab7bbb21b846d5, H:702a120f5b48a1e5d83d62f5c5e50bfc, H:946263e49cd96f5b5f3760f1e49ceec8, H:acb556664ff25b54dcbed9b071cb0194]
02-05 01:26:39.487  3611  3620 I art     : Background partial concurrent mark sweep GC freed 3854(172KB) AllocSpace objects, 0(0B) LOS objects, 33% free, 16MB/24MB, paused 2.674ms total 176.800ms
02-05 01:26:39.501  4318  4900 I F_C.CardProvider: CDA:CardProvider:bulkInsert(ParsedUri(PRODUCER=com.amazon.venezia), contentValues:[(com.amazon.venezia/-822769585/1580883999328), (com.amazon.venezia/915811465/1580883999331), (com.amazon.venezia/372452388/1580883999335), (com.amazon.venezia/-1526645784/1580883999337), (com.amazon.venezia/985533561/1580883999352), (com.amazon.venezia/-1889483416/1580883999354), (com.amazon.venezia/1140764704/1580883999366), (com.amazon.venezia/124759024/1580883999378), (com.amazon.venezia/825097720/1580883999389), (com.amazon.venezia/-1712269820/1580883999392), (com.amazon.venezia/742946904/1580883999395), (com.amazon.venezia/-749048782/1580883999414), (com.amazon.venezia/-1702696467/1580883999426), (com.amazon.venezia/1656384664/1580883999429), (com.amazon.venezia/2039531166/1580883999431), (com.amazon.venezia/137915681/1580883999459), (com.amazon.venezia/-1449891047/1580883999468)][size=17])
02-05 01:26:39.515  4318  4900 I F_C.CardAgentSynchroniz: Throttling producer refresh
02-05 01:26:39.614  4272  4396 I MAPMetricsTransport: Response body: 
02-05 01:26:39.615  4272  4396 I MAPMetricsTransport: Successfully uploaded metrics data; code: 200, message: OK
02-05 01:26:39.615  4272  4396 I MAPMetricsTransport: Manually releasing wifi lock
02-05 01:26:39.624  4318  4699 I F_C.DefaultConsumerClie: Using non-local ContentProvider
02-05 01:26:39.624  4318  4699 I F_C.CardProvider: CDA:CardProvider:query(ParsedUri(PRODUCER=com.amazon.venezia, CARD= [...] ), projection:null, selection:null, selectionArgs: [...] , sortOrder:null)
02-05 01:26:39.626  4318  4699 I F_C.DefaultConsumerClie: Using non-local ContentProvider
02-05 01:26:39.626  4318  4699 I F_C.CardProvider: CDA:CardProvider:query(ParsedUri(PRODUCER=com.amazon.venezia, CARD= [...] ), projection:null, selection:null, selectionArgs: [...] , sortOrder:null)
02-05 01:26:39.630  4318  4699 I F_C.DefaultConsumerClie: Using non-local ContentProvider
02-05 01:26:39.631  4318  4699 I F_C.CardProvider: CDA:CardProvider:query(ParsedUri(PRODUCER=com.amazon.venezia, CARD= [...] ), projection:null, selection:null, selectionArgs: [...] , sortOrder:null)
02-05 01:26:39.645  4318  4699 I F_C.DefaultConsumerClie: Using non-local ContentProvider
02-05 01:26:39.645  4318  4318 I CdaDynamicChannelDataCo: FTV-CDA: clearing mCardsToRemove of size 0
02-05 01:26:39.654  4272  4396 I MAPMetricsTransport: Manually releasing wake lock
02-05 01:26:39.668  4272  4396 I MAPMetricsTransport: Acquiring wake lock with timeout: 300000ms
02-05 01:26:39.674  4330  8244 I AmazonAppstore.VeneziaCardMaker/VeneziaCardMaker: Completed refreshType: LIBRARY_ROW
02-05 01:26:39.675  4318  4699 I F_C.CardProvider: CDA:CardProvider:query(ParsedUri(PRODUCER=com.amazon.venezia, CARD= [...] ), projection:null, selection:null, selectionArgs: [...] , sortOrder:null)
02-05 01:26:39.678  4272  4396 I MAPMetricsTransport: Acquiring wifi lock
02-05 01:26:39.682  4330  8244 I AmazonAppstore.VeneziaCardMaker/VeneziaCardMaker: Beginning refreshType: LIBRARY_ROW
02-05 01:26:39.683  4330  8244 I AmazonAppstore.VeneziaCardMaker/VeneziaCardMaker: Checking authentication status: waiting for account summary.
02-05 01:26:39.683  4330  8244 I AmazonAppstore.VeneziaCardMaker/VeneziaCardMaker: Authentication successful!
02-05 01:26:39.684  4330  8244 I AmazonAppstore.Library/OrderBootstrapper: start of bootstrapOrderIfNeeded()
02-05 01:26:39.689  3611  3620 I art     : Background partial concurrent mark sweep GC freed 9859(360KB) AllocSpace objects, 0(0B) LOS objects, 33% free, 16MB/24MB, paused 3.221ms total 190.050ms
02-05 01:26:39.700  4318  4699 I F_C.DefaultConsumerClie: Using non-local ContentProvider
02-05 01:26:39.703  4318  4699 I F_C.CardProvider: CDA:CardProvider:query(ParsedUri(PRODUCER=com.amazon.venezia, CARD= [...] ), projection:null, selection:null, selectionArgs: [...] , sortOrder:null)
02-05 01:26:39.706  4318  4699 I F_C.DefaultConsumerClie: Using non-local ContentProvider
02-05 01:26:39.706  4318  4699 I F_C.CardProvider: CDA:CardProvider:query(ParsedUri(PRODUCER=com.amazon.venezia, CARD= [...] ), projection:null, selection:null, selectionArgs: [...] , sortOrder:null)
02-05 01:26:39.709  4318  4699 I F_C.DefaultConsumerClie: Using non-local ContentProvider
02-05 01:26:39.709  4318  4699 I F_C.CardProvider: CDA:CardProvider:query(ParsedUri(PRODUCER=com.amazon.venezia, CARD= [...] ), projection:null, selection:null, selectionArgs: [...] , sortOrder:null)
02-05 01:26:39.712  4318  4699 I F_C.DefaultConsumerClie: Using non-local ContentProvider
02-05 01:26:39.713  4318  4699 I F_C.CardProvider: CDA:CardProvider:query(ParsedUri(PRODUCER=com.amazon.venezia, CARD= [...] ), projection:null, selection:null, selectionArgs: [...] , sortOrder:null)
02-05 01:26:39.716  4318  4699 I F_C.DefaultConsumerClie: Using non-local ContentProvider
02-05 01:26:39.717  4318  4699 I F_C.CardProvider: CDA:CardProvider:query(ParsedUri(PRODUCER=com.amazon.venezia, CARD= [...] ), projection:null, selection:null, selectionArgs: [...] , sortOrder:null)
02-05 01:26:39.721  4318  4699 I F_C.DefaultConsumerClie: Using non-local ContentProvider
02-05 01:26:39.721  4318  4699 I F_C.CardProvider: CDA:CardProvider:query(ParsedUri(PRODUCER=com.amazon.venezia, CARD= [...] ), projection:null, selection:null, selectionArgs: [...] , sortOrder:null)
02-05 01:26:39.723  4318  4699 I F_C.DefaultConsumerClie: Using non-local ContentProvider
02-05 01:26:39.723  4318  4699 I F_C.CardProvider: CDA:CardProvider:query(ParsedUri(PRODUCER=com.amazon.venezia, CARD= [...] ), projection:null, selection:null, selectionArgs: [...] , sortOrder:null)
02-05 01:26:39.724  4272  4396 I ...ls.DeviceTypeHelpers: com.amazon.client.metrics is trying to get device type
02-05 01:26:39.724  4272  4396 I ...onInformationQueryer: Populate change for remote MAP info.
02-05 01:26:39.724  4272  4396 I ...onInformationQueryer: CacheContainsPartialResults? true
02-05 01:26:39.740  4272  4396 E ...ls.DeviceTypeHelpers: Cannnot get remove map information even including the calling app itself!
02-05 01:26:39.740  4318  4699 I F_C.DefaultConsumerClie: Using non-local ContentProvider
02-05 01:26:39.747  4318  4699 I F_C.CardProvider: CDA:CardProvider:query(ParsedUri(PRODUCER=com.amazon.venezia, CARD= [...] ), projection:null, selection:null, selectionArgs: [...] , sortOrder:null)
02-05 01:26:39.751  4318  4699 I F_C.DefaultConsumerClie: Using non-local ContentProvider
02-05 01:26:39.751  4318  4699 I F_C.CardProvider: CDA:CardProvider:query(ParsedUri(PRODUCER=com.amazon.venezia, CARD= [...] ), projection:null, selection:null, selectionArgs: [...] , sortOrder:null)
02-05 01:26:39.753  4318  4699 I F_C.DefaultConsumerClie: Using non-local ContentProvider
02-05 01:26:39.753  4318  4699 I F_C.CardProvider: CDA:CardProvider:query(ParsedUri(PRODUCER=com.amazon.venezia, CARD= [...] ), projection:null, selection:null, selectionArgs: [...] , sortOrder:null)
02-05 01:26:39.855  4318  4699 I F_C.DefaultConsumerClie: Using non-local ContentProvider
02-05 01:26:39.856  4318  4699 I F_C.CardProvider: CDA:CardProvider:query(ParsedUri(PRODUCER=com.amazon.venezia, CARD= [...] ), projection:null, selection:null, selectionArgs: [...] , sortOrder:null)
02-05 01:26:39.859  4272  4282 I art     : Background sticky concurrent mark sweep GC freed 8971(1086KB) AllocSpace objects, 28(1104KB) LOS objects, 30% free, 5MB/7MB, paused 18.998ms total 115.552ms
02-05 01:26:39.889  4318  4699 I F_C.DefaultConsumerClie: Using non-local ContentProvider
02-05 01:26:39.890  4318  4699 I F_C.CardProvider: CDA:CardProvider:query(ParsedUri(PRODUCER=com.amazon.venezia, CARD= [...] ), projection:null, selection:null, selectionArgs: [...] , sortOrder:null)
02-05 01:26:39.897  4318  4699 I F_C.DefaultConsumerClie: Using non-local ContentProvider
02-05 01:26:39.897  4318  4699 I F_C.CardProvider: CDA:CardProvider:query(ParsedUri(PRODUCER=com.amazon.venezia, CARD= [...] ), projection:null, selection:null, selectionArgs: [...] , sortOrder:null)
02-05 01:26:39.909  3611  3620 I art     : Background partial concurrent mark sweep GC freed 3276(122KB) AllocSpace objects, 0(0B) LOS objects, 33% free, 16MB/24MB, paused 2.418ms total 139.692ms
02-05 01:26:40.026  4162  4424 E ...ity.framework.a.a[0]: pid 4272 could not be found
02-05 01:26:40.270  7706  7711 I art     : Do partial code cache collection, code=30KB, data=26KB
02-05 01:26:40.273  7706  7711 I art     : After code cache collection, code=28KB, data=25KB
02-05 01:26:40.273  7706  7711 I art     : Increasing code cache capacity to 128KB
02-05 01:26:40.303  3611  3620 I art     : Background partial concurrent mark sweep GC freed 6206(241KB) AllocSpace objects, 0(0B) LOS objects, 33% free, 16MB/24MB, paused 2.453ms total 164.164ms
02-05 01:26:40.514  7706  8699 W Xa      : Application name is not set. Call Builder#setApplicationName.
02-05 01:26:40.516  7706  8381 W Xa      : Application name is not set. Call Builder#setApplicationName.
02-05 01:26:40.534  7706  7744 W GooglePlayServicesUtil: Google Play Store is missing.
02-05 01:26:40.905  3611  3620 I art     : Background partial concurrent mark sweep GC freed 7097(264KB) AllocSpace objects, 0(0B) LOS objects, 33% free, 16MB/24MB, paused 7.109ms total 239.028ms
02-05 01:26:40.920  4272  4396 I MAPMetricsTransport: Response body: 
02-05 01:26:40.920  4272  4396 I MAPMetricsTransport: Successfully uploaded metrics data; code: 200, message: OK
02-05 01:26:40.920  4272  4396 I MAPMetricsTransport: Manually releasing wifi lock
02-05 01:26:40.940  4272  4396 I MAPMetricsTransport: Manually releasing wake lock
02-05 01:26:40.948  4272  4396 I MAPMetricsTransport: Acquiring wake lock with timeout: 300000ms
02-05 01:26:40.958  4272  4396 I MAPMetricsTransport: Acquiring wifi lock
02-05 01:26:41.057  4330  4342 W art     : Suspending all threads took: 5.655ms
02-05 01:26:41.212  4272  4396 I ...ls.DeviceTypeHelpers: com.amazon.client.metrics is trying to get device type
02-05 01:26:41.212  4272  4396 I ...onInformationQueryer: Populate change for remote MAP info.
02-05 01:26:41.212  4272  4396 I ...onInformationQueryer: CacheContainsPartialResults? true
02-05 01:26:41.252  7706  8504 W Xa      : Application name is not set. Call Builder#setApplicationName.
02-05 01:26:41.256  4272  4396 E ...ls.DeviceTypeHelpers: Cannnot get remove map information even including the calling app itself!
02-05 01:26:41.259  7706  8381 W Xa      : Application name is not set. Call Builder#setApplicationName.
02-05 01:26:41.269  7706  7744 W GooglePlayServicesUtil: Google Play Store is missing.
02-05 01:26:41.351  8107  8107 I AlexaCentralForApps.AppLaunchJobService: Stop service because time is up.
02-05 01:26:41.369  8107  8107 I AlexaCentralForApps.AppLaunchJobService: Service is destroyed; app launch session is completed.
02-05 01:26:41.598  3611  5450 I ActivityManager: Killing 8064:com.amazon.device.software.ota/u0a21 (adj 903): empty #17
02-05 01:26:41.619  4162  4423 E ...ity.framework.a.a[0]: pid 4272 could not be found
02-05 01:26:41.662  4330  4330 D JobIntentService: Starting service for work: Intent { act=com.amazon.mas.client.download.DOWNLOAD_ENQUEUED flg=0x10 cmp=com.amazon.venezia/com.amazon.mas.client.locker.service.appmgr.AppManagerService (has extras) }
02-05 01:26:41.675  8764  8789 W DLState.304: state transition->189
02-05 01:26:41.687  4330  4330 D JobIntentService: ensureProcessorRunningLocked
02-05 01:26:41.687  4330  4330 D JobIntentService: Starting handler with WAKE_LOCK: Handler (com.amazon.android.service.JobIntentService$CommandProcessor) {7a03d91}
02-05 01:26:41.732  4330  8360 D JobIntentService: Starting service for work: Intent { cmp=com.amazon.venezia/.card.producer.VeneziaCardMakerService (has extras) }
02-05 01:26:41.759  3611  5425 D ActivityManager: cleanUpApplicationRecord -- 8064
02-05 01:26:41.759  4330  4342 W art     : Suspending all threads took: 17.448ms
02-05 01:26:41.761  4330  4330 D JobIntentService: ensureProcessorRunningLocked
02-05 01:26:41.761  4330  4330 D JobIntentService: Starting handler with WAKE_LOCK: Handler (com.amazon.android.service.JobIntentService$CommandProcessor) {d15e91f}
02-05 01:26:41.762  4330  4330 D JobIntentService: Starting service for work: Intent { act=com.amazon.mas.client.locker.APP_UPDATE (has extras) }
02-05 01:26:41.807  4330  4330 D JobIntentService: ensureProcessorRunningLocked
02-05 01:26:41.809  4330  4330 D JobIntentService: Starting handler with WAKE_LOCK: Handler (com.amazon.android.service.JobIntentService$CommandProcessor) {6e6bfe7}
02-05 01:26:41.810  4330  4330 D JobIntentService: Starting service for work: Intent { act=com.amazon.mas.client.locker.APP_UPDATE cat=[com.amazon.mas.client.locker.category.NON_SYNC_EVENT] flg=0x10 cmp=com.amazon.venezia/.device.DeviceNotificationService (has extras) }
02-05 01:26:41.827  4330  4330 D JobIntentService: ensureProcessorRunningLocked
02-05 01:26:41.844  4330  4330 D JobIntentService: Starting handler with WAKE_LOCK: Handler (com.amazon.android.service.JobIntentService$CommandProcessor) {6557383}
02-05 01:26:41.895  4330  8763 W AmazonAppstore.AmazonDownloader: Duplicate request found for localDownloadId 302; translated status=1; reason=0
02-05 01:26:41.901  4330  4330 D JobIntentService: Starting service for work: Intent { act=com.amazon.mas.client.locker.APP_UPDATE cat=[com.amazon.mas.client.locker.category.NON_SYNC_EVENT] flg=0x10 cmp=com.amazon.venezia/com.amazon.mas.client.licensing.tokens.ContentTokenService (has extras) }
02-05 01:26:41.911  4330  4330 D JobIntentService: ensureProcessorRunningLocked
02-05 01:26:41.913  4330  4330 D JobIntentService: Starting handler with WAKE_LOCK: Handler (com.amazon.android.service.JobIntentService$CommandProcessor) {311fbf5}
02-05 01:26:41.974  4330  8763 W AmazonAppstore.AmazonDownloader: Request with app ID 302 already in progress.  Not enqueuing. 
02-05 01:26:41.974  4330  8763 I AmazonAppstore.QueueReaderTask: Done processing a row!
02-05 01:26:41.975  4330  8763 I AmazonAppstore.QueueReaderTask: 1 rows read.
02-05 01:26:42.031  8764  8789 I FrameworkJumpTable: Successfully loaded all classes
02-05 01:26:42.058  3611  3620 I art     : Background partial concurrent mark sweep GC freed 12467(414KB) AllocSpace objects, 0(0B) LOS objects, 33% free, 16MB/24MB, paused 3.666ms total 222.064ms
02-05 01:26:42.127  3735  4071 E bt_btif : bta_hh_le_input_rpt_notify uuid=0x2a4d srv_handle=79 is_bl_svc_primary=1
02-05 01:26:42.178  8764  8789 I FrameworkJumpTable: Successfully loaded all methods
02-05 01:26:42.192  8764  8789 I FrameworkJumpTable: Successfully loaded all fields
02-05 01:26:42.192  8764  8789 I FrameworkJumpTable: Successfully loaded all constructors
02-05 01:26:42.227  3735  4071 E bt_btif : bta_hh_le_input_rpt_notify uuid=0x2a4d srv_handle=79 is_bl_svc_primary=1
02-05 01:26:42.283  3281  7281 I Node    : dolby-audio-meter, AdapterPcmSystem adapter audio meter: channel 0; audio level: 0.000
02-05 01:26:42.283  3281  7281 I Node    : dolby-audio-meter, AdapterPcmSystem adapter audio meter: channel 1; audio level: 0.000
02-05 01:26:42.283  3281  7281 I Node    : dolby-audio-meter, AdapterPcmOut adapter audio meter: channel 0; audio level: 0.000
02-05 01:26:42.283  3281  7281 I Node    : dolby-audio-meter, AdapterPcmOut adapter audio meter: channel 1; audio level: 0.000
02-05 01:26:42.291  4318  4318 E LayoutTransform: Event not handled: VerticalGridViewExpand
02-05 01:26:42.312  3735  4071 E bt_btif : bta_hh_le_input_rpt_notify uuid=0x2a4d srv_handle=79 is_bl_svc_primary=1
02-05 01:26:42.368  3281  4054 W AudioFlinger: createTrack_l(): mismatch between requested flags (00000004) and output flags (00000002)
02-05 01:26:42.370  3611  3680 W AudioTrack: AUDIO_OUTPUT_FLAG_FAST denied by server; frameCount 3601
02-05 01:26:42.372  3611  5448 I AmazonPowerManagerVendorCallback: Wakelock acquired UID:1041 PID:0 Tag:AudioMix
02-05 01:26:42.375  3281  7261 I DolbyAudioStreamOut: write, new playback through Dolby proxy. Format=0x1, ChannelMask=0x3, SamplingRate=48000Hz
02-05 01:26:42.379  3281  7261 I DolbyAudioHwDeviceProxy: resumeDownstream() for device:0x400
02-05 01:26:42.382  3611  4213 I ActivityManager: Start proc 8797:com.amazon.ceviche/u0a72 for content provider com.amazon.ceviche/.TrackEventsContentProvider
02-05 01:26:42.402  4318  4318 I FeaturedRotatorSelectio: SelectionReportEvent(super=BaseEvent(super=BlackbirdCommonBase(bbcSenderVersion=0, bbcReceiverVersion=0), source=null, creationTimestamp=1580884002397, additionalInfo={"isAdSlot":true,"placementName":"Launcher.Home.FR.1"}, eventMetadata=null, reportMetadata=null, isScreenMagnifierEnabled=null, screenState=null, ad=FeaturedRotatorAd(super=StaticImageAd(super=BlackbirdAd(super=BlackbirdCommonBase(bbcSenderVersion=0, bbcReceiverVersion=0), placementName=Launcher.Home.FR.1, adRole=mainAd, ttlMinutes=235, expirationTime=1580898023260, adId=2144079340701, adVersion=1580767816000, creativeId=2876545920201, impressionUrl=http://aax-us-east.amazon-adsystem.com/e/msdk/imp?b=IsRSp5Ffy8x9tCDt3NhkUA8AAAFwFAZPqAEAABAHA7pvODM, additionalAviaryMetadataJsonString={"ThreePProviders":null,"adRequestId":"Sh6g0kJYNl6Ws4PyA3zbnQ","bidId":"xFKnkV.LzH20IO3c2GRQDw","eventTrackers":{},"firstPartyReportingJSFileURL":"https://d3a510xmpll7o6.cloudfront.net/v3.5/firstPartyReporting.min.js"}, additionalBlackbirdMetadataJsonString={"refreshStrategy":"Preload"}, cacheId=13), accessibilityText=The Masked Singer. Tomorrow 8/7c on Fox., imageUrl=https://images-na.ssl-images-amazon.com/images/G/01/kso-blackbird-creatives/EDIT-ME---background-image2-3c3ff7ad-4d85-49b4-b8c8-52c1bd157e55.jpg, clickIntentUrl=amzn://com.amazon.kso.blackbird/clp?loading=true&url=https://www.amazon.com/firetvadlp/a57cf5cd&pl=Launcher.Home.FR.1), videoUrl=https://dz1vmszs6rjp8.cloudfront.net/b8faf88a-a5ed-413d-b742-0d3aad6289b8/video.mp4, logoUrl=https://images-na.ssl-images-amazon.com/images/G/01/kso-blackbird-creatives/EDIT-ME---logo11-tomorrow-62cf3257-cc16-4ad7-a987-bff1c56e4806.png)), isSelected=true, selectionDuration=0)
02-05 01:26:42.412  3281  7261 I DolbyAudioStreamOut: getLatency() Total latency:197ms (Downstream:63ms, DMA:134ms, tuning:0ms, tuningBT:0ms), input format:0x1, sink:0x400, UxOutSetting:0, CurOutFormat:0x1
02-05 01:26:42.415  4318  4318 I MobileWeblabClientManag: Feature treatment for feature FTV_ENGAGEMENT_AR_FR_187881 is : C
02-05 01:26:42.421  3281  7261 I DolbyAudioStreamOut: getLatency() Total latency:194ms (Downstream:60ms, DMA:134ms, tuning:0ms, tuningBT:0ms), input format:0x1, sink:0x400, UxOutSetting:0, CurOutFormat:0x1
02-05 01:26:42.471  3611  5425 I MediaFocusControl:  AudioFocus  abandonAudioFocus() from uid/pid 10126/4318 clientId=com.amazon.media.AmazonAudioManager@4302694
02-05 01:26:42.478  4318  4318 I FeaturedRotatorSelectio: SelectionReportEvent(super=BaseEvent(super=BlackbirdCommonBase(bbcSenderVersion=0, bbcReceiverVersion=0), source=null, creationTimestamp=1580884002478, additionalInfo={"isAdSlot":true,"placementName":"Launcher.Home.FR.1"}, eventMetadata=null, reportMetadata=null, isScreenMagnifierEnabled=null, screenState=null, ad=FeaturedRotatorAd(super=StaticImageAd(super=BlackbirdAd(super=BlackbirdCommonBase(bbcSenderVersion=0, bbcReceiverVersion=0), placementName=Launcher.Home.FR.1, adRole=mainAd, ttlMinutes=235, expirationTime=1580898023260, adId=2144079340701, adVersion=1580767816000, creativeId=2876545920201, impressionUrl=http://aax-us-east.amazon-adsystem.com/e/msdk/imp?b=IsRSp5Ffy8x9tCDt3NhkUA8AAAFwFAZPqAEAABAHA7pvODM, additionalAviaryMetadataJsonString={"ThreePProviders":null,"adRequestId":"Sh6g0kJYNl6Ws4PyA3zbnQ","bidId":"xFKnkV.LzH20IO3c2GRQDw","eventTrackers":{},"firstPartyReportingJSFileURL":"https://d3a510xmpll7o6.cloudfront.net/v3.5/firstPartyReporting.min.js"}, additionalBlackbirdMetadataJsonString={"refreshStrategy":"Preload"}, cacheId=13), accessibilityText=The Masked Singer. Tomorrow 8/7c on Fox., imageUrl=https://images-na.ssl-images-amazon.com/images/G/01/kso-blackbird-creatives/EDIT-ME---background-image2-3c3ff7ad-4d85-49b4-b8c8-52c1bd157e55.jpg, clickIntentUrl=amzn://com.amazon.kso.blackbird/clp?loading=true&url=https://www.amazon.com/firetvadlp/a57cf5cd&pl=Launcher.Home.FR.1), videoUrl=https://dz1vmszs6rjp8.cloudfront.net/b8faf88a-a5ed-413d-b742-0d3aad6289b8/video.mp4, logoUrl=https://images-na.ssl-images-amazon.com/images/G/01/kso-blackbird-creatives/EDIT-ME---logo11-tomorrow-62cf3257-cc16-4ad7-a987-bff1c56e4806.png)), isSelected=false, selectionDuration=63624673)
02-05 01:26:42.485  4155  5094 D WakeWordService: event audio_playback with value 1 and decoderId WakeWordService_input_decoder has been pushed into Pryon
02-05 01:26:42.487  3735  4071 E bt_btif : bta_hh_le_input_rpt_notify uuid=0x2a4d srv_handle=79 is_bl_svc_primary=1
02-05 01:26:42.489  4318  8794 W AmazonKeyEventLogging: remote_perf key event latency detected [Source: ViewRootImpl, KeyCode: KEYCODE_XXXX, IsDown: 1, Repeat: 0, EventTime: 124717, Latency: 205, DeviceId: 6, AppPackage: com.amazon.tv.launcher]
02-05 01:26:42.489  4318  8794 W AmazonKeyEventLogging: remote_perf key event latency detected [Source: ViewRootImpl, KeyCode: KEYCODE_XXXX, IsDown: 0, Repeat: 0, EventTime: 124817, Latency: 261, DeviceId: 6, AppPackage: com.amazon.tv.launcher]
02-05 01:26:42.500  4318  4318 I MobileWeblabClientManag: Feature treatment for feature FTV_ENGAGEMENT_CONTEXT_MENU_HINTS_181031 is : C
02-05 01:26:42.506  3611  3620 I art     : Background partial concurrent mark sweep GC freed 4317(157KB) AllocSpace objects, 0(0B) LOS objects, 33% free, 16MB/24MB, paused 18.117ms total 274.282ms
02-05 01:26:42.510  3281  7261 I DolbyAudioStreamOut: getLatency() Total latency:197ms (Downstream:63ms, DMA:134ms, tuning:0ms, tuningBT:0ms), input format:0x1, sink:0x400, UxOutSetting:0, CurOutFormat:0x1
02-05 01:26:42.512  4318  4318 I MobileWeblabClientManag: Feature treatment for feature FTV_ENGAGEMENT_CONTEXT_MENU_HINTS_181031 is : C
02-05 01:26:42.517  3611  5446 I MediaFocusControl:  AudioFocus  abandonAudioFocus() from uid/pid 10126/4318 clientId=com.amazon.media.AmazonAudioManager@4302694
02-05 01:26:42.518  3281  7261 I DolbyAudioStreamOut: getLatency() Total latency:192ms (Downstream:58ms, DMA:134ms, tuning:0ms, tuningBT:0ms), input format:0x1, sink:0x400, UxOutSetting:0, CurOutFormat:0x1
02-05 01:26:42.524  4318  8794 W AmazonKeyEventLogging: remote_perf key event latency detected [Source: ViewRootImpl, KeyCode: KEYCODE_XXXX, IsDown: 1, Repeat: 0, EventTime: 124901, Latency: 212, DeviceId: 6, AppPackage: com.amazon.tv.launcher]
02-05 01:26:42.590  3281  7261 I DolbyAudioStreamOut: getLatency() Total latency:194ms (Downstream:60ms, DMA:134ms, tuning:0ms, tuningBT:0ms), input format:0x1, sink:0x400, UxOutSetting:0, CurOutFormat:0x1
02-05 01:26:42.604  3281  7261 I DolbyAudioStreamOut: getLatency() Total latency:195ms (Downstream:61ms, DMA:134ms, tuning:0ms, tuningBT:0ms), input format:0x1, sink:0x400, UxOutSetting:0, CurOutFormat:0x1
02-05 01:26:42.616  8797  8797 I art     : Starting a blocking GC AddRemoveAppImageSpace
02-05 01:26:42.618  8797  8797 W System  : ClassLoader referenced unknown path: /system/priv-app/com.amazon.ceviche/lib/arm
02-05 01:26:42.618  8797  8797 W System  : ClassLoader referenced unknown path: /system/priv-app/MetricsApi/lib/arm
02-05 01:26:42.619  8797  8797 W System  : ClassLoader referenced unknown path: /system/priv-app/amazon.jackson-19/lib/arm
02-05 01:26:42.633  4318  4318 D Cloverleaf_ImageCache: Image Cache Size (KB): 8537
02-05 01:26:42.637  3281  7261 I DolbyAudioStreamOut: getLatency() Total latency:197ms (Downstream:63ms, DMA:134ms, tuning:0ms, tuningBT:0ms), input format:0x1, sink:0x400, UxOutSetting:0, CurOutFormat:0x1
02-05 01:26:42.642  4155  4743 I WakeWordService: DecoderID=WakeWordService_playback_decoder: recognition_id=WakeWordService_playback_decoder-0: Observed consecutive frames of digital silence: 8902
02-05 01:26:42.645  3281  7261 I DolbyAudioStreamOut: getLatency() Total latency:194ms (Downstream:60ms, DMA:134ms, tuning:0ms, tuningBT:0ms), input format:0x1, sink:0x400, UxOutSetting:0, CurOutFormat:0x1
02-05 01:26:42.655  3735  3838 D BtGatt.GattService: onScanResult() - address=20:F3:DF:4B:AD:D4, rssi=-66
02-05 01:26:42.671  3281  7261 I DolbyAudioStreamOut: getLatency() Total latency:195ms (Downstream:61ms, DMA:134ms, tuning:0ms, tuningBT:0ms), input format:0x1, sink:0x400, UxOutSetting:0, CurOutFormat:0x1
02-05 01:26:42.676  3735  3838 D BtGatt.GattService: onScanResult() - address=84:C0:EF:37:26:01, rssi=-45
02-05 01:26:42.683  3735  3838 D BtGatt.GattService: onScanResult() - address=24:24:21:B9:91:8D, rssi=-76
02-05 01:26:42.715  3735  3838 D BtGatt.GattService: onScanResult() - address=5F:26:62:1D:3D:FA, rssi=-65
02-05 01:26:42.733  8797  8797 I ...h.device.api.MAPInit: Initializing MAP (130050002 / MAPAndroidLib-1.1.215794.0) for app com.amazon.ceviche. MAP release version: 20191023N
02-05 01:26:42.733  3735  3838 D BtGatt.GattService: onScanResult() - address=17:45:B0:89:31:A6, rssi=-95
02-05 01:26:42.734  3735  3838 D BtGatt.GattService: onScanResult() - address=2F:CE:9E:17:71:50, rssi=-93
02-05 01:26:42.737  3735  3838 D BtGatt.GattService: onScanResult() - address=1E:C6:C9:7D:62:5B, rssi=-82
02-05 01:26:42.738  3281  7261 I DolbyAudioStreamOut: getLatency() Total latency:193ms (Downstream:59ms, DMA:134ms, tuning:0ms, tuningBT:0ms), input format:0x1, sink:0x400, UxOutSetting:0, CurOutFormat:0x1
02-05 01:26:42.740  3735  3838 D BtGatt.GattService: onScanResult() - address=33:D3:04:49:6E:26, rssi=-77
02-05 01:26:42.743  3735  3838 D BtGatt.GattService: onScanResult() - address=84:C0:EF:37:26:01, rssi=-45
02-05 01:26:42.749  8797  8797 W ...eviche/MetricsHelper: ThirdParty DCP metrics not supported
02-05 01:26:42.751  8797  8797 W ...eviche/MetricsHelper: Metrics component is not integrated. Please integrate with latest metrics component no later than March 2019.
02-05 01:26:42.755  8797  8797 I ...eviche/MetricsHelper: FireOS DCP metrics is supported
02-05 01:26:42.756  8797  8797 I ...eviche/MetricsHelper: Using the FireOSPlatformDCPMetricsCollector
02-05 01:26:42.757  3735  3838 D BtGatt.GattService: onScanResult() - address=20:F3:DF:4B:AD:D4, rssi=-66
02-05 01:26:42.766  3281  7261 I DolbyAudioStreamOut: getLatency() Total latency:194ms (Downstream:60ms, DMA:134ms, tuning:0ms, tuningBT:0ms), input format:0x1, sink:0x400, UxOutSetting:0, CurOutFormat:0x1
02-05 01:26:42.775  8797  8797 V MetricsServiceConnection: getService : Sent explicit intent to bind to metrics service. Service will be bound asynchronously.
02-05 01:26:42.802  8797  8797 D AndroidMetricsFactoryImpl: shouldRecordMetrics : First time check recordMetricsSetting
02-05 01:26:42.802  8797  8797 D MetricsServiceWrapper: getRecordMetricsSetting : metrics service is not yet registed with the ServiceManager, use default record Metrics setting: true.
02-05 01:26:42.803  8797  8797 D AndroidMetricsFactoryImpl: shouldRecordMetrics : lastRecordSettingReadTime after IPC call getRecordMetricsSetting : 1580884002803
02-05 01:26:42.810  4155  4743 D WakeWordService: DecoderID=WakeWordService_playback_decoder: recognition_id=WakeWordService_playback_decoder-0: Observed consecutive frames of digital silence: 12
02-05 01:26:42.827  8797  8797 W MetricsServiceWrapper: record : MetricsService not yet bound. Buffering MetricRecord. Program=com.amazon.ceviche Source=MAPInit:initialize
02-05 01:26:42.830  8797  8797 I ...mDCPMetricsCollector: Successfully create FireOSPlatformDCPMetricsCollector.
02-05 01:26:42.833  8797  8797 I ...eviche/MetricsHelper: FireOS Periodic metrics is supported
02-05 01:26:42.836  8764  8789 W DownloadInfo: adding download to handler queue:304
02-05 01:26:42.836  8797  8797 I ...odicMetricsCollector: Successfully create FireOSPeriodicMetricsCollector.
02-05 01:26:42.841  8797  8797 I ...h.device.api.MAPInit: Running MAPInit on main thread: true
02-05 01:26:42.846  3735  3838 D BtGatt.GattService: onScanResult() - address=84:C0:EF:37:26:01, rssi=-45
02-05 01:26:42.847  3735  3838 D BtGatt.GattService: onScanResult() - address=2F:CE:9E:17:71:50, rssi=-91
02-05 01:26:42.847  3735  3838 D BtGatt.GattService: onScanResult() - address=1E:C6:C9:7D:62:5B, rssi=-83
02-05 01:26:42.848  3735  3838 D BtGatt.GattService: onScanResult() - address=33:D3:04:49:6E:26, rssi=-80
02-05 01:26:42.863  8797  8816 I ...ures.FeatureSetCache: Caching feature IsolateApplication as false
02-05 01:26:42.867  8797  8816 I ...entralTrustLogicImpl: Current package is: com.amazon.ceviche. Directly trust central package: com.amazon.imp, since it is system MAP library
02-05 01:26:42.871  8797  8816 I ...tils.CentralApkUtils: Retrieved central APK info from package manager using content provider content://com.amazon.map.generic_ipc. The package name is : com.amazon.imp and version is: 130327110.
02-05 01:26:42.850  8797  8797 I CevicheService: [main][CevicheServiceApplication] onCreate: Initialized Ceviche Service (CevicheService-1.0.690.0)
02-05 01:26:42.881  3735  3838 D BtGatt.GattService: onScanResult() - address=84:C0:EF:37:28:13, rssi=-93
02-05 01:26:42.889  3735  3838 D BtGatt.GattService: onScanResult() - address=5B:55:93:1E:D5:30, rssi=-84
02-05 01:26:42.894  3735  3838 D BtGatt.GattService: onScanResult() - address=20:DA:22:23:BF:F1, rssi=-66
02-05 01:26:42.903  8797  8797 V MetricsServiceConnection: onServiceConnected : service android.os.BinderProxy@2f66739
02-05 01:26:42.905  8797  8819 I ...taStorageFactoryImpl: Creating new DataStorageFactoryImpl
02-05 01:26:42.905  8797  8819 I ...amework.MAPInitTasks: Get DataStorage instance for initialization
02-05 01:26:42.905  8797  8819 I ...taStorageFactoryImpl: Initializing new DataStorage
02-05 01:26:42.905  8797  8821 W MetricsServiceWrapper: record : MetricsService not yet bound. Buffering MetricRecord. Program=CevicheService Source=com.amazon.ceviche
02-05 01:26:42.906  7706  8381 W Xa      : Application name is not set. Call Builder#setApplicationName.
02-05 01:26:42.907  8797  8819 I ...DeviceAttributeCache: Setting device attribute CentralAPK to true
02-05 01:26:42.908  8797  8819 I ...taStorageFactoryImpl: Creating and using new NonCanonicalDataStorage
02-05 01:26:42.931  7706  8699 W Xa      : Application name is not set. Call Builder#setApplicationName.
02-05 01:26:42.934  3735  3838 D BtGatt.GattService: onScanResult() - address=84:C0:EF:37:26:01, rssi=-45
02-05 01:26:42.938  3735  3838 D BtGatt.GattService: onScanResult() - address=32:43:A1:35:32:F0, rssi=-60
02-05 01:26:42.939  4272  4396 I MAPMetricsTransport: Response body: 
02-05 01:26:42.939  4272  4396 I MAPMetricsTransport: Successfully uploaded metrics data; code: 200, message: OK
02-05 01:26:42.939  4272  4396 I MAPMetricsTransport: Manually releasing wifi lock
02-05 01:26:42.944  8797  8809 I FrameworkJumpTable: Successfully loaded all classes
02-05 01:26:42.950  4272  4396 I MAPMetricsTransport: Manually releasing wake lock
02-05 01:26:42.953  3735  3838 D BtGatt.GattService: onScanResult() - address=1E:C6:C9:7D:62:5B, rssi=-83
02-05 01:26:42.962  3735  3838 D BtGatt.GattService: onScanResult() - address=52:16:1D:B8:4C:8F, rssi=-84
02-05 01:26:42.970  7706  7744 W GooglePlayServicesUtil: Google Play Store is missing.
02-05 01:26:42.985  3735  3838 D BtGatt.GattService: onScanResult() - address=5F:26:62:1D:3D:FA, rssi=-66
02-05 01:26:42.994  3735  3838 D BtGatt.GattService: onScanResult() - address=24:24:21:B9:91:8D, rssi=-84
02-05 01:26:43.001  4272  4396 I MAPMetricsTransport: Acquiring wake lock with timeout: 300000ms
02-05 01:26:43.008  4272  4396 I MAPMetricsTransport: Acquiring wifi lock
02-05 01:26:43.028  4272  4282 I art     : Background sticky concurrent mark sweep GC freed 7928(934KB) AllocSpace objects, 24(736KB) LOS objects, 22% free, 5MB/7MB, paused 13.894ms total 343.581ms
02-05 01:26:43.039  3735  3838 D BtGatt.GattService: onScanResult() - address=32:43:A1:35:32:F0, rssi=-61
02-05 01:26:43.045  3735  3838 D BtGatt.GattService: onScanResult() - address=17:45:B0:89:31:A6, rssi=-94
02-05 01:26:43.053  3735  3838 D BtGatt.GattService: onScanResult() - address=33:D3:04:49:6E:26, rssi=-76
02-05 01:26:43.055  3735  3838 D BtGatt.GattService: onScanResult() - address=1E:C6:C9:7D:62:5B, rssi=-82
02-05 01:26:43.065  3735  3838 D BtGatt.GattService: onScanResult() - address=84:C0:EF:37:26:01, rssi=-45
02-05 01:26:43.104  3735  3838 D BtGatt.GattService: onScanResult() - address=24:24:21:B9:91:8D, rssi=-84
02-05 01:26:43.105  3735  3838 D BtGatt.GattService: onScanResult() - address=47:E7:35:46:19:2A, rssi=-86
02-05 01:26:43.113  3735  3838 D BtGatt.GattService: onScanResult() - address=5C:74:E5:CD:02:E2, rssi=-79
02-05 01:26:43.124  3735  3838 D BtGatt.GattService: onScanResult() - address=84:C0:EF:37:26:01, rssi=-45
02-05 01:26:43.143  3735  3838 D BtGatt.GattService: onScanResult() - address=32:43:A1:35:32:F0, rssi=-61
02-05 01:26:43.160  3735  3838 D BtGatt.GattService: onScanResult() - address=2F:CE:9E:17:71:50, rssi=-92
02-05 01:26:43.161  3735  3838 D BtGatt.GattService: onScanResult() - address=33:D3:04:49:6E:26, rssi=-81
02-05 01:26:43.161  3735  3838 D BtGatt.GattService: onScanResult() - address=1E:C6:C9:7D:62:5B, rssi=-83
02-05 01:26:43.167  8797  8809 I FrameworkJumpTable: Successfully loaded all methods
02-05 01:26:43.177  3735  3838 D BtGatt.GattService: onScanResult() - address=20:F3:DF:4B:AD:D4, rssi=-66
02-05 01:26:43.183  8797  8809 I FrameworkJumpTable: Successfully loaded all fields
02-05 01:26:43.183  8797  8809 I FrameworkJumpTable: Successfully loaded all constructors
02-05 01:26:43.200  4155  4919 D WakeWordService: event audio_playback with value 0 and decoderId WakeWordService_input_decoder has been pushed into Pryon
02-05 01:26:43.200  8797  8819 I ...rustedPackageManager: Trying to use default signature based package trust logic. This should be on 3P device
02-05 01:26:43.200  8797  8819 I ...rustedPackageManager: Setting package trust logic as: signature based package trust logic
02-05 01:26:43.225  3735  3838 D BtGatt.GattService: onScanResult() - address=84:C0:EF:37:26:01, rssi=-46
02-05 01:26:43.232  3735  3748 I art     : Background sticky concurrent mark sweep GC freed 40260(2030KB) AllocSpace objects, 6(120KB) LOS objects, 52% free, 3MB/6MB, paused 41.279ms total 87.658ms
02-05 01:26:43.234  3735  3838 D BtGatt.GattService: onScanResult() - address=52:16:1D:B8:4C:8F, rssi=-85
02-05 01:26:43.242  3735  3838 D BtGatt.GattService: onScanResult() - address=32:43:A1:35:32:F0, rssi=-60
02-05 01:26:43.255  3735  3838 D BtGatt.GattService: onScanResult() - address=33:D3:04:49:6E:26, rssi=-78
02-05 01:26:43.259  3735  3838 D BtGatt.GattService: onScanResult() - address=1E:C6:C9:7D:62:5B, rssi=-82
02-05 01:26:43.264  3735  3838 D BtGatt.GattService: onScanResult() - address=84:C0:EF:37:26:01, rssi=-46
02-05 01:26:43.287  8797  8818 D RemoteConfigurationManager: Skipping default configuration saving
02-05 01:26:43.325  3735  3838 D BtGatt.GattService: onScanResult() - address=84:C0:EF:37:26:01, rssi=-46
02-05 01:26:43.348  8797  8819 I ...amework.MAPInitTasks: Initialize DataStorage instance
02-05 01:26:43.348  8797  8819 I ...amework.MAPInitTasks: Setup DataStorage instance
02-05 01:26:43.348  4272  4396 I ...ls.DeviceTypeHelpers: com.amazon.client.metrics is trying to get device type
02-05 01:26:43.349  4272  4396 I ...onInformationQueryer: Populate change for remote MAP info.
02-05 01:26:43.349  4272  4396 I ...onInformationQueryer: CacheContainsPartialResults? true
02-05 01:26:43.349  7949  7969 I AmazonCMS: CMS is no longer being used, shutting down...
02-05 01:26:43.360  3735  3838 D BtGatt.GattService: onScanResult() - address=84:C0:EF:37:26:01, rssi=-45
02-05 01:26:43.364  3735  3838 D BtGatt.GattService: onScanResult() - address=1E:C6:C9:7D:62:5B, rssi=-81
02-05 01:26:43.374  3735  3838 D BtGatt.GattService: onScanResult() - address=7D:7B:2C:DF:E4:6C, rssi=-83
02-05 01:26:43.378  3735  3838 D BtGatt.GattService: onScanResult() - address=47:E7:35:46:19:2A, rssi=-84
02-05 01:26:43.383  3735  3838 D BtGatt.GattService: onScanResult() - address=20:F3:DF:4B:AD:D4, rssi=-66
02-05 01:26:43.387  4272  4396 E ...ls.DeviceTypeHelpers: Cannnot get remove map information even including the calling app itself!
02-05 01:26:43.396  3735  3838 D BtGatt.GattService: onScanResult() - address=5C:74:E5:CD:02:E2, rssi=-78
02-05 01:26:43.401  8797  8819 I ...amework.MAPInitTasks: Start update legacy authportal domain in database if needed
02-05 01:26:43.402  8797  8819 W ...h.device.api.MAPInit: AdsIdentity class not found.
02-05 01:26:43.415  3735  3838 D BtGatt.GattService: onScanResult() - address=24:24:21:B9:91:8D, rssi=-85
02-05 01:26:43.427  3735  4071 E bt_btif : bta_hh_le_input_rpt_notify uuid=0x2a4d srv_handle=79 is_bl_svc_primary=1
02-05 01:26:43.424  3735  3838 D BtGatt.GattService: onScanResult() - address=84:C0:EF:37:26:01, rssi=-45
02-05 01:26:43.430  8797  8818 I ...eviche/MetricsHelper: Using the FireOSPlatformDCPMetricsCollector
02-05 01:26:43.440  3735  3838 D BtGatt.GattService: onScanResult() - address=5B:55:93:1E:D5:30, rssi=-84
02-05 01:26:43.440  4318  4318 I MobileWeblabClientManag: Feature treatment for feature FTV_ENGAGEMENT_CONTEXT_MENU_HINTS_181031 is : C
02-05 01:26:43.455  3735  3838 D BtGatt.GattService: onScanResult() - address=84:C0:EF:37:26:01, rssi=-45
02-05 01:26:43.458  3735  3838 D BtGatt.GattService: onScanResult() - address=32:43:A1:35:32:F0, rssi=-61
02-05 01:26:43.462  8797  8818 I ...mDCPMetricsCollector: Successfully create FireOSPlatformDCPMetricsCollector.
02-05 01:26:43.506  3735  3838 D BtGatt.GattService: onScanResult() - address=52:16:1D:B8:4C:8F, rssi=-82
02-05 01:26:43.536  4318  4318 I MobileWeblabClientManag: Feature treatment for feature FTV_ENGAGEMENT_ALEXA_HINTS_NON_STARK_211642 is : T1
02-05 01:26:43.542  3281  7261 I DolbyAudioStreamOut: getLatency() Total latency:197ms (Downstream:63ms, DMA:134ms, tuning:0ms, tuningBT:0ms), input format:0x1, sink:0x400, UxOutSetting:0, CurOutFormat:0x1
02-05 01:26:43.546  4330  4342 W art     : Suspending all threads took: 5.134ms
02-05 01:26:43.552  4318  4318 I PagingDataSourceDataController: Replacing previous item with updated item
02-05 01:26:43.553  4318  4318 I PagingDataSourceDataController: Replacing previous item with updated item
02-05 01:26:43.553  4318  4318 I PagingDataSourceDataController: Replacing previous item with updated item
02-05 01:26:43.553  4318  4318 I PagingDataSourceDataController: Replacing previous item with updated item
02-05 01:26:43.553  4318  4318 I PagingDataSourceDataController: Replacing previous item with updated item
02-05 01:26:43.554  4318  4318 I PagingDataSourceDataController: Replacing previous item with updated item
02-05 01:26:43.554  4318  4318 I PagingDataSourceDataController: Replacing previous item with updated item
02-05 01:26:43.554  4318  4318 I PagingDataSourceDataController: Replacing previous item with updated item
02-05 01:26:43.554  4318  4318 I PagingDataSourceDataController: Replacing previous item with updated item
02-05 01:26:43.554  4318  4318 I PagingDataSourceDataController: Replacing previous item with updated item
02-05 01:26:43.555  3735  3838 D BtGatt.GattService: onScanResult() - address=84:C0:EF:37:26:01, rssi=-45
02-05 01:26:43.565  3735  3838 D BtGatt.GattService: onScanResult() - address=32:43:A1:35:32:F0, rssi=-61
02-05 01:26:43.569  3281  7261 I DolbyAudioStreamOut: getLatency() Total latency:196ms (Downstream:62ms, DMA:134ms, tuning:0ms, tuningBT:0ms), input format:0x1, sink:0x400, UxOutSetting:0, CurOutFormat:0x1
02-05 01:26:43.577  4155  5094 D WakeWordService: event audio_playback with value 1 and decoderId WakeWordService_input_decoder has been pushed into Pryon
02-05 01:26:43.577  3735  3838 D BtGatt.GattService: onScanResult() - address=33:D3:04:49:6E:26, rssi=-84
02-05 01:26:43.581  3735  3838 D BtGatt.GattService: onScanResult() - address=1E:C6:C9:7D:62:5B, rssi=-83
02-05 01:26:43.590  3735  4071 E bt_btif : bta_hh_le_input_rpt_notify uuid=0x2a4d srv_handle=79 is_bl_svc_primary=1
02-05 01:26:43.600  3735  3838 D BtGatt.GattService: onScanResult() - address=20:F3:DF:4B:AD:D4, rssi=-65
02-05 01:26:43.633  3281  7261 I DolbyAudioStreamOut: getLatency() Total latency:197ms (Downstream:63ms, DMA:134ms, tuning:0ms, tuningBT:0ms), input format:0x1, sink:0x400, UxOutSetting:0, CurOutFormat:0x1
02-05 01:26:43.662  3281  7261 I DolbyAudioStreamOut: getLatency() Total latency:196ms (Downstream:62ms, DMA:134ms, tuning:0ms, tuningBT:0ms), input format:0x1, sink:0x400, UxOutSetting:0, CurOutFormat:0x1
02-05 01:26:43.668  4318  4318 I DisplayControllerDeboun: FTV-CDA: DisplayControllerDebouncer executing Operation List with 11 operations
02-05 01:26:43.701  4162  4423 I com.amazon.imp/f[0]: Using the FireOSPlatformDCPMetricsCollector
02-05 01:26:43.711  4162  4423 I ...PMetricsCollector[0]: Successfully create FireOSPlatformDCPMetricsCollector.
02-05 01:26:43.725  3281  7261 I DolbyAudioStreamOut: getLatency() Total latency:197ms (Downstream:63ms, DMA:134ms, tuning:0ms, tuningBT:0ms), input format:0x1, sink:0x400, UxOutSetting:0, CurOutFormat:0x1
