02-05 01:26:43.746  4155  4743 D WakeWordService: DecoderID=WakeWordService_playback_decoder: recognition_id=WakeWordService_playback_decoder-0: Observed consecutive frames of digital silence: 90
02-05 01:26:43.760  4162  4315 E ...ity.framework.a.a[0]: pid 4272 could not be found
02-05 01:26:43.803  4318  4328 W art     : Suspending all threads took: 113.994ms
02-05 01:26:43.901  4318  4328 I art     : Background partial concurrent mark sweep GC freed 151717(8MB) AllocSpace objects, 12(2MB) LOS objects, 38% free, 25MB/41MB, paused 131.658ms total 667.735ms
02-05 01:26:43.911  4318  4595 I kso.PM.BaseEventHandler: Received an event from Launcher of typeScreenVisibilityEvent
02-05 01:26:43.980  7706  7716 W art     : Suspending all threads took: 7.375ms
02-05 01:26:44.124  4318  6308 I RequestAddCookies: Cookie store not available in HTTP context
02-05 01:26:44.132  3762  6964 I SALE_ImageCache: add(id=ad6b63f9-f19a-4b08-99f0-baf2e319e095, key=largeicon, memSize=921600, diskSize=62087, url=/storage/emulated/0/Pictures/SaleImageCache/ad6b63f9-f19a-4b08-99f0-baf2e319e095/largeicon
02-05 01:26:44.134  3611  3620 W art     : Suspending all threads took: 15.555ms
02-05 01:26:44.142  4155  4919 D WakeWordService: event audio_playback with value 0 and decoderId WakeWordService_input_decoder has been pushed into Pryon
02-05 01:26:44.143  3611  3620 I art     : Background partial concurrent mark sweep GC freed 6637(243KB) AllocSpace objects, 0(0B) LOS objects, 33% free, 16MB/24MB, paused 19.265ms total 358.109ms
02-05 01:26:44.154  3762  3762 W SALE_SaleDatabase:  notifyToSharedRow() : No Lrs present
02-05 01:26:44.155  3762  3762 W SALE_SaleDatabase: RecommendationCardChange(com.tubitv.ott, ad6b63f9-f19a-4b08-99f0-baf2e319e095): Unable to locate LRS, Skipping call to notifyChange()
02-05 01:26:44.167  3735  4071 E bt_btif : bta_hh_le_input_rpt_notify uuid=0x2a4d srv_handle=79 is_bl_svc_primary=1
02-05 01:26:44.309  4318  4318 I MobileWeblabClientManag: Feature treatment for feature FTV_ENGAGEMENT_CONTEXT_MENU_HINTS_181031 is : C
02-05 01:26:44.327  3735  4071 E bt_btif : bta_hh_le_input_rpt_notify uuid=0x2a4d srv_handle=79 is_bl_svc_primary=1
02-05 01:26:44.391  3611  3620 I art     : Background partial concurrent mark sweep GC freed 4179(145KB) AllocSpace objects, 0(0B) LOS objects, 33% free, 16MB/24MB, paused 2.662ms total 200.238ms
02-05 01:26:44.401  4318  6308 I ResponseProcessCookies: Cookie store not available in HTTP context
02-05 01:26:44.408  3281  7261 I DolbyAudioStreamOut: getLatency() Total latency:194ms (Downstream:60ms, DMA:134ms, tuning:0ms, tuningBT:0ms), input format:0x1, sink:0x400, UxOutSetting:0, CurOutFormat:0x1
02-05 01:26:44.426  4318  4318 I MobileWeblabClientManag: Feature treatment for feature FTV_ENGAGEMENT_ALEXA_HINTS_NON_STARK_211642 is : T1
02-05 01:26:44.434  3281  7261 I DolbyAudioStreamOut: getLatency() Total latency:197ms (Downstream:63ms, DMA:134ms, tuning:0ms, tuningBT:0ms), input format:0x1, sink:0x400, UxOutSetting:0, CurOutFormat:0x1
02-05 01:26:44.439  4155  5094 D WakeWordService: event audio_playback with value 1 and decoderId WakeWordService_input_decoder has been pushed into Pryon
02-05 01:26:44.462  3281  7261 I DolbyAudioStreamOut: getLatency() Total latency:196ms (Downstream:62ms, DMA:134ms, tuning:0ms, tuningBT:0ms), input format:0x1, sink:0x400, UxOutSetting:0, CurOutFormat:0x1
02-05 01:26:44.511  3735  4071 E bt_btif : bta_hh_le_input_rpt_notify uuid=0x2a4d srv_handle=79 is_bl_svc_primary=1
02-05 01:26:44.525  3281  7261 I DolbyAudioStreamOut: getLatency() Total latency:197ms (Downstream:63ms, DMA:134ms, tuning:0ms, tuningBT:0ms), input format:0x1, sink:0x400, UxOutSetting:0, CurOutFormat:0x1
02-05 01:26:44.596  3281  7261 I DolbyAudioStreamOut: getLatency() Total latency:190ms (Downstream:56ms, DMA:134ms, tuning:0ms, tuningBT:0ms), input format:0x1, sink:0x400, UxOutSetting:0, CurOutFormat:0x1
02-05 01:26:44.599  8764  8822 W DLState.304: state transition->192
02-05 01:26:44.600  8764  8822 W DownloadManager:AppCallbackManager: Reporting download status for:304app specific id:302 app uid:10137 status:192
02-05 01:26:44.618  4155  4743 D WakeWordService: DecoderID=WakeWordService_playback_decoder: recognition_id=WakeWordService_playback_decoder-0: Observed consecutive frames of digital silence: 81
02-05 01:26:44.668  3735  4071 E bt_btif : bta_hh_le_input_rpt_notify uuid=0x2a4d srv_handle=79 is_bl_svc_primary=1
02-05 01:26:44.685  4225  8331 I whad    : DeviceClusterManager:runProactiveVisibilityTest:started test 4 of 5
02-05 01:26:44.685  4225  8331 I whad    : DeviceClusterManager:runProactiveVisibilityTest:testingId=XX000G
02-05 01:26:44.685  4225  8331 I whad    : DeviceClusterManager:runProactiveVisibilityTest:testingId=XX00G6
02-05 01:26:44.685  4225  8331 I whad    : DeviceClusterManager:runProactiveVisibilityTest:localDevice=XX0044,finished sending proactive test 4 of 5
02-05 01:26:44.686  4225  8832 I whad    : Device:testVisibility:reason=sending,uniqueId=XX00G6
02-05 01:26:44.713  4225  8831 I whad    : Device:testVisibility:reason=sending,uniqueId=XX000G
02-05 01:26:44.728  4318  5722 I AuthenticatedHttpFactory: Refreshing token
02-05 01:26:44.762  4318  5722 I ...uncher/MetricsHelper: Using the FireOSPlatformDCPMetricsCollector
02-05 01:26:44.780  4318  5722 I ...mDCPMetricsCollector: Successfully create FireOSPlatformDCPMetricsCollector.
02-05 01:26:44.786  4162  4297 I com.amazon.imp/f[0]: Using the FireOSPlatformDCPMetricsCollector
02-05 01:26:44.787  4162  4297 I ...PMetricsCollector[0]: Successfully create FireOSPlatformDCPMetricsCollector.
02-05 01:26:44.788  4162  4302 I ...nformationQueryer[0]: Populate change for remote MAP info.
02-05 01:26:44.788  4162  4302 I ...nformationQueryer[0]: CacheContainsPartialResults? true
02-05 01:26:44.807  4318  5722 I AuthenticatedHttpFactory: Auth token retrieved
02-05 01:26:44.808  4318  5722 I System.out: Ignoring header x-amzn-device-subscriptions-state-hash because its value was null.
02-05 01:26:44.808  4318  5722 D FTVCS:MediaBrowseHttpUtils: x-amzn-device-subscriptions-state-hash:null
02-05 01:26:44.855  3611  3620 I art     : Background partial concurrent mark sweep GC freed 7898(267KB) AllocSpace objects, 0(0B) LOS objects, 33% free, 16MB/24MB, paused 4.394ms total 353.281ms
02-05 01:26:45.007  4155  4919 D WakeWordService: event audio_playback with value 0 and decoderId WakeWordService_input_decoder has been pushed into Pryon
02-05 01:26:45.084  4272  4396 I MAPMetricsTransport: Response body: 
02-05 01:26:45.088  4272  4396 I MAPMetricsTransport: Successfully uploaded metrics data; code: 200, message: OK
02-05 01:26:45.097  4272  4396 I MAPMetricsTransport: Manually releasing wifi lock
02-05 01:26:45.104  4272  4396 I MAPMetricsTransport: Manually releasing wake lock
02-05 01:26:45.127  3735  4071 E bt_btif : bta_hh_le_input_rpt_notify uuid=0x2a4d srv_handle=79 is_bl_svc_primary=1
02-05 01:26:45.137  4318  4318 I MobileWeblabClientManag: Feature treatment for feature FTV_ENGAGEMENT_AR_FR_187881 is : C
02-05 01:26:45.138  4318  4318 E LayoutTransform: Event not handled: VerticalGridViewCollapse
02-05 01:26:45.163  4318  4318 E Cloverleaf: Unable to find marker hide in scene BackgroundImage
02-05 01:26:45.166  4318  4318 I MobileWeblabClientManag: Feature treatment for feature FTV_ENGAGEMENT_CONTEXT_MENU_HINTS_181031 is : C
02-05 01:26:45.169  4318  4318 E LayoutTransform: Event not handled: VerticalGridViewExpand
02-05 01:26:45.184  4318  4318 I FeaturedRotatorSelectio: SelectionReportEvent(super=BaseEvent(super=BlackbirdCommonBase(bbcSenderVersion=0, bbcReceiverVersion=0), source=null, creationTimestamp=1580884005184, additionalInfo={"isAdSlot":true,"placementName":"Launcher.Home.FR.1"}, eventMetadata=null, reportMetadata=null, isScreenMagnifierEnabled=null, screenState=null, ad=FeaturedRotatorAd(super=StaticImageAd(super=BlackbirdAd(super=BlackbirdCommonBase(bbcSenderVersion=0, bbcReceiverVersion=0), placementName=Launcher.Home.FR.1, adRole=mainAd, ttlMinutes=235, expirationTime=1580898023260, adId=2144079340701, adVersion=1580767816000, creativeId=2876545920201, impressionUrl=http://aax-us-east.amazon-adsystem.com/e/msdk/imp?b=IsRSp5Ffy8x9tCDt3NhkUA8AAAFwFAZPqAEAABAHA7pvODM, additionalAviaryMetadataJsonString={"ThreePProviders":null,"adRequestId":"Sh6g0kJYNl6Ws4PyA3zbnQ","bidId":"xFKnkV.LzH20IO3c2GRQDw","eventTrackers":{},"firstPartyReportingJSFileURL":"https://d3a510xmpll7o6.cloudfront.net/v3.5/firstPartyReporting.min.js"}, additionalBlackbirdMetadataJsonString={"refreshStrategy":"Preload"}, cacheId=13), accessibilityText=The Masked Singer. Tomorrow 8/7c on Fox., imageUrl=https://images-na.ssl-images-amazon.com/images/G/01/kso-blackbird-creatives/EDIT-ME---background-image2-3c3ff7ad-4d85-49b4-b8c8-52c1bd157e55.jpg, clickIntentUrl=amzn://com.amazon.kso.blackbird/clp?loading=true&url=https://www.amazon.com/firetvadlp/a57cf5cd&pl=Launcher.Home.FR.1), videoUrl=https://dz1vmszs6rjp8.cloudfront.net/b8faf88a-a5ed-413d-b742-0d3aad6289b8/video.mp4, logoUrl=https://images-na.ssl-images-amazon.com/images/G/01/kso-blackbird-creatives/EDIT-ME---logo11-tomorrow-62cf3257-cc16-4ad7-a987-bff1c56e4806.png)), isSelected=true, selectionDuration=0)
02-05 01:26:45.190  4318  4318 I MobileWeblabClientManag: Feature treatment for feature FTV_ENGAGEMENT_AR_FR_187881 is : C
02-05 01:26:45.209  4272  4396 I MAPMetricsTransport: Acquiring wake lock with timeout: 300000ms
02-05 01:26:45.218  4272  4396 I MAPMetricsTransport: Acquiring wifi lock
02-05 01:26:45.237  8764  8822 D NetworkSecurityConfig: No Network Security Config specified, using platform default
02-05 01:26:45.271  3281  7261 I DolbyAudioStreamOut: getLatency() Total latency:197ms (Downstream:63ms, DMA:134ms, tuning:0ms, tuningBT:0ms), input format:0x1, sink:0x400, UxOutSetting:0, CurOutFormat:0x1
02-05 01:26:45.296  3281  7261 I DolbyAudioStreamOut: getLatency() Total latency:196ms (Downstream:62ms, DMA:134ms, tuning:0ms, tuningBT:0ms), input format:0x1, sink:0x400, UxOutSetting:0, CurOutFormat:0x1
02-05 01:26:45.304  4155  5094 D WakeWordService: event audio_playback with value 1 and decoderId WakeWordService_input_decoder has been pushed into Pryon
02-05 01:26:45.307  3735  4071 E bt_btif : bta_hh_le_input_rpt_notify uuid=0x2a4d srv_handle=79 is_bl_svc_primary=1
02-05 01:26:45.319  4318  4595 I kso.PM.BaseEventHandler: Received an event from Launcher of typeScreenVisibilityEvent
02-05 01:26:45.392  3281  7261 I DolbyAudioStreamOut: getLatency() Total latency:194ms (Downstream:60ms, DMA:134ms, tuning:0ms, tuningBT:0ms), input format:0x1, sink:0x400, UxOutSetting:0, CurOutFormat:0x1
02-05 01:26:45.426  3281  7261 I DolbyAudioStreamOut: getLatency() Total latency:196ms (Downstream:62ms, DMA:134ms, tuning:0ms, tuningBT:0ms), input format:0x1, sink:0x400, UxOutSetting:0, CurOutFormat:0x1
02-05 01:26:45.453  3281  7261 I DolbyAudioStreamOut: getLatency() Total latency:197ms (Downstream:63ms, DMA:134ms, tuning:0ms, tuningBT:0ms), input format:0x1, sink:0x400, UxOutSetting:0, CurOutFormat:0x1
02-05 01:26:45.474  4155  4743 D WakeWordService: DecoderID=WakeWordService_playback_decoder: recognition_id=WakeWordService_playback_decoder-0: Observed consecutive frames of digital silence: 81
02-05 01:26:45.504  3611  3620 I art     : Background partial concurrent mark sweep GC freed 10914(376KB) AllocSpace objects, 0(0B) LOS objects, 33% free, 16MB/24MB, paused 6.232ms total 284.580ms
02-05 01:26:45.523  4272  4396 I ...ls.DeviceTypeHelpers: com.amazon.client.metrics is trying to get device type
02-05 01:26:45.523  4272  4396 I ...onInformationQueryer: Populate change for remote MAP info.
02-05 01:26:45.523  4272  4396 I ...onInformationQueryer: CacheContainsPartialResults? true
02-05 01:26:45.533  3762  3762 W SALE_SaleDatabase:  notifyToSharedRow() : No Lrs present
02-05 01:26:45.533  3762  3762 W SALE_SaleDatabase: RecommendationCardChange(com.tubitv.ott, 0ea8cd39-8d19-4f3f-968e-fe0c9e07177f): Unable to locate LRS, Skipping call to notifyChange()
02-05 01:26:45.556  3762  6798 I SALE_ImageCache: add(id=0ea8cd39-8d19-4f3f-968e-fe0c9e07177f, key=largeicon, memSize=921600, diskSize=41973, url=/storage/emulated/0/Pictures/SaleImageCache/0ea8cd39-8d19-4f3f-968e-fe0c9e07177f/largeicon
02-05 01:26:45.581  4225  8831 I whad    : Device:testVisibilitySuccessful:uniqueId=XX000G
02-05 01:26:45.582  4225  8831 I whad    : Device:setDeviceReachability:uniqueId=XX000G,not enough data to determine reachability
02-05 01:26:45.592  4225  8832 I whad    : Device:testVisibilitySuccessful:uniqueId=XX00G6
02-05 01:26:45.592  4225  8832 I whad    : Device:setDeviceReachability:uniqueId=XX00G6,not enough data to determine reachability
02-05 01:26:45.736  4155  4727 V WakeWordService: DecoderID=WakeWordService_input_decoder: recognition_id=WakeWordService_input_decoder-0: scorer: Score upsampling skip count set to fallback: 5
02-05 01:26:45.738  3762  3762 W SALE_SaleDatabase:  notifyToSharedRow() : No Lrs present
02-05 01:26:45.738  3762  3762 W SALE_SaleDatabase: RecommendationCardChange(com.hbo.hbonow, ff2184b7-94b9-4cb7-b274-735c24d0d810): Unable to locate LRS, Skipping call to notifyChange()
02-05 01:26:45.741  8764  8822 W System  : ClassLoader referenced unknown path: 
02-05 01:26:45.741  8764  8822 W System  : ClassLoader referenced unknown path: /system/priv-app/com.amazon.venezia/lib/arm
02-05 01:26:45.759  3762  7204 I SALE_ImageCache: add(id=ff2184b7-94b9-4cb7-b274-735c24d0d810, key=largeicon, memSize=364800, diskSize=46726, url=/storage/emulated/0/Pictures/SaleImageCache/ff2184b7-94b9-4cb7-b274-735c24d0d810/largeicon
02-05 01:26:45.761  8764  8822 W System  : ClassLoader referenced unknown path: /system/priv-app/DeviceMessagingAndroidInternalSDK/lib/arm
02-05 01:26:45.761  8764  8822 W System  : ClassLoader referenced unknown path: /system/priv-app/RemoteSettingsInternalSDK/lib/arm
02-05 01:26:45.761  4155  4727 V WakeWordService: DecoderID=WakeWordService_input_decoder: recognition_id=WakeWordService_input_decoder-0: scorer: Score upsampling skip count set to default: 2
02-05 01:26:45.780  8764  8822 W System  : ClassLoader referenced unknown path: /system/priv-app/DeviceSoftwareOTAContracts/lib/arm
02-05 01:26:45.788  8764  8822 W System  : ClassLoader referenced unknown path: /system/priv-app/MetricsApi/lib/arm
02-05 01:26:45.789  4272  4396 E ...ls.DeviceTypeHelpers: Cannnot get remove map information even including the calling app itself!
02-05 01:26:45.790  8764  8822 W System  : ClassLoader referenced unknown path: /system/priv-app/amazon.jackson-19/lib/arm
02-05 01:26:45.792  8764  8822 W System  : ClassLoader referenced unknown path: /system/priv-app/DeviceClientPlatformContractsFramework/lib/arm
02-05 01:26:45.800  8764  8822 D ApplicationLoaders: ignored Vulkan layer search path /system/priv-app/com.amazon.venezia/lib/arm:/system/lib:/vendor/lib:/system/priv-app/DeviceMessagingAndroidInternalSDK/DeviceMessagingAndroidInternalSDK.apk!/lib/armeabi-v7a:/system/priv-app/DeviceMessagingAndroidInternalSDK/lib/arm:/system/priv-app/DeviceMessagingAndroidInternalSDK/DeviceMessagingAndroidInternalSDK.apk!/lib/armeabi:/system/priv-app/RemoteSettingsInternalSDK/RemoteSettingsInternalSDK.apk!/lib/armeabi-v7a:/system/priv-app/RemoteSettingsInternalSDK/lib/arm:/system/priv-app/RemoteSettingsInternalSDK/RemoteSettingsInternalSDK.apk!/lib/armeabi:/system/priv-app/DeviceSoftwareOTAContracts/DeviceSoftwareOTAContracts.apk!/lib/armeabi-v7a:/system/priv-app/DeviceSoftwareOTAContracts/lib/arm:/system/priv-app/DeviceSoftwareOTAContracts/DeviceSoftwareOTAContracts.apk!/lib/armeabi:/system/priv-app/MetricsApi/MetricsApi.apk!/lib/armeabi-v7a:/system/priv-app/MetricsApi/lib/arm:/system/priv-app/MetricsApi/MetricsApi.apk!/lib/armeabi:/system/priv-app/amazon.jackson-19/amazon.ja
02-05 01:26:45.838  3611  3620 I art     : Background partial concurrent mark sweep GC freed 3995(141KB) AllocSpace objects, 0(0B) LOS objects, 33% free, 16MB/24MB, paused 2.809ms total 170.103ms
02-05 01:26:45.847  7706  8504 W Xa      : Application name is not set. Call Builder#setApplicationName.
02-05 01:26:45.848  7706  8381 W Xa      : Application name is not set. Call Builder#setApplicationName.
02-05 01:26:45.850  8764  8822 D NetworkSecurityConfig: No Network Security Config specified, using platform default
02-05 01:26:45.861  7706  7744 W GooglePlayServicesUtil: Google Play Store is missing.
02-05 01:26:45.887  4155  4919 D WakeWordService: event audio_playback with value 0 and decoderId WakeWordService_input_decoder has been pushed into Pryon
02-05 01:26:45.904  3611  5424 I ActivityManager: Killing 8227:com.amazon.tv.routing/u0a135 (adj 903): empty #17
02-05 01:26:45.919  4162  4194 E ...ity.framework.a.a[0]: pid 4272 could not be found
02-05 01:26:45.927  4272  4282 I art     : Background partial concurrent mark sweep GC freed 19716(1399KB) AllocSpace objects, 31(1980KB) LOS objects, 40% free, 4MB/7MB, paused 1.569ms total 132.484ms
02-05 01:26:45.928  8844  8844 I wifi_log_levels: rssi=-58;noise=-92;channel=44;btcparam27=0x17;txframe=9964;txbyte=2903380;txretrans=536;txerror=27;rxframe=16606;rxbyte=18289117;rxerror=3;rxbadfcs=97046;rxbadplcp=4784;rxcrsglitch=16833;rxstrt=197438;rxdfrmucastmbss=16775;txphyerror=0; 
02-05 01:26:45.980  8847  8847 I wifi_log_levels: phy_tempsense=23; 
02-05 01:26:45.987  4318  4595 I kso.PM.ItemVisibilityHandler: Sent an impression/visibility event to blackbird for processing. Type: impression_Regular Description: {"itemIndex":1,"itemType":"TV_SEASON","ksoItemType":"rankerMerch","physicalItemType":"TvSeason","rowIndex":4,"rowType":"LIST_ROW","screenType":"TAB","visibilityDuration":1564,"visibilityPercentage":87}
02-05 01:26:45.992  4318  4595 I kso.PM.ItemVisibilityHandler: Sent an impression/visibility event to blackbird for processing. Type: impression_Regular Description: {"itemIndex":5,"itemType":"TV_SEASON","ksoItemType":"rankerMerch","physicalItemType":"TvSeason","rowIndex":4,"rowType":"LIST_ROW","screenType":"TAB","visibilityDuration":2219,"visibilityPercentage":87}
02-05 01:26:46.038  4318  4595 I kso.PM.ItemVisibilityHandler: Sent an impression/visibility event to blackbird for processing. Type: impression_Regular Description: {"itemIndex":2,"itemType":"TV_SEASON","ksoItemType":"rankerMerch","physicalItemType":"TvSeason","rowIndex":4,"rowType":"LIST_ROW","screenType":"TAB","visibilityDuration":2259,"visibilityPercentage":87}
02-05 01:26:46.055  8851  8851 I wifi_log_levels: rate=173;rx_rate=173; 
02-05 01:26:46.061  3611  5430 D ActivityManager: cleanUpApplicationRecord -- 8227
02-05 01:26:46.110  8853  8853 I wifi_log_levels: nrate: vht_mcs=8;Nss=2;Tx_Exp=0;bw=bw20;stbc=0;txbf=0;ldpc=1;sgi=1;rspec_auto=auto; 
02-05 01:26:46.126  4318  4595 I kso.PM.ItemVisibilityHandler: Sent an impression/visibility event to blackbird for processing. Type: impression_Regular Description: {"itemIndex":4,"itemType":"TV_SEASON","ksoItemType":"rankerMerch","physicalItemType":"TvSeason","rowIndex":4,"rowType":"LIST_ROW","screenType":"TAB","visibilityDuration":2308,"visibilityPercentage":87}
02-05 01:26:46.132  4318  4595 I kso.PM.ItemVisibilityHandler: Sent an impression/visibility event to blackbird for processing. Type: impression_Regular Description: {"itemIndex":3,"itemType":"TV_SEASON","ksoItemType":"rankerMerch","physicalItemType":"TvSeason","rowIndex":4,"rowType":"LIST_ROW","screenType":"TAB","visibilityDuration":2360,"visibilityPercentage":87}
02-05 01:26:46.133  4318  4595 I kso.PM.BaseEventHandler: Received an event from Launcher of typeScreenVisibilityEvent
02-05 01:26:46.182  8855  8855 I wifi_log_levels: rx_nrate: vht_mcs=8;Nss=2;Rx_Exp=0;bw=bw20;stbc=0;txbf=0;ldpc=1;sgi=1;rspec_auto=auto; 
02-05 01:26:46.218  8856  8856 I wifi_log_levels: max_rssi=-58;min_rssi=-58;max_noise=-92;min_noise=-92; 
02-05 01:26:46.339  3762  3762 I SALE_MyNotificationListener: onNotificationPosted(): Recommendation Received Package Name com.tubitv.ott
02-05 01:26:46.341  4318  6298 I kso.PM.GenericPlacement: reportEventsToService - reporting 8 events to service.;
02-05 01:26:46.342  3762  3762 W SALE_NotificationExtrasUtil: Recommendation Partner Name is missing
02-05 01:26:46.342  3762  3762 W SALE_AbstractRecommendationHandler: Recommendation Partner Name is missing
02-05 01:26:46.443  3611  3620 I art     : Background partial concurrent mark sweep GC freed 8134(272KB) AllocSpace objects, 0(0B) LOS objects, 33% free, 16MB/24MB, paused 3.067ms total 163.733ms
02-05 01:26:46.451  3762  3762 W SALE_SaleDatabase:  notifyToSharedRow() : No Lrs present
02-05 01:26:46.451  3762  3762 W SALE_SaleDatabase: RecommendationCardChange(com.tubitv.ott, 72119e09-4aa9-4aee-b34a-c67639aee28e): Unable to locate LRS, Skipping call to notifyChange()
02-05 01:26:46.464  3762  6964 I SALE_ImageCache: add(id=72119e09-4aa9-4aee-b34a-c67639aee28e, key=largeicon, memSize=921600, diskSize=71624, url=/storage/emulated/0/Pictures/SaleImageCache/72119e09-4aa9-4aee-b34a-c67639aee28e/largeicon
02-05 01:26:46.524  4719  5255 I kso.EventProcessor: processEvent - No tracker metadata found; Event: selectionEnter
02-05 01:26:46.527  4719  5255 I kso.EventProcessor: processEvent - No tracker metadata found; Event: selectionExit
02-05 01:26:46.530  4719  5255 I kso.EventProcessor: processEvent - No tracker metadata found; Event: selectionEnter
02-05 01:26:46.537  4330  8244 I AmazonAppstore.Library/ShortcutMetadataRetriever: Appstore has the permission needed to launch a resolved activity.
02-05 01:26:46.543  4330  8244 I AmazonAppstore.Library/ShortcutMetadataRetriever: Appstore has the permission needed to launch a resolved activity.
02-05 01:26:46.545  4330  8244 I AmazonAppstore.Library/ShortcutMetadataRetriever: No matched activites for intent.
02-05 01:26:46.545  4330  8244 E AmazonAppstore.Library/ShortcutMetadataRetriever: Invalid shortcut: deeplink_hedwig_prod, shortcut intent either does not invoke an activity or appstore does not have sufficient permissions.
02-05 01:26:46.545  4330  8244 E AmazonAppstore.Library/ShortcutMetadataRetriever: Detected invalid shortcut, skipping.
02-05 01:26:46.645  4719  4886 I kso.NetworkTaskSchedule: scheduleNext - Account manager has account info? Y;
02-05 01:26:46.648  4719  4886 I kso.NetworkTaskSchedule: scheduleNext - Account manager has account info? Y;
02-05 01:26:46.655  3762  3762 W SALE_SaleDatabase:  notifyToSharedRow() : No Lrs present
02-05 01:26:46.655  3762  3762 W SALE_SaleDatabase: RecommendationCardChange(com.tubitv.ott, cbf3823f-7e04-440e-b7cd-ff0fae296478): Unable to locate LRS, Skipping call to notifyChange()
02-05 01:26:46.683  3762  6798 I SALE_ImageCache: add(id=cbf3823f-7e04-440e-b7cd-ff0fae296478, key=largeicon, memSize=921600, diskSize=48264, url=/storage/emulated/0/Pictures/SaleImageCache/cbf3823f-7e04-440e-b7cd-ff0fae296478/largeicon
02-05 01:26:46.684  4318  4318 I BlackbirdAdVideoMetrics: VideoStateReportEvent(super=BaseEvent(super=BlackbirdCommonBase(bbcSenderVersion=0, bbcReceiverVersion=0), source=null, creationTimestamp=1580884006684, additionalInfo={"isAdSlot":true,"placementName":"Launcher.Home.FR.1"}, eventMetadata=null, reportMetadata=null, isScreenMagnifierEnabled=null, screenState=null, ad=FeaturedRotatorAd(super=StaticImageAd(super=BlackbirdAd(super=BlackbirdCommonBase(bbcSenderVersion=0, bbcReceiverVersion=0), placementName=Launcher.Home.FR.1, adRole=mainAd, ttlMinutes=235, expirationTime=1580898023260, adId=2144079340701, adVersion=1580767816000, creativeId=2876545920201, impressionUrl=http://aax-us-east.amazon-adsystem.com/e/msdk/imp?b=IsRSp5Ffy8x9tCDt3NhkUA8AAAFwFAZPqAEAABAHA7pvODM, additionalAviaryMetadataJsonString={"ThreePProviders":null,"adRequestId":"Sh6g0kJYNl6Ws4PyA3zbnQ","bidId":"xFKnkV.LzH20IO3c2GRQDw","eventTrackers":{},"firstPartyReportingJSFileURL":"https://d3a510xmpll7o6.cloudfront.net/v3.5/firstPartyReporting.min.js"}, additionalBlackbirdMetadataJsonString={"refreshStrategy":"Preload"}, cacheId=13), accessibilityText=The Masked Singer. Tomorrow 8/7c on Fox., imageUrl=https://images-na.ssl-images-amazon.com/images/G/01/kso-blackbird-creatives/EDIT-ME---background-image2-3c3ff7ad-4d85-49b4-b8c8-52c1bd157e55.jpg, clickIntentUrl=amzn://com.amazon.kso.blackbird/clp?loading=true&url=https://www.amazon.com/firetvadlp/a57cf5cd&pl=Launcher.Home.FR.1), videoUrl=https://dz1vmszs6rjp8.cloudfront.net/b8faf88a-a5ed-413d-b742-0d3aad6289b8/video.mp4, logoUrl=https://images-na.ssl-images-amazon.com/images/G/01/kso-blackbird-creatives/EDIT-ME---logo11-tomorrow-62cf3257-cc16-4ad7-a987-bff1c56e4806.png)), state=preparing, currentPosition=0, totalDuration=0)
02-05 01:26:46.724  4318  4318 I MobileWeblabClientManag: Feature treatment for feature FTV_ENGAGEMENT_AR_FR_187881 is : C
02-05 01:26:46.791  4318  4972 I kso.PM.GenericPlacement: reportEventsToService - reporting 1 events to service.;
02-05 01:26:46.799  3611  3620 I art     : Background partial concurrent mark sweep GC freed 4405(155KB) AllocSpace objects, 0(0B) LOS objects, 33% free, 16MB/24MB, paused 3.842ms total 213.101ms
02-05 01:26:46.802  3291  8859 D NuPlayer: onSetVideoSurface(0xe85d3000, no video decoder)
02-05 01:26:46.802  4318  4318 W SurfacePreview: Surface size changed. This is currently unexpected, untested and unhandled for our use case
02-05 01:26:46.814  4719  6272 I kso.EventsDataSourceImp: SavedFirstPartyEvent - 045dd048-6499-4253-b690-29dbbfbcae09;
02-05 01:26:46.846  4719  4741 I kso.EventProcessor: processEvent - No tracker metadata found; Event: miniDetailsVideoPreparing
02-05 01:26:46.881  3291  8859 D NuPlayerDriver: notifyListener_l(0xe938c360), (5, 1920, 1080), loop setting(0, 0)
02-05 01:26:46.882  3290  3323 D MediaBufferGroup: creating MemoryDealer
02-05 01:26:46.883  3291  8859 D NuPlayerDriver: notifyListener_l(0xe938c360), (1, 0, 0), loop setting(0, 0)
02-05 01:26:46.889  4318  4318 I PagingDataSourceDataController: Replacing previous item with updated item
02-05 01:26:46.889  4318  4318 I PagingDataSourceDataController: Replacing previous item with updated item
02-05 01:26:46.889  4318  4318 I PagingDataSourceDataController: Replacing previous item with updated item
02-05 01:26:46.889  4318  4318 I PagingDataSourceDataController: Replacing previous item with updated item
02-05 01:26:46.889  4318  4318 I PagingDataSourceDataController: Replacing previous item with updated item
02-05 01:26:46.889  4318  4318 I PagingDataSourceDataController: Replacing previous item with updated item
02-05 01:26:46.889  4318  4318 I PagingDataSourceDataController: Replacing previous item with updated item
02-05 01:26:46.889  4318  4318 I PagingDataSourceDataController: Replacing previous item with updated item
02-05 01:26:46.889  4318  4318 I PagingDataSourceDataController: Replacing previous item with updated item
02-05 01:26:46.889  4318  4318 I PagingDataSourceDataController: Replacing previous item with updated item
02-05 01:26:46.891  4318  4318 D MediaPlayer: setSubtitleAnchor in MediaPlayer
02-05 01:26:46.926  4318  4318 I BlackbirdAdVideoMetrics: VideoStateReportEvent(super=BaseEvent(super=BlackbirdCommonBase(bbcSenderVersion=0, bbcReceiverVersion=0), source=null, creationTimestamp=1580884006926, additionalInfo={"isAdSlot":true,"placementName":"Launcher.Home.FR.1"}, eventMetadata=null, reportMetadata=null, isScreenMagnifierEnabled=null, screenState=null, ad=FeaturedRotatorAd(super=StaticImageAd(super=BlackbirdAd(super=BlackbirdCommonBase(bbcSenderVersion=0, bbcReceiverVersion=0), placementName=Launcher.Home.FR.1, adRole=mainAd, ttlMinutes=235, expirationTime=1580898023260, adId=2144079340701, adVersion=1580767816000, creativeId=2876545920201, impressionUrl=http://aax-us-east.amazon-adsystem.com/e/msdk/imp?b=IsRSp5Ffy8x9tCDt3NhkUA8AAAFwFAZPqAEAABAHA7pvODM, additionalAviaryMetadataJsonString={"ThreePProviders":null,"adRequestId":"Sh6g0kJYNl6Ws4PyA3zbnQ","bidId":"xFKnkV.LzH20IO3c2GRQDw","eventTrackers":{},"firstPartyReportingJSFileURL":"https://d3a510xmpll7o6.cloudfront.net/v3.5/firstPartyReporting.min.js"}, additionalBlackbirdMetadataJsonString={"refreshStrategy":"Preload"}, cacheId=13), accessibilityText=The Masked Singer. Tomorrow 8/7c on Fox., imageUrl=https://images-na.ssl-images-amazon.com/images/G/01/kso-blackbird-creatives/EDIT-ME---background-image2-3c3ff7ad-4d85-49b4-b8c8-52c1bd157e55.jpg, clickIntentUrl=amzn://com.amazon.kso.blackbird/clp?loading=true&url=https://www.amazon.com/firetvadlp/a57cf5cd&pl=Launcher.Home.FR.1), videoUrl=https://dz1vmszs6rjp8.cloudfront.net/b8faf88a-a5ed-413d-b742-0d3aad6289b8/video.mp4, logoUrl=https://images-na.ssl-images-amazon.com/images/G/01/kso-blackbird-creatives/EDIT-ME---logo11-tomorrow-62cf3257-cc16-4ad7-a987-bff1c56e4806.png)), state=prepared, currentPosition=0, totalDuration=0)
02-05 01:26:46.940  3291  3795 D NuPlayerDriver: start(0xe938c360), state is 4, eos is 0
02-05 01:26:46.941  3291  8859 I GenericSource: start
02-05 01:26:46.946  4719  6228 I kso.EventsDataSourceImp: SavedFirstPartyEvent - 51b4de45-c7d8-43ec-baa1-f67d25b42f25;
02-05 01:26:46.949  3611  5423 I MediaFocusControl:  AudioFocus  requestAudioFocus() from uid/pid 10126/4318 clientId=com.amazon.media.AmazonAudioManager@4302694 req=1 flags=0x0
02-05 01:26:46.961  4318  4318 I MobileWeblabClientManag: Feature treatment for feature FTV_ENGAGEMENT_CONTEXT_MENU_HINTS_181031 is : C
02-05 01:26:46.962  4318  4318 I BlackbirdAdVideoMetrics: VideoStateReportEvent(super=BaseEvent(super=BlackbirdCommonBase(bbcSenderVersion=0, bbcReceiverVersion=0), source=null, creationTimestamp=1580884006962, additionalInfo={"isAdSlot":true,"placementName":"Launcher.Home.FR.1"}, eventMetadata=null, reportMetadata=null, isScreenMagnifierEnabled=null, screenState=null, ad=FeaturedRotatorAd(super=StaticImageAd(super=BlackbirdAd(super=BlackbirdCommonBase(bbcSenderVersion=0, bbcReceiverVersion=0), placementName=Launcher.Home.FR.1, adRole=mainAd, ttlMinutes=235, expirationTime=1580898023260, adId=2144079340701, adVersion=1580767816000, creativeId=2876545920201, impressionUrl=http://aax-us-east.amazon-adsystem.com/e/msdk/imp?b=IsRSp5Ffy8x9tCDt3NhkUA8AAAFwFAZPqAEAABAHA7pvODM, additionalAviaryMetadataJsonString={"ThreePProviders":null,"adRequestId":"Sh6g0kJYNl6Ws4PyA3zbnQ","bidId":"xFKnkV.LzH20IO3c2GRQDw","eventTrackers":{},"firstPartyReportingJSFileURL":"https://d3a510xmpll7o6.cloudfront.net/v3.5/firstPartyReporting.min.js"}, additionalBlackbirdMetadataJsonString={"refreshStrategy":"Preload"}, cacheId=13), accessibilityText=The Masked Singer. Tomorrow 8/7c on Fox., imageUrl=https://images-na.ssl-images-amazon.com/images/G/01/kso-blackbird-creatives/EDIT-ME---background-image2-3c3ff7ad-4d85-49b4-b8c8-52c1bd157e55.jpg, clickIntentUrl=amzn://com.amazon.kso.blackbird/clp?loading=true&url=https://www.amazon.com/firetvadlp/a57cf5cd&pl=Launcher.Home.FR.1), videoUrl=https://dz1vmszs6rjp8.cloudfront.net/b8faf88a-a5ed-413d-b742-0d3aad6289b8/video.mp4, logoUrl=https://images-na.ssl-images-amazon.com/images/G/01/kso-blackbird-creatives/EDIT-ME---logo11-tomorrow-62cf3257-cc16-4ad7-a987-bff1c56e4806.png)), state=start, currentPosition=0, totalDuration=15104)
02-05 01:26:46.982  3291  8866 I MediaPlayerService: MediaPlayerService::getOMX
02-05 01:26:46.982  3291  8868 I MediaPlayerService: MediaPlayerService::getOMX
02-05 01:26:46.983  3291  8866 I OMXClient: MuxOMX ctor
02-05 01:26:46.984  3288  4051 I OMXMaster: makeComponentInstance(OMX.amlogic.avc.decoder.awesome) in mediacodec process
02-05 01:26:46.985  3291  8868 I OMXClient: MuxOMX ctor
02-05 01:26:46.991  3288  4051 D OmxComponentManagerImpl: support frame mode
02-05 01:26:46.992  3288  4051 D OmxComponentManagerImpl: getEntryByName_2_num=0, componentName:OMX.amlogic.avc.decoder.awesome
02-05 01:26:46.999  3288  4051 V AmlogicVideoDecoderAwesome: initializeState_l:1256 >
02-05 01:26:46.999  3288  4051 V AmlogicVideoDecoderAwesome: media.omx.latency is not set used def=2.000000
02-05 01:26:47.001  3288  4051 D AmlogicVideoDecoderAwesome: mCheckDvesDone = 1, mForceOpenDv=0
02-05 01:26:47.002  3288  4051 W OmxLogConf: Can not read property media.omx.log_levels, using 0
02-05 01:26:47.002  3288  4051 D OmxVideoDecoder: mCreatedCount =0
02-05 01:26:47.002  3288  4051 V AmlogicVideoDecoderAwesome: media.omx.out_buffer1 is not set used def=6
02-05 01:26:47.002  3288  4051 D OmxVideoDecoder: multi dec exist
02-05 01:26:47.002  3288  4051 D OmxVideoDecoder: Use frame mode for multidec.
02-05 01:26:47.002  3288  4051 D OmxVideoDecoder: Use min out buffer size
02-05 01:26:47.003  3288  4051 D OmxComponentManagerImpl: IncreaseEntryNumByName pEntry->mNum=0, pEntry->mMaxNum:4,componentName:OMX.amlogic.avc.decoder.awesome
02-05 01:26:47.003  3288  4051 I omx_core: OMX_getHandle_num=1
02-05 01:26:47.003  3288  4051 D OmxComponent: mApkName=/proc/3291/cmdline
02-05 01:26:47.003  3288  4051 D OmxComponent: mIsMediaServer=1
02-05 01:26:47.004  3288  3804 I OMXMaster: makeComponentInstance(OMX.google.aac.decoder) in mediacodec process
02-05 01:26:47.012  3291  8865 I MediaCodec: [OMX.amlogic.avc.decoder.awesome] setting surface generation to 3369985
02-05 01:26:47.013  3291  8865 I MediaCodecLogger: [ASAP] HW.video.avc P2 + 129603
02-05 01:26:47.032  3288  4050 D OmxVideoDecoder: setParameter 741 0x1000017
02-05 01:26:47.033  3288  3309 D OmxComponent: getExtensionIndex 1106 name="OMX.google.android.index.storeANWBufferInMetadata"
02-05 01:26:47.033  3288  3309 D OmxComponent: getExtensionIndex 1106 name="OMX.google.android.index.storeMetaDataInBuffers"
02-05 01:26:47.033  3288  3309 D OmxVideoDecoder: setParameter 741 0x7f000002
02-05 01:26:47.033  3288  3309 D OmxVideoDecoder: setParameter 1162 OMX_IndexAndroidStoreMetadataInBuffers
02-05 01:26:47.033  3288  3309 E OMXNodeInstance: setParameter(cd80032:amlogic.avc.decoder.awesome, OMX.google.android.index.storeMetaDataInBuffers(0x7f000002): Output:1 en=1 type=1) ERROR: BadPortIndex(0x8000101b)
02-05 01:26:47.034  3291  8866 E ACodec  : [OMX.amlogic.avc.decoder.awesome] storeMetaDataInBuffers failed w/ err -2147483648
02-05 01:26:47.034  4318  4318 D Cloverleaf_ImageCache: Image Cache Size (KB): 7876
02-05 01:26:47.034  3288  4049 D OmxVideoDecoder: setParameter 741 0x6000001
02-05 01:26:47.035  3288  4049 D OmxVideoDecoder: setParameter nPortIndex 0 CompFmt 0x7 ColorFmt 0
02-05 01:26:47.035  3288  4051 D OmxVideoDecoder: setParameter 741 0x6000001
02-05 01:26:47.035  3288  4051 D OmxVideoDecoder: setParameter nPortIndex 1 CompFmt 0 ColorFmt 0x15
02-05 01:26:47.036  3291  8868 I MediaCodecLogger: [ASAP] SW.audio.mp4a P2 + 129625
02-05 01:26:47.046  4719  4738 W art     : Suspending all threads took: 21.411ms
02-05 01:26:47.069  4719  4738 I art     : Background sticky concurrent mark sweep GC freed 30498(1478KB) AllocSpace objects, 1(16KB) LOS objects, 10% free, 12MB/14MB, paused 24.104ms total 123.409ms
02-05 01:26:47.072  3288  3288 D OmxVideoDecoder: setParameter 741 0x2000001
02-05 01:26:47.072  3288  3288 D OmxVideoDecoder: newBufferCount = 3, outWidth=1920, outHeight=1080
02-05 01:26:47.072  3288  3288 D OmxVideoDecoder: setParameter nPortIndex 0 nFrameWidth 1920 nFrameHeight 1080 nSliceHeight 16
02-05 01:26:47.072  3288  3288 E OmxVideoDecoder:  reset input buffer:2073600
02-05 01:26:47.073  3288  3804 V OmxVideoDecoder: mUseNativeBuffers 0
02-05 01:26:47.074  3288  4052 D OmxVideoDecoder: setParameter 741 0x2000001
02-05 01:26:47.074  3288  4052 D OmxVideoDecoder: newBufferCount = 6, outWidth=1920, outHeight=1080
02-05 01:26:47.074  3288  4052 V OmxVideoDecoder: media.omx_out_buffer2 is not set used def=10
02-05 01:26:47.074  3288  4052 D OmxVideoDecoder: setParameter mUseNativeBuffers=0
02-05 01:26:47.074  3288  4052 D OmxVideoDecoder: media.omx.display_mode=1
02-05 01:26:47.075  3288  4052 D OmxVideoDecoder: setParameter nPortIndex 1 nFrameWidth 1920 nFrameHeight 1080 nSliceHeight 1080
02-05 01:26:47.075  3288  4052 V OmxVideoDecoder: mUseNativeBuffers 0
02-05 01:26:47.075  3288  4052 V AmlogicVideoDecoderAwesome: checkMemResource 1920x1080, format AVC
02-05 01:26:47.075  3288  3805 E OMXNodeInstance: setConfig(cd80033:google.aac.decoder, ConfigPriority(0x6f800002)) ERROR: Undefined(0x80001001)
02-05 01:26:47.075  3288  3804 D OmxComponent: getExtensionIndex 1106 name="OMX.google.android.index.describeColorAspects"
02-05 01:26:47.075  3291  8868 I ACodec  : codec does not support config priority (err -2147483648)
02-05 01:26:47.076  3288  3288 D OmxComponent: getExtensionIndex 1106 name="OMX.google.android.index.describeHDRStaticInfo"
02-05 01:26:47.076  3288  3309 D OmxComponent: getExtensionIndex 1106 name="OMX.google.android.index.storeMetaDataInBuffers"
02-05 01:26:47.076  3288  3309 D OmxComponent: getExtensionIndex 1106 name="OMX.google.android.index.storeANWBufferInMetadata"
02-05 01:26:47.076  3288  3309 D OmxComponent: getExtensionIndex 1106 name="OMX.google.android.index.prepareForAdaptivePlayback"
02-05 01:26:47.076  3288  3309 D OmxComponent: getExtensionIndex 1106 name="OMX.google.android.index.configureVideoTunnelMode"
02-05 01:26:47.076  3288  3309 D OmxComponent: getExtensionIndex 1106 name="OMX.google.android.index.useAndroidNativeBuffer2"
02-05 01:26:47.076  3288  3309 D OmxComponent: getExtensionIndex 1106 name="OMX.google.android.index.useAndroidNativeBuffer"
02-05 01:26:47.076  3288  3309 D OmxComponent: getExtensionIndex 1106 name="OMX.google.android.index.enableAndroidNativeBuffers"
02-05 01:26:47.076  3288  3309 D OmxComponent: getExtensionIndex 1106 name="OMX.google.android.index.allocateNativeHandle"
02-05 01:26:47.076  3288  3309 D OmxComponent: getExtensionIndex 1106 name="OMX.google.android.index.getAndroidNativeBufferUsage"
02-05 01:26:47.076  3288  3309 D OmxVideoDecoder: setConfig 1436 0x7f000009
02-05 01:26:47.076  3288  3309 D OmxVideoDecoder: HDRStaticInfo: R=0 0; G=0 0; B=0 0; W=0 0; MaxDisplayLuminance:0, MinDisplayLuminance=0, mMaxContentLightLevel=0, MaxContentLightLevel=0
02-05 01:26:47.076  3288  3309 D OmxVideoDecoder: HDRStaticInfo: all parmeter is 0, set mHasHDRStaticInfo to false
02-05 01:26:47.077  3288  4051 D OmxComponent: getExtensionIndex 1106 name="OMX.google.android.index.enableAndroidNativeBuffers"
02-05 01:26:47.077  3288  4051 D OmxVideoDecoder: setParameter 741 0x7f000000
02-05 01:26:47.077  3288  4051 V OmxVideoDecoder: mWantVideoDisplay == true, set mDecoderVideoDisplay
02-05 01:26:47.077  3288  4051 V OmxVideoDecoder: setParameter 1156 EnableNativeBuffers 1
02-05 01:26:47.077  3288  4051 V OmxVideoDecoder: mUseNativeBuffers 1
02-05 01:26:47.077  3288  4051 D AmlogicVideoDecoderAwesome: get native buffer info NV:w:1920,h:1080..
02-05 01:26:47.077  3288  4051 V OmxVideoDecoder: updatePort:portDef.format.video.nFrameWidth=1920,portDef.format.video.nFrameHeight=1080
02-05 01:26:47.078  3288  3805 D OmxVideoDecoder: setConfig 1436 0x6f800002
02-05 01:26:47.078  3288  3805 V OmxVideoDecoder: setConfig 1508 nIndex 0x6f800002
02-05 01:26:47.078  3288  3805 D OmxComponent: setConfig 1099
02-05 01:26:47.078  3288  3805 E OMXNodeInstance: setConfig(cd80032:amlogic.avc.decoder.awesome, ConfigPriority(0x6f800002)) ERROR: UnsupportedIndex(0x8000101a)
02-05 01:26:47.078  3291  8866 I ACodec  : codec does not support config priority (err -1010)
02-05 01:26:47.079  3288  4051 D OmxVideoDecoder: setConfig 1436 0x6f800003
02-05 01:26:47.079  3288  4051 V OmxVideoDecoder: setConfig 1508 nIndex 0x6f800003
02-05 01:26:47.079  3288  4051 D OmxComponent: setConfig 1099
02-05 01:26:47.079  3288  4051 E OMXNodeInstance: setConfig(cd80032:amlogic.avc.decoder.awesome, ConfigOperatingRate(0x6f800003)) ERROR: UnsupportedIndex(0x8000101a)
02-05 01:26:47.079  3291  8866 I ACodec  : codec does not support config operating rate (err -1010)
02-05 01:26:47.079  3291  8868 I MediaCodecLogger: [ASAP] SW.audio.mp4a P2 - 129669
02-05 01:26:47.080  3291  8868 D MediaCodecLogger: Got a Service. Calling PID = 4318
02-05 01:26:47.080  3291  8868 I MediaCodecLoggerService: [registerClient] now these many clients!! 2 last ID = e9388720 PID = 4318 video = 0
02-05 01:26:47.080  4272  4399 I MAPMetricsTransport: Acquiring wake lock with timeout: 300000ms
02-05 01:26:47.081  3288  3309 V OmxVideoDecoder: mUseNativeBuffers 1
02-05 01:26:47.081  3288  3309 D AmlogicVideoDecoderAwesome: get native buffer info NV:w:1920,h:1080..
02-05 01:26:47.081  3288  3309 V OmxVideoDecoder: updatePort:portDef.format.video.nFrameWidth=1920,portDef.format.video.nFrameHeight=1080
02-05 01:26:47.081  3288  4050 D OmxVideoDecoder: getConfig 1360 0x700000f
02-05 01:26:47.081  3288  4050 D OmxVideoDecoder: getConfig 1363 nIndex 0x700000f
02-05 01:26:47.081  3288  4050 D OmxVideoDecoder: getConfig OMX_IndexConfigCommonOutputCrop pRect->nWidth=1920, pRect->nHeight=1080
02-05 01:26:47.082  3291  8868 I MediaCodec: MediaCodec will operate in async mode
02-05 01:26:47.082  3288  3805 D OmxVideoDecoder: getConfig 1360 0x7f000009
02-05 01:26:47.082  3291  8867 I MediaCodecLogger: [ASAP] SW.audio.mp4a P3 + 129671
02-05 01:26:47.082  4318  4318 I DisplayControllerDeboun: FTV-CDA: DisplayControllerDebouncer executing Operation List with 10 operations
02-05 01:26:47.094  3291  8865 I MediaCodecLogger: [ASAP] HW.video.avc P2 - 129684
02-05 01:26:47.095  3291  8865 D MediaCodecLogger: Got a Service. Calling PID = 4318
02-05 01:26:47.095  3291  8865 I MediaCodecLoggerService: [registerClient] now these many clients!! 3 last ID = eaba0f00 PID = 4318 video = 1
02-05 01:26:47.096  3291  8865 I MediaCodec: MediaCodec will operate in async mode
02-05 01:26:47.096  3291  8864 I MediaCodecLogger: [ASAP] HW.video.avc P3 + 129686
02-05 01:26:47.098  3288  8869 I OmxComponent: OMX_CommandStateSet 723 Cmd 0 nParam1 0x2
02-05 01:26:47.098  3288  8869 I OmxComponent: STATE_SET:   OMX_StateLoaded => OMX_StateIdle : OMX.amlogic.avc.decoder.awesome
02-05 01:26:47.098  3288  8869 I OmxComponent: STATE_TRANS: OMX_StateLoaded => OMX_StateIdle : OMX.amlogic.avc.decoder.awesome
02-05 01:26:47.101  3288  8869 I OmxComponent: STATE_TRANS: OMX_StateLoaded => OMX_StateIdle : OMX.amlogic.avc.decoder.awesome
02-05 01:26:47.102  3288  8869 I OmxComponent: STATE_TRANS: OMX_StateLoaded => OMX_StateIdle : OMX.amlogic.avc.decoder.awesome
02-05 01:26:47.103  3291  8868 I MediaCodecLogger: [ASAP] SW.audio.mp4a P3 - 129693
02-05 01:26:47.104  3288  4052 V OmxVideoDecoder: mUseNativeBuffers 1
02-05 01:26:47.104  3288  4052 D AmlogicVideoDecoderAwesome: get native buffer info NV:w:1920,h:1080..
02-05 01:26:47.104  3288  4052 V OmxVideoDecoder: updatePort:portDef.format.video.nFrameWidth=1920,portDef.format.video.nFrameHeight=1080
02-05 01:26:47.105  3288  4052 V OmxVideoDecoder: mUseNativeBuffers 1
02-05 01:26:47.105  3288  4052 D AmlogicVideoDecoderAwesome: get native buffer info NV:w:1920,h:1080..
02-05 01:26:47.105  3288  4052 V OmxVideoDecoder: updatePort:portDef.format.video.nFrameWidth=1920,portDef.format.video.nFrameHeight=1080
02-05 01:26:47.106  3288  3804 D OmxComponent: getExtensionIndex 1106 name="OMX.google.android.index.AndroidNativeBufferConsumerUsage"
02-05 01:26:47.106  3288  3804 D OmxComponent: getExtensionIndex 1106 name="OMX.google.android.index.getAndroidNativeBufferUsage"
02-05 01:26:47.107  3291  8868 I MediaCodecLogger: [ASAP] SW.audio.mp4a Got First Input Frame 129696
02-05 01:26:47.107  3288  8869 I OmxComponent: STATE_TRANS: OMX_StateLoaded => OMX_StateIdle : OMX.amlogic.avc.decoder.awesome
02-05 01:26:47.110  4272  4399 I MAPMetricsTransport: Acquiring wifi lock
02-05 01:26:47.110  3291  8866 D SurfaceUtils: set up nativeWindow 0xe85d3008 for 1920x1080, color 0x11, rotation 0, usage 0x5002900
02-05 01:26:47.111  3288  8871 I SoftAAC2: Reconfiguring decoder: 0->48000 Hz, 0->2 channels
02-05 01:26:47.112  3288  4051 D OmxVideoDecoder: setParameter 741 0x2000001
02-05 01:26:47.112  3288  4051 D OmxVideoDecoder: newBufferCount = 10, outWidth=1920, outHeight=1080
02-05 01:26:47.112  3288  4051 V OmxVideoDecoder: media.omx_out_buffer2 is not set used def=10
02-05 01:26:47.112  3288  4051 D OmxVideoDecoder: setParameter mUseNativeBuffers=1
02-05 01:26:47.112  3288  4051 D OmxVideoDecoder: media.omx.display_mode=1
02-05 01:26:47.112  3288  4051 D OmxVideoDecoder: mDecoderVideoDisplay = true
02-05 01:26:47.113  3288  4051 D OmxVideoDecoder: setParameter nPortIndex 1 nFrameWidth 1920 nFrameHeight 1080 nSliceHeight 1080
02-05 01:26:47.113  3288  4051 V OmxVideoDecoder: mUseNativeBuffers 1
02-05 01:26:47.113  3288  4051 D AmlogicVideoDecoderAwesome: get native buffer info NV:w:1920,h:1080..
02-05 01:26:47.113  3288  4051 V OmxVideoDecoder: updatePort:portDef.format.video.nFrameWidth=1920,portDef.format.video.nFrameHeight=1080
02-05 01:26:47.143  3291  8868 I MediaCodecLogger: updatePTSTime [SW.audio.mp4a] First PTS after Flush or reset = 0
02-05 01:26:47.143  3291  8868 I MediaCodecLogger: [ASAP] SW.audio.mp4a Got First Frame Ready 129732
02-05 01:26:47.154  3291  8863 D AudioTrack: min buf count is limited to 2 times HAL buf
02-05 01:26:47.156  3281  3976 I DolbyAudioStreamOut: getLatency() Total latency:191ms (Downstream:57ms, DMA:134ms, tuning:0ms, tuningBT:0ms), input format:0x1, sink:0x400, UxOutSetting:0, CurOutFormat:0x1
02-05 01:26:47.156  3281  3976 D AudioFlinger: min buf count is limited to 2 times HAL buf
02-05 01:26:47.158  3291  8863 D AudioTrack: Client defaulted notificationFrames to 3328 for frameCount 9984
02-05 01:26:47.167  3291  8859 D NuPlayerDriver: notifyListener_l(0xe938c360), (6, 0, 0), loop setting(0, 0)
02-05 01:26:47.178  3288  3288 D OmxComponent: getExtensionIndex 1106 name="OMX.google.android.index.useAndroidNativeBuffer2"
02-05 01:26:47.178  3288  3288 V OmxVideoDecoder: mUseNativeBuffers 1
02-05 01:26:47.178  3288  3288 D AmlogicVideoDecoderAwesome: get native buffer info NV:w:1920,h:1080..
02-05 01:26:47.178  3288  3288 V OmxVideoDecoder: updatePort:portDef.format.video.nFrameWidth=1920,portDef.format.video.nFrameHeight=1080
02-05 01:26:47.178  3288  8869 I OmxComponent: STATE_TRANS: OMX_StateLoaded => OMX_StateIdle : OMX.amlogic.avc.decoder.awesome
02-05 01:26:47.188  3288  4050 D OmxComponent: getExtensionIndex 1106 name="OMX.google.android.index.useAndroidNativeBuffer2"
02-05 01:26:47.188  3288  4050 V OmxVideoDecoder: mUseNativeBuffers 1
02-05 01:26:47.188  3288  4050 D AmlogicVideoDecoderAwesome: get native buffer info NV:w:1920,h:1080..
02-05 01:26:47.188  3288  4050 V OmxVideoDecoder: updatePort:portDef.format.video.nFrameWidth=1920,portDef.format.video.nFrameHeight=1080
02-05 01:26:47.194  3288  8869 I OmxComponent: STATE_TRANS: OMX_StateLoaded => OMX_StateIdle : OMX.amlogic.avc.decoder.awesome
02-05 01:26:47.194  3288  4051 D OmxComponent: getExtensionIndex 1106 name="OMX.google.android.index.useAndroidNativeBuffer2"
02-05 01:26:47.194  3288  4051 V OmxVideoDecoder: mUseNativeBuffers 1
02-05 01:26:47.194  3288  4051 D AmlogicVideoDecoderAwesome: get native buffer info NV:w:1920,h:1080..
02-05 01:26:47.194  3288  4051 V OmxVideoDecoder: updatePort:portDef.format.video.nFrameWidth=1920,portDef.format.video.nFrameHeight=1080
02-05 01:26:47.196  3288  8869 I OmxComponent: STATE_TRANS: OMX_StateLoaded => OMX_StateIdle : OMX.amlogic.avc.decoder.awesome
02-05 01:26:47.205  3288  3805 D OmxComponent: getExtensionIndex 1106 name="OMX.google.android.index.useAndroidNativeBuffer2"
02-05 01:26:47.205  3288  3805 V OmxVideoDecoder: mUseNativeBuffers 1
02-05 01:26:47.205  3288  3805 D AmlogicVideoDecoderAwesome: get native buffer info NV:w:1920,h:1080..
02-05 01:26:47.205  3288  3805 V OmxVideoDecoder: updatePort:portDef.format.video.nFrameWidth=1920,portDef.format.video.nFrameHeight=1080
02-05 01:26:47.206  3288  8869 I OmxComponent: STATE_TRANS: OMX_StateLoaded => OMX_StateIdle : OMX.amlogic.avc.decoder.awesome
02-05 01:26:47.215  3288  4049 D OmxComponent: getExtensionIndex 1106 name="OMX.google.android.index.useAndroidNativeBuffer2"
02-05 01:26:47.215  3288  4049 V OmxVideoDecoder: mUseNativeBuffers 1
02-05 01:26:47.215  3288  4049 D AmlogicVideoDecoderAwesome: get native buffer info NV:w:1920,h:1080..
02-05 01:26:47.215  3288  4049 V OmxVideoDecoder: updatePort:portDef.format.video.nFrameWidth=1920,portDef.format.video.nFrameHeight=1080
02-05 01:26:47.215  3288  8869 I OmxComponent: STATE_TRANS: OMX_StateLoaded => OMX_StateIdle : OMX.amlogic.avc.decoder.awesome
02-05 01:26:47.218  3288  3309 D OmxComponent: getExtensionIndex 1106 name="OMX.google.android.index.useAndroidNativeBuffer2"
02-05 01:26:47.218  3288  3309 V OmxVideoDecoder: mUseNativeBuffers 1
02-05 01:26:47.218  3288  3309 D AmlogicVideoDecoderAwesome: get native buffer info NV:w:1920,h:1080..
02-05 01:26:47.218  3288  3309 V OmxVideoDecoder: updatePort:portDef.format.video.nFrameWidth=1920,portDef.format.video.nFrameHeight=1080
02-05 01:26:47.218  3288  8869 I OmxComponent: STATE_TRANS: OMX_StateLoaded => OMX_StateIdle : OMX.amlogic.avc.decoder.awesome
02-05 01:26:47.223  3288  4051 D OmxComponent: getExtensionIndex 1106 name="OMX.google.android.index.useAndroidNativeBuffer2"
02-05 01:26:47.223  3288  4051 V OmxVideoDecoder: mUseNativeBuffers 1
02-05 01:26:47.223  3288  4051 D AmlogicVideoDecoderAwesome: get native buffer info NV:w:1920,h:1080..
02-05 01:26:47.223  3288  4051 V OmxVideoDecoder: updatePort:portDef.format.video.nFrameWidth=1920,portDef.format.video.nFrameHeight=1080
02-05 01:26:47.224  3288  8869 I OmxComponent: STATE_TRANS: OMX_StateLoaded => OMX_StateIdle : OMX.amlogic.avc.decoder.awesome
02-05 01:26:47.229  3288  4050 D OmxComponent: getExtensionIndex 1106 name="OMX.google.android.index.useAndroidNativeBuffer2"
02-05 01:26:47.229  3288  4050 V OmxVideoDecoder: mUseNativeBuffers 1
02-05 01:26:47.229  3288  4050 D AmlogicVideoDecoderAwesome: get native buffer info NV:w:1920,h:1080..
02-05 01:26:47.229  3288  4050 V OmxVideoDecoder: updatePort:portDef.format.video.nFrameWidth=1920,portDef.format.video.nFrameHeight=1080
02-05 01:26:47.235  3288  8869 I OmxComponent: STATE_TRANS: OMX_StateLoaded => OMX_StateIdle : OMX.amlogic.avc.decoder.awesome
