02-05 01:25:51.931  3611  4196 D AmazonHdmiService: getRawEdid
02-05 01:25:51.932  3611  4196 I AmazonHdmiService: Get Current HDCP Version
02-05 01:25:51.935  3611  5441 D AmazonHdmiService: getRawEdid
02-05 01:25:51.937  3611  5443 I AmazonPowerManagerVendorCallback: Wakelock acquired UID:1041 PID:0 Tag:AudioDirectOut
02-05 01:25:51.938  3611  5443 I AmazonPowerManagerVendorCallback: Wakelock released UID:1041 PID:0 Tag:AudioDirectOut
02-05 01:25:51.945  3611  5430 I AmazonPowerManagerVendorCallback: Wakelock acquired UID:1041 PID:0 Tag:AudioDirectOut
02-05 01:25:51.945  3611  5430 I AmazonPowerManagerVendorCallback: Wakelock released UID:1041 PID:0 Tag:AudioDirectOut
02-05 01:25:51.955  3611  4083 I AmazonPowerManagerVendorCallback: Wakelock acquired UID:1041 PID:0 Tag:AudioDirectOut
02-05 01:25:51.956  3611  4083 I AmazonPowerManagerVendorCallback: Wakelock released UID:1041 PID:0 Tag:AudioDirectOut
02-05 01:25:51.968  3611  4076 I AmazonPowerManagerVendorCallback: Wakelock acquired UID:1041 PID:0 Tag:AudioDirectOut
02-05 01:25:51.969  3611  4076 I AmazonPowerManagerVendorCallback: Wakelock released UID:1041 PID:0 Tag:AudioDirectOut
02-05 01:25:51.976  3611  5425 I AmazonPowerManagerVendorCallback: Wakelock acquired UID:1041 PID:0 Tag:AudioDirectOut
02-05 01:25:51.976  3611  5425 I AmazonPowerManagerVendorCallback: Wakelock released UID:1041 PID:0 Tag:AudioDirectOut
02-05 01:25:51.979  3611  4213 I AmazonPowerManagerVendorCallback: Wakelock acquired UID:1041 PID:0 Tag:AudioDirectOut
02-05 01:25:51.979  3611  4213 I AmazonPowerManagerVendorCallback: Wakelock released UID:1041 PID:0 Tag:AudioDirectOut
02-05 01:25:51.984  3611  5448 D AmazonHdmiService: getRawEdid
02-05 01:25:51.989  3611  5450 I AmazonPowerManagerVendorCallback: Wakelock acquired UID:1041 PID:0 Tag:AudioDirectOut
02-05 01:25:51.990  3611  5450 I AmazonPowerManagerVendorCallback: Wakelock released UID:1041 PID:0 Tag:AudioDirectOut
02-05 01:25:51.992  3611  5442 I AmazonPowerManagerVendorCallback: Wakelock acquired UID:1041 PID:0 Tag:AudioDirectOut
02-05 01:25:51.996  3611  5416 I AmazonPowerManagerVendorCallback: Wakelock released UID:1041 PID:0 Tag:AudioDirectOut
02-05 01:25:52.001  3611  5441 I AmazonPowerManagerVendorCallback: Wakelock acquired UID:1041 PID:0 Tag:AudioOffload
02-05 01:25:52.002  3611  5441 I AmazonPowerManagerVendorCallback: Wakelock released UID:1041 PID:0 Tag:AudioOffload
02-05 01:25:52.005  3611  5194 I AmazonHdmiService: Get Current HDCP Version
02-05 01:25:52.007  3611  5423 I AmazonPowerManagerVendorCallback: Wakelock acquired UID:1041 PID:0 Tag:AudioOffload
02-05 01:25:52.007  3611  5423 I AmazonPowerManagerVendorCallback: Wakelock released UID:1041 PID:0 Tag:AudioOffload
02-05 01:25:52.009  3611  4083 I AmazonPowerManagerVendorCallback: Wakelock acquired UID:1041 PID:0 Tag:AudioOffload
02-05 01:25:52.010  3611  4083 I AmazonPowerManagerVendorCallback: Wakelock released UID:1041 PID:0 Tag:AudioOffload
02-05 01:25:52.012  3611  4076 D AmazonHdmiService: getRawEdid
02-05 01:25:52.014  3611  3621 D AmazonHdmiService: getRawEdid
02-05 01:25:52.015  3611  5431 I AmazonHdmiService: Get Current HDCP Version
02-05 01:25:52.024  3611  5431 I AmazonPowerManagerVendorCallback: Wakelock acquired UID:1041 PID:0 Tag:AudioOffload
02-05 01:25:52.025  3611  5431 I AmazonPowerManagerVendorCallback: Wakelock released UID:1041 PID:0 Tag:AudioOffload
02-05 01:25:52.027  3611  4197 D AmazonHdmiService: Service queryDisplayStatus
02-05 01:25:52.029  3611  5450 D AmazonHdmiService: getRawEdid
02-05 01:25:52.030  3611  5431 I AmazonPowerManagerVendorCallback: Wakelock acquired UID:1041 PID:0 Tag:AudioOffload
02-05 01:25:52.032  3611  5431 I AmazonPowerManagerVendorCallback: Wakelock released UID:1041 PID:0 Tag:AudioOffload
02-05 01:25:52.033  3611  5431 I AmazonPowerManagerVendorCallback: Wakelock acquired UID:1041 PID:0 Tag:AudioOffload
02-05 01:25:52.034  3611  5442 I AmazonPowerManagerVendorCallback: Wakelock released UID:1041 PID:0 Tag:AudioOffload
02-05 01:25:52.036  3611  5440 D AmazonHdmiService: getRawEdid
02-05 01:25:52.036  3611  5416 I AmazonPowerManagerVendorCallback: Wakelock acquired UID:1041 PID:0 Tag:AudioDirectOut
02-05 01:25:52.037  3611  5416 I AmazonPowerManagerVendorCallback: Wakelock released UID:1041 PID:0 Tag:AudioDirectOut
02-05 01:25:52.039  3611  5416 I AmazonPowerManagerVendorCallback: Wakelock acquired UID:1041 PID:0 Tag:AudioDirectOut
02-05 01:25:52.040  3611  5416 I AmazonPowerManagerVendorCallback: Wakelock released UID:1041 PID:0 Tag:AudioDirectOut
02-05 01:25:52.041  3611  5416 I AmazonPowerManagerVendorCallback: Wakelock acquired UID:1041 PID:0 Tag:AudioDirectOut
02-05 01:25:52.042  3611  5416 I AmazonPowerManagerVendorCallback: Wakelock released UID:1041 PID:0 Tag:AudioDirectOut
02-05 01:25:52.043  3611  5416 I AmazonPowerManagerVendorCallback: Wakelock acquired UID:1041 PID:0 Tag:AudioDirectOut
02-05 01:25:52.043  3611  5416 I AmazonPowerManagerVendorCallback: Wakelock released UID:1041 PID:0 Tag:AudioDirectOut
02-05 01:25:52.052  3611  5416 I AmazonPowerManagerVendorCallback: Wakelock acquired UID:1041 PID:0 Tag:AudioDirectOut
02-05 01:25:52.053  3611  5416 I AmazonPowerManagerVendorCallback: Wakelock released UID:1041 PID:0 Tag:AudioDirectOut
02-05 01:25:52.053  3611  5416 I AmazonPowerManagerVendorCallback: Wakelock acquired UID:1041 PID:0 Tag:AudioOffload
02-05 01:25:52.054  3611  3621 D AmazonHdmiService: getRawEdid
02-05 01:25:52.055  3611  5416 I AmazonPowerManagerVendorCallback: Wakelock released UID:1041 PID:0 Tag:AudioOffload
02-05 01:25:52.055  3611  5416 I AmazonPowerManagerVendorCallback: Wakelock acquired UID:1041 PID:0 Tag:AudioOffload
02-05 01:25:52.056  3611  5416 I AmazonPowerManagerVendorCallback: Wakelock released UID:1041 PID:0 Tag:AudioOffload
02-05 01:25:52.058  3611  5446 D AmazonHdmiService: getRawEdid
02-05 01:25:52.059  3611  5416 I AmazonPowerManagerVendorCallback: Wakelock acquired UID:1041 PID:0 Tag:AudioMix
02-05 01:25:52.059  3611  5416 D AmazonHdmiService: getRawEdid
02-05 01:25:52.059  3611  4213 I AmazonHdmiService: Get Current HDCP Version
02-05 01:25:52.063  3611  5448 D AmazonHdmiService: getRawEdid
02-05 01:25:52.085  3611  3622 D AmazonHdmiService: getRawEdid
02-05 01:25:52.102  3611  5444 I AmazonPowerManagerVendorCallback: Wakelock acquired UID:1041 PID:0 Tag:AudioMix
02-05 01:25:52.103  3611  5444 I AmazonPowerManagerVendorCallback: Wakelock acquired UID:1041 PID:0 Tag:AudioIn
02-05 01:25:52.104  3611  5444 I AmazonPowerManagerVendorCallback: Wakelock released UID:1041 PID:0 Tag:AudioIn
02-05 01:25:52.141  3611  5431 D AmazonHdmiService: getRawEdid
02-05 01:25:52.202  3611  5451 D AmazonHdmiService: getRawEdid
02-05 01:25:52.206  3611  5441 I AmazonPowerManagerVendorCallback: Wakelock acquired UID:1041 PID:0 Tag:AudioIn
02-05 01:25:52.207  3611  5441 I AmazonPowerManagerVendorCallback: Wakelock released UID:1041 PID:0 Tag:AudioIn
02-05 01:25:52.259  3611  3611 I HdmiCecLocalDevicePlayback: queryDisplayStatus already in progress
02-05 01:25:52.276  3611  3699 I AmazonHdmiService: AudioManager.EXTRA_ENCODINGS=[2, 5, 6]
02-05 01:25:52.279  3611  3699 I AudioOutputFormatManager: Request to get dolby device id
02-05 01:25:52.279  3611  3699 I AudioOutputFormatManager: enableAudioFormat with device ordinal: 3 format: 1
02-05 01:25:52.281  3611  5430 I AmazonHdmiService: Get all supported display modes
02-05 01:25:52.281  3611  3699 I AudioOutputFormatManager: KeyValuePair: spdif_format=4;hdmi_format=5;Status: 0
02-05 01:25:52.281  3611  3699 I AudioOutputFormatManager: Storing new dolby device with id: 3
02-05 01:25:52.281  3611  3699 I AudioOutputFormatManager: setDolbyPassthroughAvailability()
02-05 01:25:52.282  3611  3699 I AudioOutputFormatManager: Request to get dolby device id
02-05 01:25:52.282  3611  3699 I AudioOutputFormatManager: setDolbyPassthroughAvailability(): Value calculated for Dolby passthrough availability: 1
02-05 01:25:52.282  3611  3699 I AudioOutputFormatManager: setDolbyPassthroughAvailability(): Dolby passthrough availability: 1
02-05 01:25:52.284  3611  4083 I AmazonHdmiService: Get Current HDCP Version
02-05 01:25:52.286  3611  5452 I AmazonHdmiService: Get all supported display modes
02-05 01:25:52.288  3611  3621 I AmazonHdmiService: Get Current HDCP Version
02-05 01:25:52.433  3611  5444 I ActivityManager: Killing 6481:com.amazon.identity.auth.device.authorization/u0a96 (adj 903): empty #17
02-05 01:25:52.638  3611  4083 D ActivityManager: cleanUpApplicationRecord -- 6481
02-05 01:25:52.641  3611  3624 I ActivityManager: Waited long enough for: ServiceRecord{efb2a92 u0 com.amazon.comms.knightcontacts/com.amazon.comms.contacts.app.receiver.ScreenEventsRegistrationService}
02-05 01:25:52.641  3611  3624 I BroadcastQueue: Resuming delayed broadcast
02-05 01:25:52.691  3611  3624 I ActivityManager: Start proc 7286:com.amazon.tv.alexanotifications/u0a119 for broadcast com.amazon.tv.alexanotifications/.BootCompletedReceiver
02-05 01:25:53.017  3611  3624 I ActivityManager: Waited long enough for: ServiceRecord{d029453 u0 com.amazon.avl.stark/com.amazon.avl.service.AVLManagerService}
02-05 01:25:53.021  3611  4083 D AmazonHdmiService: getRawEdid
02-05 01:25:53.089  3611  5448 I ActivityManager: Start proc 7307:com.amazon.tv.fw.metrics/u0a155 for broadcast com.amazon.tv.fw.metrics/.MetricsReceiver
02-05 01:25:53.102  3762  3762 W ContextImpl: Calling a method in the system process without a qualified user: android.app.ContextImpl.sendBroadcast:921 android.content.ContextWrapper.sendBroadcast:426 com.amazon.tifobserver.TvInputObserver$OnTvInputChangeRunnable.run:95 android.os.Handler.handleCallback:751 android.os.Handler.dispatchMessage:95 
02-05 01:25:53.110  3611  5441 I ActivityManager: Killing 6444:com.ivona.tts.oem/u0a33 (adj 903): empty #17
02-05 01:25:53.194  3611  5440 D ActivityManager: cleanUpApplicationRecord -- 6444
02-05 01:25:53.305  3611  5446 I ActivityManager: Start proc 7332:com.amazon.tv.livetv/u0a128 for broadcast com.amazon.tv.livetv/.config.ConfigurationSyncReceiver
02-05 01:25:53.316  3611  5446 I ActivityManager: Killing 6609:com.amazon.comms.starktachyon/u0a75 (adj 903): empty #17
02-05 01:25:53.428  3611  5423 D ActivityManager: cleanUpApplicationRecord -- 6609
02-05 01:25:54.031  3611  3611 D AmazonHdmiService: DisplayStatusCallback onComplete called -1
02-05 01:25:54.248  3762  3762 W ContextImpl: Calling a method in the system process without a qualified user: android.app.ContextImpl.sendBroadcast:921 android.content.ContextWrapper.sendBroadcast:426 com.amazon.tifobserver.TvInputObserver$OnTvInputChangeRunnable.run:95 android.os.Handler.handleCallback:751 android.os.Handler.dispatchMessage:95 
02-05 01:25:54.409  3611  5450 I ActivityManager: Start proc 7375:com.amazon.tv.nimh/u0a129 for broadcast com.amazon.tv.nimh/com.amazon.device.management.BootCompleteReceiver
02-05 01:25:54.815  3611  4083 I BroadcastQueue: Delay finish: com.amazon.tv.nimh/com.amazon.device.management.BootCompleteReceiver
02-05 01:25:54.917  3611  5442 I AmazonPowerManagerVendorCallback: Wakelock released UID:1041 PID:0 Tag:AudioDup
02-05 01:25:55.023  7307  7307 I AmazonHdmiServiceManager: AmazonHdmiServiceManager created
02-05 01:25:55.023  3611  5444 I AmazonHdmiService: get dolby device
02-05 01:25:55.023  3611  5444 I AudioOutputFormatManager: Request to get dolby device id
02-05 01:25:55.062  3611  4076 I AmazonPowerManagerVendorCallback: Wakelock released UID:1041 PID:0 Tag:AudioMix
02-05 01:25:55.107  3611  5442 I AmazonPowerManagerVendorCallback: Wakelock released UID:1041 PID:0 Tag:AudioMix
02-05 01:25:55.285  3611  5448 I ActivityManager: Start proc 7417:com.amazon.providers.tv/u0a108 for content provider com.amazon.providers.tv/.FireTvProvider
02-05 01:25:55.621  7286  7305 I AmazonHdmiServiceManager: AmazonHdmiServiceManager created
02-05 01:25:55.715  3611  5431 I BroadcastQueue: Resuming delayed broadcast
02-05 01:25:55.733  3611  5431 I ActivityManager: Start proc 7438:com.amazon.tv.oobe/u0a131 for broadcast com.amazon.tv.oobe/.BootCompleteReceiver
02-05 01:25:55.890  3611  4076 I ActivityManager: Killing 6710:com.amazon.device.details/u0a80 (adj 903): empty #17
02-05 01:25:55.890  3611  4076 I ActivityManager: Killing 6670:com.amazon.device.crashmanager/u0a11 (adj 903): empty #18
02-05 01:25:55.930  3611  3624 I ActivityManager: Waited long enough for: ServiceRecord{20766d9 u0 com.amazon.device.ddx/.DDXTaskService}
02-05 01:25:55.983  3611  5452 D ActivityManager: cleanUpApplicationRecord -- 6670
02-05 01:25:55.995  3611  4197 D ActivityManager: cleanUpApplicationRecord -- 6710
02-05 01:25:56.145  3611  4196 D AmazonHdmiService: getRawEdid
02-05 01:25:56.454  3611  5441 I ActivityManager: Killing 6826:com.amazon.dpcclient/u0a84 (adj 903): empty #17
02-05 01:25:56.455  3611  5441 I ActivityManager: Killing 5561:com.amazon.ceviche/u0a72 (adj 903): empty #18
02-05 01:25:56.552  3611  3621 I ActivityManager: Start proc 7470:com.amazon.tv.parentalcontrols/u0a133 for broadcast com.amazon.tv.parentalcontrols/.update.ApplicationUpdateReceiver
02-05 01:25:56.557  3611  3621 I ActivityManager: Killing 6861:com.amazon.firerestapiframework/u0a88 (adj 903): empty #17
02-05 01:25:56.586  3611  5442 D ActivityManager: cleanUpApplicationRecord -- 6826
02-05 01:25:56.590  3611  4197 D ActivityManager: cleanUpApplicationRecord -- 5561
02-05 01:25:56.666  3611  5431 D ActivityManager: cleanUpApplicationRecord -- 6861
02-05 01:25:56.680  3611  5416 I ActivityManager: Killing 6737:com.amazon.device.metrics/u0a145 (adj 903): empty #17
02-05 01:25:56.750  3611  3649 D ActivityManager: cleanUpApplicationRecord -- 6737
02-05 01:25:56.783  3611  3624 I ActivityManager: Waited long enough for: ServiceRecord{a6b0f7c u0 com.amazon.device.rdmapplication/.services.RdmService}
02-05 01:25:57.023  3611  5450 I ActivityManager: Start proc 7503:com.amazon.tv.settings.core/1000 for broadcast com.amazon.tv.settings.core/.AppDataUsageMetricReceiver
02-05 01:25:57.030  3611  5450 I ActivityManager: Killing 6886:com.amazon.franktvinput/u0a89 (adj 903): empty #17
02-05 01:25:57.141  3611  5194 D ActivityManager: cleanUpApplicationRecord -- 6886
02-05 01:25:57.175  7503  7503 W ContextImpl: Calling a method in the system process without a qualified user: android.app.ContextImpl.startService:1386 android.content.ContextWrapper.startService:613 android.content.ContextWrapper.startService:613 com.amazon.tv.settings.core.AppDataUsageMetricReceiver.onReceive:25 android.app.ActivityThread.handleReceiver:3062 
02-05 01:25:57.204  3611  5442 I ActivityManager: Start proc 7522:com.amazon.tv.settings.v2/u0a136 for broadcast com.amazon.tv.settings.v2/.tv.AppDisableReceiver
02-05 01:25:57.315  7503  7537 W ContextImpl: Calling a method in the system process without a qualified user: android.app.ContextImpl.bindService:1450 android.content.ContextWrapper.bindService:636 com.amazon.client.metrics.MetricsServiceConnection.getService:72 com.amazon.client.metrics.MetricsServiceWrapper.getBoundService:46 com.amazon.client.metrics.MetricsServiceWrapper.<init>:37 
02-05 01:25:57.426  3611  3611 E AmazonHdmiService: OneTouchPlay: failed, timeout :Result:1
02-05 01:25:57.627  3611  4213 I ActivityManager: Killing 5648:com.amazon.device.messaging/u0a18 (adj 903): empty #17
02-05 01:25:57.773  7522  7522 I AmazonHdmiServiceManager: AmazonHdmiServiceManager created
02-05 01:25:57.775  3611  3624 I ActivityManager: Waited long enough for: ServiceRecord{f270ed6 u0 com.amazon.dialservice/.DialService}
02-05 01:25:57.775  3611  4197 I AmazonHdmiService: Get all supported display modes
02-05 01:25:57.778  3611  5442 I AmazonHdmiService: Get Current HDCP Version
02-05 01:25:57.787  3611  5441 D ActivityManager: cleanUpApplicationRecord -- 5648
02-05 01:25:57.894  3611  5431 I ActivityManager: Killing 6922:com.amazon.ftv.glorialist/u0a90 (adj 903): empty #17
02-05 01:25:58.014  3611  5450 I AmazonHdmiService: Get Current HDCP Version
02-05 01:25:58.020  3611  5440 D ActivityManager: cleanUpApplicationRecord -- 6922
02-05 01:25:58.023  3611  5428 I AmazonHdmiService: Get all supported display modes
02-05 01:25:58.024  3611  3622 D AmazonHdmiService: Service: sendCecMessage 15
02-05 01:25:58.029  3611  5194 I AmazonHdmiService: Get Current HDCP Version
02-05 01:25:58.137  3611  5441 I ActivityManager: Start proc 7565:com.amazon.uxcontrollerservice/u0a50 for broadcast com.amazon.uxcontrollerservice/.BootReceiver
02-05 01:25:58.433  3611  3649 I ActivityManager: Start proc 7586:com.amznfuse.operatorredirection/u0a140 for broadcast com.amznfuse.operatorredirection/.capability.AppCapabilityRequestReceiver
02-05 01:25:58.499  3611  3624 W BroadcastQueue: Permission Denial: receiving Intent { act=android.bluetooth.device.action.NAME_CHANGED flg=0x4000010 (has extras) } to ProcessRecord{52d68f1 4330:com.amazon.venezia/u0a137} (pid=4330, uid=10137) requires android.permission.BLUETOOTH due to sender com.android.bluetooth (uid 1002)
02-05 01:25:58.505  3611  3624 W BroadcastQueue: Permission Denial: receiving Intent { act=android.bluetooth.device.action.CLASS_CHANGED flg=0x4000010 (has extras) } to ProcessRecord{52d68f1 4330:com.amazon.venezia/u0a137} (pid=4330, uid=10137) requires android.permission.BLUETOOTH due to sender com.android.bluetooth (uid 1002)
02-05 01:25:58.692  3611  4196 I ActivityManager: Start proc 7608:com.android.managedprovisioning/u0a36 for broadcast com.android.managedprovisioning/.BootReminder
02-05 01:25:58.698  3611  4196 I ActivityManager: Killing 7001:com.amazon.ftv.screensaver/u0a91 (adj 903): empty #17
02-05 01:25:58.805  3611  5425 D ActivityManager: cleanUpApplicationRecord -- 7001
02-05 01:25:58.864  3611  5452 I ActivityManager: Start proc 7624:com.android.onetimeinitializer/u0a40 for broadcast com.android.onetimeinitializer/.OneTimeInitializerReceiver
02-05 01:25:58.870  3611  5452 I ActivityManager: Killing 7034:com.amazon.kindle.devicecontrols/u0a100 (adj 903): empty #17
02-05 01:25:58.932  3611  5416 D ActivityManager: cleanUpApplicationRecord -- 7034
02-05 01:25:59.089  3611  5440 I ActivityManager: Start proc 7646:com.android.providers.calendar/u0a5 for broadcast com.android.providers.calendar/.CalendarReceiver
02-05 01:25:59.138  3611  4083 I ActivityManager: Killing 7056:com.amazon.net.smartconnect.SmartConnectService/u0a106 (adj 903): empty #17
02-05 01:25:59.216  3611  5430 D ActivityManager: cleanUpApplicationRecord -- 7056
02-05 01:25:59.293  3611  5444 I ActivityManager: Start proc 7664:com.android.providers.downloads/u0a29 for broadcast com.android.providers.downloads/.DownloadReceiver
02-05 01:25:59.296  3611  5444 I ActivityManager: Killing 7108:com.amazon.ods.kindleconnect/u0a107 (adj 903): empty #17
02-05 01:25:59.389  3611  4083 D ActivityManager: cleanUpApplicationRecord -- 7108
02-05 01:25:59.541  3611  5450 I ActivityManager: Start proc 7681:android.process.media/u0a37 for broadcast com.android.providers.media/.MediaScannerReceiver
02-05 01:25:59.871  3611  3649 I ActivityManager: Killing 4627:com.amazon.naatyam/u0a105 (adj 903): empty #17
02-05 01:25:59.915  3611  3621 I ActivityManager: Killing 6770:com.amazon.device.software.ota/u0a21 (adj 903): empty #17
02-05 01:26:00.018  3611  4083 D ActivityManager: cleanUpApplicationRecord -- 6770
02-05 01:26:00.023  3611  3649 D ActivityManager: cleanUpApplicationRecord -- 4627
02-05 01:26:00.182  3611  3622 I ActivityManager: Start proc 7706:com.tubitv.ott/u0a174 for broadcast com.tubitv.ott/com.tubitv.receivers.RecommendationsReceiver
02-05 01:26:00.386  3611  4197 I ActivityManager: Killing 7136:com.amazon.securitysyncclient/u0a109 (adj 903): empty #17
02-05 01:26:00.471  3611  5446 D ActivityManager: cleanUpApplicationRecord -- 7136
02-05 01:26:00.580  7706  7725 E ActivityThread: Failed to find provider info for com.google.android.gms.phenotype
02-05 01:26:00.777  3611  4076 W ActivityManager: Unable to start service Intent { act=com.google.android.gms.ads.identifier.service.START pkg=com.google.android.gms } U=0: not found
02-05 01:26:00.801  7706  7732 I FrameworkJumpTable: Successfully loaded all classes
02-05 01:26:00.848  7706  7732 I FrameworkJumpTable: Successfully loaded all methods
02-05 01:26:00.854  7706  7732 I FrameworkJumpTable: Successfully loaded all fields
02-05 01:26:00.854  7706  7732 I FrameworkJumpTable: Successfully loaded all constructors
02-05 01:26:00.915  7706  7746 E ActivityThread: Failed to find provider info for com.google.android.gsf.gservices
02-05 01:26:00.924  7706  7746 E ActivityThread: Failed to find provider info for com.google.android.gsf.gservices
02-05 01:26:00.928  7706  7746 E ActivityThread: Failed to find provider info for com.google.android.gsf.gservices
02-05 01:26:01.610  7706  7802 E ActivityThread: Failed to find provider info for com.facebook.katana.provider.AttributionIdProvider
02-05 01:26:02.298  7706  7737 E ActivityThread: Failed to find provider info for com.google.android.gms.phenotype
02-05 01:26:02.469  3611  5423 I ActivityManager: Start proc 7820:com.amazon.wifilocker/u0a12 for broadcast com.amazon.wifilocker/.receivers.WifiChangeReceiver
02-05 01:26:02.726  3611  5425 I ActivityManager: Killing 7307:com.amazon.tv.fw.metrics/u0a155 (adj 903): empty #17
02-05 01:26:03.059  3611  5424 E AmazonHdmiService: Settings client binder died.
02-05 01:26:03.068  3611  4212 D ActivityManager: cleanUpApplicationRecord -- 7307
02-05 01:26:04.302  3611  3624 I ActivityManager: Start proc 7877:com.amazon.device.messaging/u0a18 for broadcast com.amazon.device.messaging/.OdotService$ScheduleFlushReceiver
02-05 01:26:04.975  3762  3762 W ContextImpl: Calling a method in the system process without a qualified user: android.app.ContextImpl.bindService:1450 android.content.ContextWrapper.bindService:636 com.amazon.client.metrics.MetricsServiceConnection.getService:72 com.amazon.client.metrics.MetricsServiceWrapper.getBoundService:46 com.amazon.client.metrics.MetricsServiceWrapper.<init>:37 
02-05 01:26:05.195  3611  5440 I AmazonPowerManagerVendorCallback: Wakelock released UID:1041 PID:0 Tag:AudioMix
02-05 01:26:05.209  3611  3624 I ActivityManager: Start proc 7914:com.amazon.tv.ottssocompanionapp/u0a132 for broadcast com.amazon.tv.ottssocompanionapp/.arcus.ArcusNetworkChangeListener
02-05 01:26:05.525  3611  5194 I ActivityManager: Killing 7286:com.amazon.tv.alexanotifications/u0a119 (adj 903): empty #17
02-05 01:26:05.597  3611  4213 E AmazonHdmiService: Settings client binder died.
02-05 01:26:05.598  3611  5416 D ActivityManager: cleanUpApplicationRecord -- 7286
02-05 01:26:05.772  3611  5448 I ActivityManager: Start proc 7949:com.amazon.kindle.cms/u0a99 for broadcast com.amazon.kindle.cms/.MaintenanceService$PackageRecencyListener
02-05 01:26:06.070  3611  3624 I ActivityManager: Waited long enough for: ServiceRecord{2916b63 u0 com.amazon.storm.lightning.services/.LightningWPServer}
02-05 01:26:06.481  3611  4076 I ActivityManager: Start proc 7975:com.amazon.bueller.photos/u0a70 for broadcast com.amazon.bueller.photos/com.amazon.gallery.thor.thisday.SystemTimeChangedReceiver
02-05 01:26:06.499  3611  4076 I ActivityManager: Killing 7438:com.amazon.tv.oobe/u0a131 (adj 903): empty #17
02-05 01:26:06.628  3611  3624 I ActivityManager: Waited long enough for: ServiceRecord{3298ffd u0 com.amazon.tv.alexaalerts/amazon.alexa.alerts.service.VolumeChangeService}
02-05 01:26:06.632  3611  5451 D ActivityManager: cleanUpApplicationRecord -- 7438
02-05 01:26:07.543  7975  7975 I FrameworkJumpTable: Successfully loaded all classes
02-05 01:26:07.565  7975  7975 I FrameworkJumpTable: Successfully loaded all methods
02-05 01:26:07.569  7975  7975 I FrameworkJumpTable: Successfully loaded all fields
02-05 01:26:07.569  7975  7975 I FrameworkJumpTable: Successfully loaded all constructors
02-05 01:26:07.963  3611  3622 I ActivityManager: Start proc 8043:com.amazon.device.bluetoothdfu/u0a79 for broadcast com.amazon.device.bluetoothdfu/com.amazon.identity.auth.device.storage.LambortishClock$ChangeTimestampsBroadcastReceiver
02-05 01:26:08.037  3611  5430 D AmazonHdmiService: getRawEdid
02-05 01:26:08.058  3611  4212 D AmazonHdmiService: getRawEdid
02-05 01:26:08.520  3611  3621 I ActivityManager: Start proc 8064:com.amazon.device.software.ota/u0a21 for broadcast com.amazon.device.software.ota.override/.OTAOverrideTimeChangeReceiver
02-05 01:26:08.525  3611  3621 I ActivityManager: Killing 7375:com.amazon.tv.nimh/u0a129 (adj 903): empty #17
02-05 01:26:08.655  3611  4197 D ActivityManager: cleanUpApplicationRecord -- 7375
02-05 01:26:08.982  3611  4197 I ActivityManager: Killing 7470:com.amazon.tv.parentalcontrols/u0a133 (adj 903): empty #17
02-05 01:26:09.562  3611  5452 I ActivityManager: Start proc 8107:com.amazon.aca/u0a59 for broadcast com.amazon.aca/.avt.PackageRecencyReceiver
02-05 01:26:09.605  3611  4196 D ActivityManager: cleanUpApplicationRecord -- 7470
02-05 01:26:10.804  3611  5444 I ActivityManager: Start proc 8148:com.amazon.tv.csapp/u0a121 for broadcast com.amazon.tv.csapp/com.amazon.diode.events.ExternalEventReceiver
02-05 01:26:10.808  3611  5444 I ActivityManager: Killing 7503:com.amazon.tv.settings.core/1000 (adj 903): empty #17
02-05 01:26:10.942  3611  5443 D ActivityManager: cleanUpApplicationRecord -- 7503
02-05 01:26:11.005  8107  8107 I FrameworkJumpTable: Successfully loaded all classes
02-05 01:26:11.027  8107  8107 I FrameworkJumpTable: Successfully loaded all methods
02-05 01:26:11.029  8107  8107 I FrameworkJumpTable: Successfully loaded all fields
02-05 01:26:11.030  8107  8107 I FrameworkJumpTable: Successfully loaded all constructors
02-05 01:26:12.015  8148  8148 I FrameworkJumpTable: Successfully loaded all classes
02-05 01:26:12.041  8148  8148 I FrameworkJumpTable: Successfully loaded all methods
02-05 01:26:12.045  8148  8148 I FrameworkJumpTable: Successfully loaded all fields
02-05 01:26:12.045  8148  8148 I FrameworkJumpTable: Successfully loaded all constructors
02-05 01:26:12.254  5522  7844 I FrameworkJumpTable: Successfully loaded all classes
02-05 01:26:12.285  5522  7844 I FrameworkJumpTable: Successfully loaded all methods
02-05 01:26:12.288  5522  7844 I FrameworkJumpTable: Successfully loaded all fields
02-05 01:26:12.288  5522  7844 I FrameworkJumpTable: Successfully loaded all constructors
02-05 01:26:12.539  3611  4213 I ActivityManager: Start proc 8227:com.amazon.tv.routing/u0a135 for broadcast com.amazon.tv.routing/.receivers.RoutingInfoExpiredReceiver
02-05 01:26:12.544  3611  4213 I ActivityManager: Killing 6498:com.amazon.tv.notificationcenter/u0a130 (adj 903): empty #17
02-05 01:26:12.602  3611  4196 I ActivityManager: Killing 7522:com.amazon.tv.settings.v2/u0a136 (adj 903): empty #17
02-05 01:26:12.641  3611  4212 D ActivityManager: cleanUpApplicationRecord -- 6498
02-05 01:26:12.747  3611  5444 E AmazonHdmiService: Settings client binder died.
02-05 01:26:12.749  3611  5450 D ActivityManager: cleanUpApplicationRecord -- 7522
02-05 01:26:13.209  3611  5430 I ActivityManager: Start proc 8274:com.amazon.tv.alexanotifications/u0a119 for broadcast com.amazon.tv.alexanotifications/.cloudadapter.SimBroadcastReceiver
02-05 01:26:13.282  3611  3624 I ActivityManager: Waited long enough for: ServiceRecord{ba8629 u0 com.amazon.uxcontrollerservice/.UXControllerService}
02-05 01:26:14.201  3611  4083 I ActivityManager: Start proc 8310:com.amazon.identity.auth.device.authorization/u0a96 for service com.amazon.identity.auth.device.authorization/.AmazonCredentialManagerService
02-05 01:26:14.901  3611  3622 I AmazonPowerManagerVendorCallback: Wakelock acquired UID:1041 PID:0 Tag:AudioMix
02-05 01:26:14.902  3611  3622 I AmazonPowerManagerVendorCallback: Wakelock acquired UID:1041 PID:0 Tag:AudioMix
02-05 01:26:14.903  3611  3622 I AmazonPowerManagerVendorCallback: Wakelock acquired UID:1041 PID:0 Tag:AudioMix
02-05 01:26:14.917  3611  3622 I AmazonPowerManagerVendorCallback: Wakelock acquired UID:1041 PID:0 Tag:AudioDup
02-05 01:26:14.920  3611  3622 I AmazonPowerManagerVendorCallback: Wakelock acquired UID:1041 PID:0 Tag:AudioIn
02-05 01:26:14.923  3611  3622 I AmazonPowerManagerVendorCallback: Wakelock released UID:1041 PID:0 Tag:AudioIn
02-05 01:26:15.146  3611  4212 I ActivityManager: Killing 7586:com.amznfuse.operatorredirection/u0a140 (adj 903): empty #17
02-05 01:26:15.412  3611  5425 D ActivityManager: cleanUpApplicationRecord -- 7586
02-05 01:26:15.551  8043  8351 I FrameworkJumpTable: Successfully loaded all classes
02-05 01:26:15.608  8043  8351 I FrameworkJumpTable: Successfully loaded all methods
02-05 01:26:15.613  8043  8351 I FrameworkJumpTable: Successfully loaded all fields
02-05 01:26:15.613  8043  8351 I FrameworkJumpTable: Successfully loaded all constructors
02-05 01:26:16.055  3611  4212 I BroadcastQueue: Delay finish: com.amazon.venezia/com.amazon.mas.client.cmsservice.publisher.CmsPublisherBroadcastReceiver
02-05 01:26:16.188  3611  4213 I BroadcastQueue: Resuming delayed broadcast
02-05 01:26:16.265  3611  4076 I BroadcastQueue: Delay finish: com.amazon.venezia/com.amazon.mas.client.licensing.LicensingBroadcastReceiver
02-05 01:26:16.346  3611  4083 I BroadcastQueue: Resuming delayed broadcast
02-05 01:26:17.022  3611  4076 I BroadcastQueue: Delay finish: com.amazon.venezia/.device.DeviceNotificationReceiver
02-05 01:26:17.030  3611  5441 I BroadcastQueue: Resuming delayed broadcast
02-05 01:26:17.295  3611  5446 I BroadcastQueue: Delay finish: com.amazon.venezia/.device.DeviceNotificationReceiver
02-05 01:26:17.343  8274  8292 I AmazonHdmiServiceManager: AmazonHdmiServiceManager created
02-05 01:26:17.802  3611  5450 I BroadcastQueue: Resuming delayed broadcast
02-05 01:26:17.961  3611  3621 I AmazonPowerManagerVendorCallback: Wakelock released UID:1041 PID:0 Tag:AudioMix
02-05 01:26:17.961  3611  3621 I AmazonPowerManagerVendorCallback: Wakelock released UID:1041 PID:0 Tag:AudioMix
02-05 01:26:17.962  3611  3621 I AmazonPowerManagerVendorCallback: Wakelock released UID:1041 PID:0 Tag:AudioDup
02-05 01:26:17.967  3611  3621 I AmazonPowerManagerVendorCallback: Wakelock released UID:1041 PID:0 Tag:AudioMix
02-05 01:26:18.220  3611  3621 I BroadcastQueue: Delay finish: com.amazon.venezia/com.amazon.mas.client.licensing.LicensingBroadcastReceiver
02-05 01:26:18.530  3611  5448 I BroadcastQueue: Resuming delayed broadcast
02-05 01:26:18.714  3611  4197 I BroadcastQueue: Delay finish: com.amazon.venezia/.device.DeviceNotificationReceiver
02-05 01:26:18.731  3611  5423 I BroadcastQueue: Resuming delayed broadcast
02-05 01:26:18.804  3611  5431 I BroadcastQueue: Delay finish: com.amazon.venezia/com.amazon.mas.client.licensing.LicensingBroadcastReceiver
02-05 01:26:18.811  3611  5452 I BroadcastQueue: Resuming delayed broadcast
02-05 01:26:19.086  3611  5448 I BroadcastQueue: Delay finish: com.amazon.venezia/com.amazon.mas.client.licensing.LicensingBroadcastReceiver
02-05 01:26:19.091  3611  3649 I BroadcastQueue: Resuming delayed broadcast
02-05 01:26:19.156  3611  5451 I BroadcastQueue: Delay finish: com.amazon.venezia/.device.DeviceNotificationReceiver
02-05 01:26:19.194  3611  5430 I BroadcastQueue: Resuming delayed broadcast
02-05 01:26:19.508  3611  5440 I ActivityManager: Killing 7608:com.android.managedprovisioning/u0a36 (adj 903): empty #17
02-05 01:26:19.546  3611  4213 I BroadcastQueue: Delay finish: com.amazon.venezia/.device.DeviceNotificationReceiver
02-05 01:26:19.585  3611  5430 I BroadcastQueue: Resuming delayed broadcast
02-05 01:26:19.612  3611  5442 D ActivityManager: cleanUpApplicationRecord -- 7608
02-05 01:26:19.702  3611  4196 I BroadcastQueue: Delay finish: com.amazon.venezia/.device.DeviceNotificationReceiver
02-05 01:26:19.709  3611  3649 I BroadcastQueue: Resuming delayed broadcast
02-05 01:26:19.785  3611  5423 I BroadcastQueue: Delay finish: com.amazon.venezia/com.amazon.mas.client.licensing.LicensingBroadcastReceiver
02-05 01:26:19.791  3611  5441 I BroadcastQueue: Resuming delayed broadcast
02-05 01:26:19.880  3611  5442 I BroadcastQueue: Delay finish: com.amazon.venezia/.device.DeviceNotificationReceiver
02-05 01:26:19.898  3611  4197 I BroadcastQueue: Resuming delayed broadcast
02-05 01:26:19.958  3611  4076 I BroadcastQueue: Delay finish: com.amazon.venezia/com.amazon.mas.client.licensing.LicensingBroadcastReceiver
02-05 01:26:19.959  3611  4083 I BroadcastQueue: Resuming delayed broadcast
02-05 01:26:20.071  3611  5444 I BroadcastQueue: Delay finish: com.amazon.venezia/com.amazon.mas.client.appupdateservice.UpdateServiceBroadcastReceiver
02-05 01:26:20.128  3611  5451 I BroadcastQueue: Resuming delayed broadcast
02-05 01:26:20.132  3611  5424 D AmazonHdmiService: getRawEdid
02-05 01:26:20.134  3611  5430 I AmazonHdmiService: Get Current HDCP Version
02-05 01:26:20.137  3611  5446 D AmazonHdmiService: getRawEdid
02-05 01:26:20.152  3611  4212 D AmazonHdmiService: getRawEdid
02-05 01:26:20.165  3611  4196 D AmazonHdmiService: getRawEdid
02-05 01:26:20.170  3611  4083 D AmazonHdmiService: getRawEdid
02-05 01:26:20.178  3611  5442 D AmazonHdmiService: getRawEdid
02-05 01:26:20.199  3611  5428 D AmazonHdmiService: getRawEdid
02-05 01:26:20.329  3611  5446 I ActivityManager: Start proc 8436:com.amazon.tv.settings.v2/u0a136 for broadcast com.amazon.tv.settings.v2/.alexa.SettingsDirectiveReceiver
02-05 01:26:20.626  3611  5425 I ActivityManager: Killing 7624:com.android.onetimeinitializer/u0a40 (adj 903): empty #17
02-05 01:26:20.761  3611  5428 D ActivityManager: cleanUpApplicationRecord -- 7624
02-05 01:26:21.005  8436  8436 I AmazonHdmiServiceManager: AmazonHdmiServiceManager created
02-05 01:26:21.005  3611  3621 I AmazonHdmiService: Get all supported display modes
02-05 01:26:21.017  3611  5450 I AmazonHdmiService: Get Current HDCP Version
02-05 01:26:21.157  3611  5448 I AmazonHdmiService: Get all supported display modes
02-05 01:26:21.159  3611  5450 D AmazonHdmiService: getRawEdid
02-05 01:26:21.160  3611  5440 I AmazonHdmiService: Get Current HDCP Version
02-05 01:26:21.550  3611  5451 I BroadcastQueue: Delay finish: com.amazon.bueller.photos/com.amazon.gallery.thor.app.MediaScannerBroadcastReceiver
02-05 01:26:21.726  3611  5194 I BroadcastQueue: Resuming delayed broadcast
02-05 01:26:21.883  3611  5428 I BroadcastQueue: Delay finish: com.amazon.venezia/com.amazon.mas.client.cmsservice.publisher.CmsPublisherBroadcastReceiver
02-05 01:26:21.892  3611  4212 I BroadcastQueue: Resuming delayed broadcast
02-05 01:26:21.928  3611  5431 I BroadcastQueue: Delay finish: com.tubitv.ott/com.evernote.android.job.v14.PlatformAlarmReceiver
02-05 01:26:22.874  3611  4083 I BroadcastQueue: Resuming delayed broadcast
02-05 01:26:23.715  3611  5443 I ActivityManager: Start proc 8518:com.amazon.tv.notificationcenter/u0a130 for content provider com.amazon.tv.notificationcenter/.count.NotificationCountProvider
02-05 01:26:24.134  3611  4197 D AmazonHdmiService: getRawEdid
02-05 01:26:24.148  3611  4196 D AmazonHdmiService: Service queryDisplayStatus
02-05 01:26:24.273  3611  5441 I ActivityManager: Start proc 8535:com.amazon.ags.app/u0a60 for service com.amazon.ags.app/com.amazon.gamecircle.sync.SyncIntentService
--------- beginning of main
02-05 01:26:24.736  3611  5452 V MouseModeService: setMouseModeFlag
02-05 01:26:24.737  3611  4197 V MouseModeService: setMouseModeFlag
02-05 01:26:24.739  3611  5416 V MouseModeService: setMouseModeFlag
02-05 01:26:24.741  3611  5428 V MouseModeService: setMouseModeFlag
02-05 01:26:24.742  3611  5424 V MouseModeService: setMouseModeFlag
02-05 01:26:24.744  3611  5431 V MouseModeService: setMouseModeFlag
02-05 01:26:24.745  3611  4076 V MouseModeService: setMouseModeFlag
02-05 01:26:24.750  3611  4083 V MouseModeService: setMouseModeFlag
02-05 01:26:24.751  3611  5444 V MouseModeService: setMouseModeFlag
02-05 01:26:24.752  3611  5424 V MouseModeService: setMouseModeFlag
02-05 01:26:24.755  8535  8535 I art     : Starting a blocking GC AddRemoveAppImageSpace
02-05 01:26:24.757  3611  3621 V MouseModeService: setMouseModeFlag
02-05 01:26:24.758  3611  5452 V MouseModeService: setMouseModeFlag
02-05 01:26:24.759  3611  4083 V MouseModeService: setMouseModeFlag
02-05 01:26:24.766  8535  8535 W System  : ClassLoader referenced unknown path: /system/priv-app/com.amazon.ags.app/lib/arm
02-05 01:26:24.769  3611  5428 V MouseModeService: setMouseModeFlag
02-05 01:26:24.770  3611  5441 V MouseModeService: setMouseModeFlag
02-05 01:26:24.773  3611  4213 V MouseModeService: setMouseModeFlag
02-05 01:26:24.774  3611  5430 V MouseModeService: setMouseModeFlag
02-05 01:26:24.775  3611  4076 V MouseModeService: setMouseModeFlag
02-05 01:26:24.775  8535  8535 W System  : ClassLoader referenced unknown path: /system/priv-app/DeviceMessagingAndroidSDK/lib/arm
02-05 01:26:24.780  3611  5423 V MouseModeService: setMouseModeFlag
02-05 01:26:24.781  3611  5448 V MouseModeService: setMouseModeFlag
02-05 01:26:24.782  3611  3621 V MouseModeService: setMouseModeFlag
02-05 01:26:24.784  3611  5442 V MouseModeService: setMouseModeFlag
02-05 01:26:24.786  3611  4083 V MouseModeService: setMouseModeFlag
02-05 01:26:24.787  3611  3649 V MouseModeService: setMouseModeFlag
02-05 01:26:24.788  3611  5441 V MouseModeService: setMouseModeFlag
02-05 01:26:24.792  8535  8535 W System  : ClassLoader referenced unknown path: /system/priv-app/MetricsApi/lib/arm
02-05 01:26:24.793  3611  5194 V MouseModeService: setMouseModeFlag
02-05 01:26:24.794  3611  5430 V MouseModeService: setMouseModeFlag
02-05 01:26:24.795  3611  5451 V MouseModeService: setMouseModeFlag
02-05 01:26:24.797  3611  4197 V MouseModeService: setMouseModeFlag
02-05 01:26:24.799  3611  5416 V MouseModeService: setMouseModeFlag
02-05 01:26:24.801  3611  5452 V MouseModeService: setMouseModeFlag
02-05 01:26:24.802  3611  5441 V MouseModeService: setMouseModeFlag
02-05 01:26:24.807  3611  5194 V MouseModeService: setMouseModeFlag
02-05 01:26:24.808  3611  5430 V MouseModeService: setMouseModeFlag
02-05 01:26:24.809  3611  5446 V MouseModeService: setMouseModeFlag
02-05 01:26:24.810  3611  5444 V MouseModeService: setMouseModeFlag
02-05 01:26:24.812  3611  5425 V MouseModeService: setMouseModeFlag
02-05 01:26:24.813  3611  4083 V MouseModeService: setMouseModeFlag
02-05 01:26:24.814  3611  3622 V MouseModeService: setMouseModeFlag
02-05 01:26:24.816  3611  4197 V MouseModeService: setMouseModeFlag
02-05 01:26:24.817  3611  5452 V MouseModeService: setMouseModeFlag
02-05 01:26:24.818  3611  5428 V MouseModeService: setMouseModeFlag
02-05 01:26:24.819  3611  4076 V MouseModeService: setMouseModeFlag
02-05 01:26:24.820  3611  5442 V MouseModeService: setMouseModeFlag
02-05 01:26:24.821  3611  4083 V MouseModeService: setMouseModeFlag
02-05 01:26:24.823  3611  4197 V MouseModeService: setMouseModeFlag
02-05 01:26:24.825  3611  5452 V MouseModeService: setMouseModeFlag
02-05 01:26:24.828  3611  5416 V MouseModeService: setMouseModeFlag
02-05 01:26:24.829  3611  5441 V MouseModeService: setMouseModeFlag
02-05 01:26:24.830  3611  5431 V MouseModeService: setMouseModeFlag
02-05 01:26:24.832  3611  3621 V MouseModeService: setMouseModeFlag
02-05 01:26:24.833  3611  5446 V MouseModeService: setMouseModeFlag
02-05 01:26:24.834  3611  5444 V MouseModeService: setMouseModeFlag
02-05 01:26:24.835  3611  4083 V MouseModeService: setMouseModeFlag
02-05 01:26:24.836  3611  3649 V MouseModeService: setMouseModeFlag
02-05 01:26:24.840  3611  5423 V MouseModeService: setMouseModeFlag
02-05 01:26:24.841  3611  4197 V MouseModeService: setMouseModeFlag
02-05 01:26:24.842  3611  5440 V MouseModeService: setMouseModeFlag
02-05 01:26:24.844  3611  5443 V MouseModeService: setMouseModeFlag
02-05 01:26:24.845  3611  5441 V MouseModeService: setMouseModeFlag
02-05 01:26:24.847  3611  4213 V MouseModeService: setMouseModeFlag
02-05 01:26:24.849  3611  5446 V MouseModeService: setMouseModeFlag
02-05 01:26:24.850  3611  5451 V MouseModeService: setMouseModeFlag
02-05 01:26:24.852  3611  5425 V MouseModeService: setMouseModeFlag
02-05 01:26:24.854  3611  3649 V MouseModeService: setMouseModeFlag
02-05 01:26:24.855  3611  4197 V MouseModeService: setMouseModeFlag
02-05 01:26:24.856  3611  4196 V MouseModeService: setMouseModeFlag
02-05 01:26:24.857  3611  5416 V MouseModeService: setMouseModeFlag
02-05 01:26:24.858  3611  5441 V MouseModeService: setMouseModeFlag
02-05 01:26:24.864  3611  5451 V MouseModeService: setMouseModeFlag
02-05 01:26:24.865  3611  5425 V MouseModeService: setMouseModeFlag
02-05 01:26:24.868  3611  4197 V MouseModeService: setMouseModeFlag
02-05 01:26:24.869  3611  5452 V MouseModeService: setMouseModeFlag
02-05 01:26:24.870  3611  5424 V MouseModeService: setMouseModeFlag
02-05 01:26:24.870  3611  5428 V MouseModeService: setMouseModeFlag
02-05 01:26:24.871  3611  5441 V MouseModeService: setMouseModeFlag
02-05 01:26:24.872  3611  5442 V MouseModeService: setMouseModeFlag
02-05 01:26:24.875  3611  5448 V MouseModeService: setMouseModeFlag
02-05 01:26:24.876  3611  4083 V MouseModeService: setMouseModeFlag
02-05 01:26:24.877  3611  5450 V MouseModeService: setMouseModeFlag
02-05 01:26:24.881  3611  5441 V MouseModeService: setMouseModeFlag
02-05 01:26:24.884  3611  5430 V MouseModeService: setMouseModeFlag
02-05 01:26:24.885  3611  5444 V MouseModeService: setMouseModeFlag
02-05 01:26:24.887  3611  3622 V MouseModeService: setMouseModeFlag
02-05 01:26:24.889  3611  5452 V MouseModeService: setMouseModeFlag
02-05 01:26:24.890  3611  5431 V MouseModeService: setMouseModeFlag
02-05 01:26:24.891  3611  5428 V MouseModeService: setMouseModeFlag
02-05 01:26:24.895  3611  4213 V MouseModeService: setMouseModeFlag
02-05 01:26:24.895  3611  5430 V MouseModeService: setMouseModeFlag
02-05 01:26:24.896  3611  5448 V MouseModeService: setMouseModeFlag
02-05 01:26:24.897  3611  5451 V MouseModeService: setMouseModeFlag
02-05 01:26:24.898  3611  4083 V MouseModeService: setMouseModeFlag
02-05 01:26:24.899  3611  3622 V MouseModeService: setMouseModeFlag
02-05 01:26:24.900  3611  5423 V MouseModeService: setMouseModeFlag
02-05 01:26:24.902  3611  5440 V MouseModeService: setMouseModeFlag
02-05 01:26:24.903  3611  5443 V MouseModeService: setMouseModeFlag
02-05 01:26:24.904  8535  8535 V MetricsServiceConnection: getService : Sent explicit intent to bind to metrics service. Service will be bound asynchronously.
02-05 01:26:24.907  3611  3621 V MouseModeService: setMouseModeFlag
02-05 01:26:24.908  3611  5441 V MouseModeService: setMouseModeFlag
02-05 01:26:24.909  3611  5446 V MouseModeService: setMouseModeFlag
02-05 01:26:24.912  3611  5425 V MouseModeService: setMouseModeFlag
02-05 01:26:24.915  3611  4196 V MouseModeService: setMouseModeFlag
02-05 01:26:24.917  3611  5452 V MouseModeService: setMouseModeFlag
02-05 01:26:24.919  3611  5416 V MouseModeService: setMouseModeFlag
02-05 01:26:24.920  3611  4212 V MouseModeService: setMouseModeFlag
02-05 01:26:24.921  3611  4213 V MouseModeService: setMouseModeFlag
02-05 01:26:24.923  3611  5194 V MouseModeService: setMouseModeFlag
02-05 01:26:24.924  3611  3622 V MouseModeService: setMouseModeFlag
02-05 01:26:24.925  3611  4083 V MouseModeService: setMouseModeFlag
02-05 01:26:24.926  3611  5450 V MouseModeService: setMouseModeFlag
02-05 01:26:24.928  3611  5451 V MouseModeService: setMouseModeFlag
02-05 01:26:24.929  3611  4196 V MouseModeService: setMouseModeFlag
02-05 01:26:24.931  3611  5443 V MouseModeService: setMouseModeFlag
02-05 01:26:24.933  3611  3649 V MouseModeService: setMouseModeFlag
02-05 01:26:24.952  4330  5578 I chatty  : uid=10137(com.amazon.venezia) Thread-6 expire 1 line
02-05 01:26:24.958  4162  4184 I art     : Background sticky concurrent mark sweep GC freed 23035(1604KB) AllocSpace objects, 10(680KB) LOS objects, 37% free, 4MB/6MB, paused 577us total 343.970ms
02-05 01:26:24.970  3611  5446 V MouseModeService: setMouseModeFlag
02-05 01:26:24.987  4155  4919 I WakeWordService: DecoderID=WakeWordService_input_decoder: recognition_id=WakeWordService_input_decoder-0: Audio backlog size 512 msec exceeds warning threshold of 500 msec.
02-05 01:26:24.987  4155  4919 I WakeWordService_JNI: Change 4727 prio to -10, backlog 512ms
02-05 01:26:25.087  4272  4396 I ...ls.DeviceTypeHelpers: com.amazon.client.metrics is trying to get device type
02-05 01:26:25.087  4272  4396 I ...onInformationQueryer: Populate change for remote MAP info.
02-05 01:26:25.087  4272  4396 I ...onInformationQueryer: CacheContainsPartialResults? true
02-05 01:26:25.129  4155  4727 V WakeWordService: DecoderID=WakeWordService_input_decoder: recognition_id=WakeWordService_input_decoder-0: scorer: Score upsampling skip count set to fallback: 5
02-05 01:26:25.150  4318  8516 I chatty  : uid=10126(com.amazon.tv.launcher) pool-19-thread- expire 4 lines
02-05 01:26:25.165  4155  4919 I WakeWordService: DecoderID=WakeWordService_input_decoder: recognition_id=WakeWordService_input_decoder-0: Audio backlog size 0 msec no longer exceeds initial warning threshold of 500 msec.
02-05 01:26:25.165  4155  4919 I WakeWordService_JNI: Change 4727 prio to 10, backlog 0ms
02-05 01:26:25.192  3611  4083 I ActivityManager: Killing 7681:android.process.media/u0a37 (adj 903): empty #17
02-05 01:26:25.221  8535  8535 I ...h.device.api.MAPInit: Initializing MAP (130050002 / MAPAndroidLib-1.1.215794.0) for app com.amazon.ags.app. MAP release version: 20191023N
02-05 01:26:25.232  8535  8535 W ...gs.app/MetricsHelper: ThirdParty DCP metrics not supported
02-05 01:26:25.241  8535  8535 W ...gs.app/MetricsHelper: Metrics component is not integrated. Please integrate with latest metrics component no later than March 2019.
02-05 01:26:25.241  8535  8535 I ...gs.app/MetricsHelper: FireOS DCP metrics is supported
02-05 01:26:25.241  8535  8535 I ...gs.app/MetricsHelper: Using the FireOSPlatformDCPMetricsCollector
02-05 01:26:25.244  8535  8535 D AndroidMetricsFactoryImpl: shouldRecordMetrics : First time check recordMetricsSetting
02-05 01:26:25.244  8535  8535 D MetricsServiceWrapper: getRecordMetricsSetting : metrics service is not yet registed with the ServiceManager, use default record Metrics setting: true.
02-05 01:26:25.245  8535  8535 D AndroidMetricsFactoryImpl: shouldRecordMetrics : lastRecordSettingReadTime after IPC call getRecordMetricsSetting : 1580883985244
02-05 01:26:25.260  8535  8535 W MetricsServiceWrapper: record : MetricsService not yet bound. Buffering MetricRecord. Program=com.amazon.ags.app Source=MAPInit:initialize
02-05 01:26:25.261  8535  8535 I ...mDCPMetricsCollector: Successfully create FireOSPlatformDCPMetricsCollector.
02-05 01:26:25.266  8535  8535 I ...gs.app/MetricsHelper: FireOS Periodic metrics is supported
02-05 01:26:25.270  8535  8535 I ...odicMetricsCollector: Successfully create FireOSPeriodicMetricsCollector.
02-05 01:26:25.271  8535  8535 I ...h.device.api.MAPInit: Running MAPInit on main thread: true
02-05 01:26:25.294  4614  4614 I AmazonVideo: Using job ADM service handler.
02-05 01:26:25.339  4155  4727 V WakeWordService: DecoderID=WakeWordService_input_decoder: recognition_id=WakeWordService_input_decoder-0: scorer: Score upsampling skip count set to default: 2
02-05 01:26:25.379  8535  8570 I ...ures.FeatureSetCache: Caching feature IsolateApplication as false
02-05 01:26:25.407  8535  8570 I ...entralTrustLogicImpl: Current package is: com.amazon.ags.app. Directly trust central package: com.amazon.imp, since it is system MAP library
02-05 01:26:25.409  8535  8570 I ...tils.CentralApkUtils: Retrieved central APK info from package manager using content provider content://com.amazon.map.generic_ipc. The package name is : com.amazon.imp and version is: 130327110.
02-05 01:26:25.434  4318  4318 I chatty  : uid=10126(com.amazon.tv.launcher) expire 521 lines
02-05 01:26:25.557  4225  8561 I whad    : Device:testVisibilitySuccessful:uniqueId=XX000G
02-05 01:26:25.557  4225  8561 I whad    : Device:setDeviceReachability:uniqueId=XX000G,not enough data to determine reachability
02-05 01:26:25.563  4225  8562 I whad    : Device:testVisibilitySuccessful:uniqueId=XX00G6
02-05 01:26:25.563  4225  8562 I whad    : Device:setDeviceReachability:uniqueId=XX00G6,not enough data to determine reachability
02-05 01:26:25.573  8535  8585 I ...taStorageFactoryImpl: Creating new DataStorageFactoryImpl
02-05 01:26:25.573  8535  8585 I ...amework.MAPInitTasks: Get DataStorage instance for initialization
02-05 01:26:25.573  8535  8585 I ...taStorageFactoryImpl: Initializing new DataStorage
02-05 01:26:25.575  8535  8585 I ...DeviceAttributeCache: Setting device attribute CentralAPK to true
02-05 01:26:25.575  8535  8585 I ...taStorageFactoryImpl: Creating and using new NonCanonicalDataStorage
02-05 01:26:25.586  8535  8585 I ...rustedPackageManager: Trying to use default signature based package trust logic. This should be on 3P device
02-05 01:26:25.586  8535  8585 I ...rustedPackageManager: Setting package trust logic as: signature based package trust logic
02-05 01:26:25.612  8535  8585 I ...amework.MAPInitTasks: Initialize DataStorage instance
02-05 01:26:25.612  8535  8585 I ...amework.MAPInitTasks: Setup DataStorage instance
02-05 01:26:25.624  8535  8566 I SyncAdapter: onPerformSync: syncType=LIBRARY
02-05 01:26:25.626  8535  8535 V MetricsServiceConnection: onServiceConnected : service android.os.BinderProxy@f6d8e69
02-05 01:26:25.696  4614  8592 E ADM     : ADM Error INVALID_SENDER - Unable to parse API Key for package 'com.amazon.avod'. Did you forget to embed it?
02-05 01:26:25.716  4614  8592 I AmazonVideo: Push registration error: RegistrationError{exception:java.lang.Exception: ErrorID: INVALID_SENDER}
02-05 01:26:25.716  4614  8592 I AmazonVideo.profiler: Metric[name=PNRegistrationFailure_ADM, type=[Counter], val=1]
02-05 01:26:25.815  4162  4186 E ...ity.framework.a.a[0]: pid 4330 could not be found
02-05 01:26:25.817  4162  4186 I ...ty.kcpsdk.auth.bg[0]: Try to set useLegacyAuthentication to be true when algorithm is: null
